[Sweep] scenario=BatchConfigs/Scenarios/_mfsweep_control.json tag=rel_nofail agv=9 10 12 14 16 18 20 22 24 28 rules=SPT_SRWT SPT_SMPT LRT_MMUR LPT_MMUR repeats=1 workers=8 extra='-releasepreviouszone'
[Sweep] done agv9_SPT_SRWT
[Sweep] done agv10_SPT_SRWT
[Sweep] done agv10_LPT_MMUR
[Sweep] done agv10_LRT_MMUR
[Sweep] done agv9_LRT_MMUR
[Sweep] done agv9_LPT_MMUR
[Sweep] done agv9_SPT_SMPT
[Sweep] done agv10_SPT_SMPT
[Sweep] done agv12_SPT_SRWT
[Sweep] done agv14_SPT_SRWT
[Sweep] done agv12_LRT_MMUR
[Sweep] done agv12_LPT_MMUR
[Sweep] done agv12_SPT_SMPT
[Sweep] done agv14_SPT_SMPT
[Sweep] done agv14_LRT_MMUR
[Sweep] done agv14_LPT_MMUR
[Sweep] done agv16_SPT_SRWT
[Sweep] done agv16_LRT_MMUR
[Sweep] done agv16_LPT_MMUR
[Sweep] done agv16_SPT_SMPT
[Sweep] done agv18_SPT_SRWT
[Sweep] done agv18_LRT_MMUR
[Sweep] done agv18_LPT_MMUR
[Sweep] done agv20_SPT_SRWT
[Sweep] done agv20_LRT_MMUR
[Sweep] done agv18_SPT_SMPT
[Sweep] done agv22_SPT_SRWT
[Sweep] done agv20_SPT_SMPT
[Sweep] done agv20_LPT_MMUR
[Sweep] done agv22_LRT_MMUR
[Sweep] done agv22_LPT_MMUR
[Sweep] done agv24_SPT_SRWT
[Sweep] done agv22_SPT_SMPT
[Sweep] done agv24_LRT_MMUR
[Sweep] done agv28_SPT_SRWT
[Sweep] done agv24_LPT_MMUR
[Sweep] done agv24_SPT_SMPT
[Sweep] done agv28_LRT_MMUR
[Sweep] done agv28_LPT_MMUR
[Sweep] done agv28_SPT_SMPT
[Sweep] all cells finished -> ./Results/gridlock_sweep/rel_nofail
