code 2ca1c54481e2 at bb3cc651 (dirty)
[1/80     33s] single_s1: best fixed SRT-TECT 0.000 oracle 0.000 (0.0%) (32.8s)
[2/80     58s] single_s0: best fixed SRT-TECT 21.447 oracle 21.446 (0.0%) (57.7s)
[3/80     64s] single_s5: best fixed MDD-TECT 43.032 oracle 43.032 (0.0%) (63.6s)
[4/80     64s] single_s2: best fixed SRT-SRWT 36.312 oracle 32.744 (9.8%) (64.3s)
[5/80     76s] single_s6: best fixed MDD-TECT 1.581 oracle 1.579 (0.1%) (17.8s)
[6/80     83s] single_s3: best fixed MDD-TECT 31.245 oracle 30.404 (2.7%) (82.4s)
[7/80    116s] single_s4: best fixed EDD-ECT 16.821 oracle 15.984 (5.0%) (115.9s)
[8/80    123s] single_s8: best fixed ATC-ECT 6.111 oracle 6.100 (0.2%) (40.3s)
[9/80    171s] single_s9: best fixed MDD-TECT 7.986 oracle 7.273 (8.9%) (48.5s)
[10/80    197s] single_s7: best fixed MDD-ECT 126.129 oracle 125.208 (0.7%) (133.1s)
[11/80    262s] single_s10: best fixed ATC-ECT 6.261 oracle 5.274 (15.8%) (64.2s)
[12/80    792s] blocks_s6: best fixed ATC-ECT 49.142 oracle 43.491 (11.5%) (759.2s)
[13/80    849s] single_s11: best fixed MDD-TECT 32.672 oracle 32.672 (0.0%) (56.7s)
[14/80    890s] blocks_s0: best fixed ATC-ECT 167.628 oracle 152.319 (9.1%) (890.4s)
[15/80    897s] blocks_s4: best fixed SRT-ECT 301.965 oracle 279.756 (7.4%) (897.0s)
[16/80    922s] blocks_s8: best fixed ATC-TECT 160.405 oracle 145.155 (9.5%) (846.2s)
[17/80    942s] blocks_s9: best fixed MDD-TECT 367.579 oracle 363.786 (1.0%) (825.8s)
[18/80    991s] single_s12: best fixed MDD-ECT 76.951 oracle 76.689 (0.3%) (100.1s)
[19/80    998s] blocks_s10: best fixed ATC-TECT 99.754 oracle 87.750 (12.0%) (826.2s)
[20/80   1044s] single_s13: best fixed MDD-TECT 8.780 oracle 8.780 (0.0%) (122.3s)
[21/80   1053s] blocks_s3: best fixed SRT-TECT 693.640 oracle 692.063 (0.2%) (1053.3s)
[22/80   1086s] single_s14: best fixed MDD-TECT 87.033 oracle 87.008 (0.0%) (95.3s)
[23/80   1095s] single_s15: best fixed SRT-SRWT 43.351 oracle 41.384 (4.5%) (51.1s)
[24/80   1100s] blocks_s2: best fixed ATC-TECT 256.657 oracle 226.199 (11.9%) (1099.7s)
[25/80   1112s] blocks_s5: best fixed ATC-ECT 464.706 oracle 434.516 (6.5%) (1111.6s)
[26/80   1151s] single_s16: best fixed SRT-ECT 17.167 oracle 17.059 (0.6%) (65.4s)
[27/80   1164s] single_s17: best fixed MDD-ECT 27.593 oracle 26.410 (4.3%) (64.2s)
[28/80   1221s] single_s18: best fixed MDD-ECT 49.806 oracle 49.660 (0.3%) (70.1s)
[29/80   1248s] blocks_s1: best fixed MDD-ECT 178.473 oracle 169.555 (5.0%) (1247.9s)
[30/80   1258s] single_s19: best fixed MDD-ECT 5.851 oracle 5.736 (2.0%) (36.8s)
[31/80   1276s] single_s20: best fixed SRT-ECT 0.009 oracle 0.000 (100.0%) (18.0s)
[32/80   1282s] blocks_s7: best fixed SRT-ECT 696.241 oracle 686.615 (1.4%) (1218.3s)
[33/80   1366s] single_s21: best fixed SRT-ECT 83.014 oracle 81.268 (2.1%) (84.0s)
[34/80   1372s] blocks_s11: best fixed MDD-ECT 175.966 oracle 169.516 (3.7%) (1110.4s)
[35/80   1439s] single_s22: best fixed MDD-ECT 42.070 oracle 41.967 (0.2%) (66.6s)
[36/80   1762s] blocks_s12: best fixed ATC-TECT 73.982 oracle 69.517 (6.0%) (913.2s)
[37/80   1852s] single_s23: best fixed MDD-ECT 169.512 oracle 169.060 (0.3%) (89.4s)
[38/80   1869s] blocks_s15: best fixed SRT-TECT 156.021 oracle 150.204 (3.7%) (871.1s)
[39/80   1919s] single_s24: best fixed ATC-ECT 15.926 oracle 15.838 (0.6%) (50.3s)
[40/80   1929s] blocks_s14: best fixed MDD-ECT 539.029 oracle 520.783 (3.4%) (986.8s)
[41/80   2000s] single_s25: best fixed MDD-ECT 27.877 oracle 26.757 (4.0%) (71.2s)
[42/80   2048s] blocks_s18: best fixed MDD-TECT 505.374 oracle 478.066 (5.4%) (936.2s)
[43/80   2090s] blocks_s13: best fixed MDD-TECT 452.213 oracle 439.828 (2.7%) (1192.6s)
[44/80   2099s] single_s26: best fixed MDD-TECT 18.552 oracle 18.100 (2.4%) (50.9s)
[45/80   2126s] blocks_s17: best fixed MDD-ECT 362.831 oracle 354.939 (2.2%) (1030.4s)
[46/80   2165s] single_s27: best fixed ATC-TECT 20.179 oracle 18.025 (10.7%) (66.5s)
[47/80   2214s] single_s28: best fixed ATC-TECT 12.545 oracle 11.460 (8.7%) (48.4s)
[48/80   2217s] blocks_s19: best fixed ATC-TECT 227.587 oracle 217.113 (4.6%) (1052.9s)
[49/80   2234s] blocks_s20: best fixed MDD-TECT 454.645 oracle 431.946 (5.0%) (986.4s)
[50/80   2279s] blocks_s16: best fixed MDD-ECT 561.896 oracle 535.886 (4.6%) (1225.5s)
[51/80   2319s] single_s29: best fixed SRT-ECT 75.390 oracle 74.310 (1.4%) (101.7s)
[52/80   2329s] single_s30: best fixed SPT-ECT 0.376 oracle 0.106 (71.9%) (50.0s)
[53/80   2367s] single_s31: best fixed MDD-TECT 2.234 oracle 2.118 (5.2%) (38.1s)
[54/80   2385s] blocks_s21: best fixed ATC-ECT 448.402 oracle 417.941 (6.8%) (1108.5s)
[55/80   2519s] single_s32: best fixed ATC-ECT 44.468 oracle 44.434 (0.1%) (134.1s)
[56/80   2522s] blocks_s22: best fixed MDD-ECT 438.254 oracle 431.697 (1.5%) (1155.7s)
[57/80   2553s] blocks_s23: best fixed SRT-TECT 204.321 oracle 169.061 (17.3%) (1113.7s)
[58/80   2628s] single_s33: best fixed SRT-ECT 203.584 oracle 199.816 (1.9%) (105.8s)
[59/80   2667s] blocks_s24: best fixed ATC-ECT 176.985 oracle 153.976 (13.0%) (815.7s)
[60/80   2676s] single_s34: best fixed MDD-TECT 5.520 oracle 5.046 (8.6%) (47.8s)
[61/80   2713s] single_s35: best fixed ATC-ECT 10.587 oracle 10.504 (0.8%) (37.2s)
[62/80   2858s] blocks_s26: best fixed ATC-TECT 123.358 oracle 120.607 (2.2%) (857.8s)
[63/80   2886s] blocks_s25: best fixed MDD-TECT 168.870 oracle 159.598 (5.5%) (966.8s)
[64/80   2905s] single_s36: best fixed ATC-ECT 13.025 oracle 13.025 (0.0%) (47.3s)
[65/80   2961s] single_s37: best fixed ATC-ECT 1.056 oracle 0.980 (7.2%) (56.1s)
[66/80   2998s] blocks_s27: best fixed SPT-TECT 218.394 oracle 178.588 (18.2%) (907.6s)
[67/80   3054s] single_s38: best fixed MDD-TECT 4.459 oracle 4.452 (0.2%) (56.5s)
[68/80   3067s] blocks_s28: best fixed MDD-ECT 238.679 oracle 210.993 (11.6%) (940.9s)
[69/80   3107s] single_s39: best fixed MDD-ECT 2.845 oracle 2.812 (1.2%) (40.6s)
[70/80   3139s] blocks_s30: best fixed MDD-ECT 404.066 oracle 385.490 (4.6%) (904.1s)
[71/80   3193s] blocks_s29: best fixed ATC-ECT 199.392 oracle 178.003 (10.7%) (979.3s)
[72/80   3329s] blocks_s31: best fixed ATC-TECT 241.836 oracle 217.792 (9.9%) (1010.0s)
[73/80   3329s] blocks_s34: best fixed MDD-ECT 332.064 oracle 324.777 (2.2%) (776.9s)
[74/80   3335s] blocks_s35: best fixed MDD-ECT 189.029 oracle 172.599 (8.7%) (667.2s)
[75/80   3362s] blocks_s32: best fixed ATC-ECT 134.329 oracle 120.266 (10.5%) (995.0s)
[76/80   3412s] blocks_s33: best fixed ATC-ECT 161.603 oracle 151.435 (6.3%) (892.8s)
[77/80   3513s] blocks_s36: best fixed ATC-TECT 141.731 oracle 103.926 (26.7%) (800.4s)
[78/80   3757s] blocks_s39: best fixed SRT-ECT 380.588 oracle 355.971 (6.5%) (702.2s)
[79/80   3818s] blocks_s37: best fixed MDD-TECT 341.136 oracle 325.686 (4.5%) (932.2s)
[80/80   3915s] blocks_s38: best fixed SRT-ECT 623.208 oracle 600.388 (3.7%) (954.2s)
