[10-01 23:49] starting, 16 workers, segment 900s
[10-02 01:23] ok   s2 seed 2: best fixed SPT-ECT -41.264, oracle -41.264 (+0.00%), schedule ['SPT-ECT', 'SPT-ECT', 'SPT-ECT', 'SPT-ECT', 'SPT-ECT', 'SPT-ECT']
[10-02 01:25] ok   s6 seed 6: best fixed SRT-TECT -56.641, oracle -55.658 (-1.73%), schedule ['SRT-TECT', 'SPT-TECT', 'SPT-TECT', 'SPT-ECT', 'SPT-ECT', 'SPT-ECT']
[10-02 01:42] ok   s4 seed 4: best fixed SRT-ECT -72.395, oracle -72.366 (-0.04%), schedule ['SRT-ECT', 'SRT-TECT', 'SPT-TECT', 'SPT-TECT', 'SPT-TECT', 'SPT-TECT']
[10-02 01:42] ok   s15 seed 15: best fixed SRT-TECT -82.837, oracle -82.819 (-0.02%), schedule ['SRT-TECT', 'SRT-TECT', 'FIFO-TECT', 'FIFO-TECT', 'SRT-ECT', 'SPT-TECT']
[10-02 01:47] ok   s1 seed 1: best fixed PTWINQ-TECT -49.047, oracle -49.047 (-0.00%), schedule ['PTWINQ-TECT', 'PTWINQ-TECT', 'PTWINQ-TECT', 'SRT-TECT', 'SRT-TECT', 'SRT-TECT']
[10-02 01:57] ok   s0 seed 0: best fixed SRT-TECT -137.023, oracle -136.825 (-0.14%), schedule ['SRT-TECT', 'SRT-ECT', 'SRT-ECT', 'SRT-ECT', 'SRT-ECT', 'SRT-ECT']
[10-02 01:57] ok   s10 seed 10: best fixed SRT-ECT -112.500, oracle -111.102 (-1.24%), schedule ['SRT-ECT', 'SRT-ECT', 'SRT-TECT', 'SRT-ECT', 'SRT-ECT', 'SRT-ECT']
[10-02 02:00] ok   s5 seed 5: best fixed SRT-TECT -125.908, oracle -124.369 (-1.22%), schedule ['SRT-TECT', 'PTWINQ-ECT', 'SRT-TECT', 'SRT-SRWT', 'SRT-SRWT', 'SRT-ECT']
[10-02 02:00] ok   s9 seed 9: best fixed SRT-TECT -136.558, oracle -136.365 (-0.14%), schedule ['SRT-TECT', 'SRT-ECT', 'SRT-ECT', 'SRT-ECT', 'SRT-SRWT', 'SRT-ECT']
[10-02 02:02] ok   s13 seed 13: best fixed SRT-ECT -108.788, oracle -106.899 (-1.74%), schedule ['SRT-ECT', 'SRT-ECT', 'SRT-ECT', 'PTWINQ-TECT', 'SRT-ECT', 'FIFO-ECT']
[10-02 02:03] ok   s11 seed 11: best fixed SRT-TECT -131.531, oracle -131.319 (-0.16%), schedule ['SRT-TECT', 'SRT-TECT', 'SRT-TECT', 'SRT-TECT', 'SRT-ECT', 'SPT-ECT']
[10-02 02:06] ok   s14 seed 14: best fixed SRT-ECT -107.737, oracle -107.547 (-0.18%), schedule ['SRT-ECT', 'SRT-ECT', 'SRT-TECT', 'SRT-TECT', 'SRT-TECT', 'PTWINQ-TECT']
[10-02 02:07] ok   s7 seed 7: best fixed SRT-ECT -136.240, oracle -132.592 (-2.68%), schedule ['SRT-ECT', 'SRT-TECT', 'SRT-ECT', 'PTWINQ-ECT', 'PTWINQ-ECT', 'SRT-SRWT']
[10-02 02:08] ok   s12 seed 12: best fixed SRT-TECT -163.477, oracle -163.398 (-0.05%), schedule ['SRT-TECT', 'SRT-ECT', 'SRT-ECT', 'SRT-ECT', 'SRT-SRWT', 'SRT-ECT']
[10-02 02:09] ok   s3 seed 3: best fixed SRT-TECT -151.657, oracle -151.647 (-0.01%), schedule ['SRT-TECT', 'SRT-TECT', 'SRT-TECT', 'SRT-TECT', 'SRT-TECT', 'SRT-SRWT']
[10-02 02:11] ok   s8 seed 8: best fixed SRT-TECT -184.693, oracle -184.296 (-0.21%), schedule ['SRT-TECT', 'SRT-TECT', 'SRT-ECT', 'SRT-ECT', 'SRT-ECT', 'SRT-ECT']
[10-02 02:39] ok   s17 seed 17: best fixed SRT-ECT -160.345, oracle -160.345 (+0.00%), schedule ['SRT-ECT', 'SRT-ECT', 'SRT-ECT', 'SRT-ECT', 'SRT-ECT', 'SRT-ECT']
[10-02 02:41] ok   s16 seed 16: best fixed SRT-ECT -153.216, oracle -151.949 (-0.83%), schedule ['SRT-ECT', 'SRT-TECT', 'SRT-TECT', 'PTWINQ-ECT', 'SRT-ECT', 'SPT-SRWT']
[10-02 02:43] ok   s19 seed 19: best fixed SRT-ECT -117.181, oracle -117.181 (+0.00%), schedule ['SRT-ECT', 'SRT-ECT', 'SRT-ECT', 'SRT-ECT', 'SRT-ECT', 'SRT-ECT']
[10-02 02:48] ok   s18 seed 18: best fixed SRT-ECT -174.961, oracle -174.183 (-0.44%), schedule ['SRT-ECT', 'SRT-TECT', 'SRT-TECT', 'SRT-TECT', 'SRT-TECT', 'SRT-ECT']
[10-02 02:48] all seeds finished
