[bench] twin-cpu-e32 on spr-a-02.rc.rit.edu: twin, 32 envs, device cpu, 36 CPUs, 40960 steps
No devices were found
============================================================
DRL Scheduling Network — PPO Training
============================================================

Reward: tardiness (rewards/functions/tardiness.py:TardinessReward)

Parameter counts:
  encoder_factory_cnn               168,352
  encoder_machine_set                38,400
  encoder_job_set                    38,720
  encoder_global_mlp                  3,488
  encoder_event_embed                   848
  fusion_head                       420,096
  actor                              68,360
  critic                             66,561
  total                             804,825

Scenario generator: randomized (episode_duration_seconds=5400.0) (random_warmup, rule=default) (params {"failure_probability": 0.0, "due_date_allowance_range": [1.75, 2.5], "load_mix": [{"name": "base"}, {"name": "utilhi", "utilization": [1.0, 1.8], "lull_utilization": [0.4, 0.7]}]})
Observation row caps: 15 machines, 256 jobs
Twin envs: 32 over 28 worker processes
Discount: gamma_s = 0.999667 per simulated second (horizon 3,000 s)

Backend: twin (kinematic, /home/me3870/capstone/results/twin-compute/des_floor7.json)
Run directory: /home/me3870/capstone/results/twin-compute/twin-cpu-e32
Training for 40,960 timesteps
  10 updates × 128 steps × 32 envs
  Device: cpu

Update    1/10 | Step    4,096 | SPS    124 | Ep     1 | EpRet +0.000 | Makespan  12451 | R_avg -0.0608 | Ret -0.989 | PG -0.0006 | VL 0.2582 | EV -0.00 | Ent 0.871 | T 33.11s
Update    5/10 | Step   20,480 | SPS    119 | Ep    35 | EpRet -61.507 | Makespan   9299 | R_avg -0.1058 | Ret -7.933 | PG -0.0025 | VL 0.0283 | EV +0.94 | Ent 0.893 | T 33.82s
Update   10/10 | Step   40,960 | SPS    121 | Ep    80 | EpRet -59.221 | Makespan   9507 | R_avg -0.1176 | Ret -11.977 | PG -0.0004 | VL 0.0197 | EV +0.98 | Ent 0.766 | T 29.62s
Timing: env 28s, inference 45s, update 262s, startup 2s; 122.4 steps/s in the loop

Checkpoint saved to /home/me3870/capstone/results/twin-compute/twin-cpu-e32/checkpoint.pt
Total training time: 338.2s
Average SPS: 121
