[bench] twin-cpu-e16 on spr-a-02.rc.rit.edu: twin, 16 envs, device cpu, 36 CPUs, 20480 steps
No devices were found
============================================================
DRL Scheduling Network — PPO Training
============================================================

Reward: tardiness (rewards/functions/tardiness.py:TardinessReward)

Parameter counts:
  encoder_factory_cnn               168,352
  encoder_machine_set                38,400
  encoder_job_set                    38,720
  encoder_global_mlp                  3,488
  encoder_event_embed                   848
  fusion_head                       420,096
  actor                              68,360
  critic                             66,561
  total                             804,825

Scenario generator: randomized (episode_duration_seconds=5400.0) (random_warmup, rule=default) (params {"failure_probability": 0.0, "due_date_allowance_range": [1.75, 2.5], "load_mix": [{"name": "base"}, {"name": "utilhi", "utilization": [1.0, 1.8], "lull_utilization": [0.4, 0.7]}]})
Observation row caps: 15 machines, 256 jobs
Twin envs: 16 over 16 worker processes
Discount: gamma_s = 0.999667 per simulated second (horizon 3,000 s)

Backend: twin (kinematic, /home/me3870/capstone/results/twin-compute/des_floor7.json)
Run directory: /home/me3870/capstone/results/twin-compute/twin-cpu-e16
Training for 20,480 timesteps
  10 updates × 128 steps × 16 envs
  Device: cpu

Update    1/10 | Step    2,048 | SPS    178 | Ep     1 | EpRet +0.000 | Makespan  12451 | R_avg -0.0814 | Ret -1.309 | PG 0.0050 | VL 0.3313 | EV -0.01 | Ent 0.922 | T 11.53s
Update    5/10 | Step   10,240 | SPS    151 | Ep    17 | EpRet -51.661 | Makespan   9579 | R_avg -0.0700 | Ret -5.449 | PG -0.0051 | VL 0.0273 | EV +0.95 | Ent 0.926 | T 12.57s
Update   10/10 | Step   20,480 | SPS    147 | Ep    38 | EpRet -41.493 | Makespan   8758 | R_avg -0.1140 | Ret -13.680 | PG -0.0015 | VL 0.0154 | EV +0.98 | Ent 0.842 | T 10.66s
Timing: env 16s, inference 46s, update 74s, startup 2s; 149.6 steps/s in the loop

Checkpoint saved to /home/me3870/capstone/results/twin-compute/twin-cpu-e16/checkpoint.pt
Total training time: 139.6s
Average SPS: 147
