[10-02 16:19] starting, 6 workers
[10-02 16:22] ok   chk1500 s1
[10-02 16:23] ok   chk1500 s0
[10-02 16:23] ok   reg s2
[10-02 16:24] ok   reg s1
[10-02 16:25] ok   reg s0
[10-02 16:26] ok   reg s3
[10-02 16:27] ok   reg s6
[10-02 16:27] ok   reg s4
[10-02 16:29] ok   reg s5
[10-02 16:30] ok   reg s7
[10-02 16:32] ok   reg s8
[10-02 16:32] ok   reg s9
[10-02 16:33] ok   reg s10
[10-02 16:34] ok   reg s11
[10-02 16:35] ok   reg s12
[10-02 16:37] ok   reg s13
[10-02 16:37] ok   reg s15
[10-02 16:38] ok   reg s14
[10-02 16:39] ok   l8400 s0
[10-02 16:39] ok   reg s17
[10-02 16:39] ok   reg s16
[10-02 16:40] ok   l8400 s1
[10-02 16:40] ok   l8400 s2
[10-02 16:41] ok   l8400 s4
[10-02 16:42] ok   l8400 s3
[10-02 16:42] ok   l8400 s5
[10-02 16:42] ok   reg s18
[10-02 16:42] ok   l8400 s6
[10-02 16:42] ok   reg s19
[10-02 16:44] ok   l8400 s7
[10-02 16:44] ok   l8400 s10
[10-02 16:44] ok   l8400 s9
[10-02 16:44] ok   l8400 s8
[10-02 16:44] ok   l8400 s11
[10-02 16:44] ok   l8400 s12
[10-02 16:46] ok   l8400 s13
[10-02 16:46] ok   l8400 s15
[10-02 16:46] ok   l8400 s17
[10-02 16:46] ok   l8400 s14
[10-02 16:46] ok   l8400 s16
[10-02 16:47] ok   l8400 s18
[10-02 16:48] ok   l8400 s19
[10-02 16:48] ok   l3000 s2
[10-02 16:48] ok   l3000 s0
[10-02 16:48] ok   l3000 s1
[10-02 16:49] ok   l3000 s3
[10-02 16:49] ok   l3000 s4
[10-02 16:49] ok   l3000 s6
[10-02 16:50] ok   l3000 s5
[10-02 16:50] ok   l3000 s7
[10-02 16:50] ok   l3000 s8
[10-02 16:50] ok   l3000 s9
[10-02 16:51] ok   l3000 s10
[10-02 16:51] ok   l3000 s11
[10-02 16:52] ok   l3000 s12
[10-02 16:52] ok   l3000 s13
[10-02 16:52] ok   l3000 s15
[10-02 16:52] ok   l3000 s14
[10-02 16:52] ok   l3000 s16
[10-02 16:53] ok   l3000 s17
[10-02 16:54] ok   l3000 s19
[10-02 16:54] ok   l3000 s18
[10-02 16:54] ok   l1500 s1
[10-02 16:54] ok   l1500 s2
[10-02 16:54] ok   l1500 s0
[10-02 16:55] ok   l1500 s3
[10-02 16:55] ok   l1500 s4
[10-02 16:55] ok   l1500 s6
[10-02 16:55] ok   l1500 s5
[10-02 16:56] ok   l1500 s7
[10-02 16:56] ok   l1500 s8
[10-02 16:57] ok   l1500 s9
[10-02 16:57] ok   l1500 s10
[10-02 16:57] ok   l1500 s11
[10-02 16:57] ok   l1500 s12
[10-02 16:57] ok   l1500 s13
[10-02 16:58] ok   l1500 s14
[10-02 16:58] ok   l1500 s15
[10-02 16:58] ok   l1500 s16
[10-02 16:59] ok   l1500 s17
[10-02 16:59] ok   l1500 s19
[10-02 16:59] ok   l1500 s18
[10-02 16:59] all jobs finished
