rq2-oracle-due-l1500: 4 seeds finished
== Per seed (tardiness, 1000 job-s; best-on-average pair SRT-ECT) ==
      best_pair_value  per_seed_best per_seed_best_pair  oracle  total_%  switch_%  vs_SRT-TECT_%                                              schedule
seed                                                                                                                                                   
0              20.118         17.470            ATC-ECT  17.244   14.285     1.290         16.269      ATC-ECT|ATC-ECT|ATC-ECT|ATC-ECT|ATC-ECT|EDD-SRWT
1              58.988         58.864            MDD-ECT  57.216    3.004     2.800          5.489  MDD-ECT|MDD-TECT|MDD-TECT|MDD-TECT|MDD-TECT|MDD-TECT
2              29.521         29.521            SRT-ECT  29.430    0.308     0.308          0.308     SRT-ECT|SRT-ECT|SRT-ECT|SRT-ECT|SRT-SRWT|MDD-SRWT
3              95.277         94.436           MDD-TECT  94.429    0.890     0.008          1.653    MDD-TECT|MDD-TECT|MDD-TECT|MDD-ECT|MDD-ECT|MDD-ECT 

total_% vs SRT-ECT: mean 4.62, median 1.95, seeds > 2%: 2/4 (50%)
switch_% vs per-seed best: mean 1.10, median 0.80
oracle vs SRT-TECT: mean 5.93, median 3.57

== Fixed pairs: mean gap to the per-seed best (%), wins ==
          gap_%  wins
SRT-ECT    4.07   1.0
SRT-TECT   5.60   0.0
ATC-ECT    5.91   1.0
MDD-ECT    7.61   1.0
MDD-TECT   8.25   1.0
ATC-TECT  10.73   0.0
MDD-SRWT  16.25   0.0
EDD-ECT   17.80   0.0
EDD-TECT  18.18   0.0
SPT-ECT   18.22   0.0
SRT-SRWT  18.39   0.0
SPT-TECT  26.35   0.0
ATC-SRWT  29.56   0.0
EDD-SRWT  31.59   0.0
SPT-SRWT  40.04   0.0 

oracle job rules: MDD 54%, ATC 21%, SRT 21%, EDD 4%

oracle schedule's time in system vs the seed's best fixed pair on time in system: +0.07% (mean)
