code 85726c8c86d6 at bb3cc651
[1/80     45s] single-warm2h_s2: best fixed SRT-TECT 6.070 oracle 6.070 (0.0%) (44.4s)
[2/80     65s] single-warm2h_s6: best fixed ATC-ECT 11.452 oracle 9.187 (19.8%) (64.4s)
[3/80     77s] single-warm2h_s0: best fixed ATC-ECT 7.756 oracle 6.287 (18.9%) (77.0s)
[4/80     91s] single-warm3h_s6: best fixed ATC-TECT 28.050 oracle 26.677 (4.9%) (90.9s)
[5/80     93s] single-warm2h_s5: best fixed MDD-ECT 3.201 oracle 2.952 (7.8%) (92.4s)
[6/80     97s] single-warm3h_s0: best fixed MDD-ECT 22.037 oracle 21.302 (3.3%) (97.4s)
[7/80    103s] single-warm3h_s5: best fixed ATC-ECT 7.813 oracle 7.571 (3.1%) (102.4s)
[8/80    140s] single-warm3h_s2: best fixed MDD-TECT 102.863 oracle 101.598 (1.2%) (139.8s)
[9/80    159s] single-warm3h_s4: best fixed ATC-TECT 10.858 oracle 10.761 (0.9%) (158.6s)
[10/80    166s] single-warm2h_s1: best fixed MDD-ECT 2.526 oracle 2.526 (0.0%) (166.3s)
[11/80    172s] single-warm2h_s3: best fixed ATC-TECT 29.004 oracle 26.062 (10.1%) (171.8s)
[12/80    172s] single-warm3h_s3: best fixed ATC-TECT 29.004 oracle 26.062 (10.1%) (172.1s)
[13/80    173s] single-warm2h_s8: best fixed ATC-ECT 21.000 oracle 20.962 (0.2%) (128.0s)
[14/80    184s] single-warm2h_s9: best fixed ATC-TECT 67.776 oracle 65.282 (3.7%) (106.7s)
[15/80    187s] single-warm2h_s4: best fixed MDD-TECT 12.496 oracle 12.483 (0.1%) (186.5s)
[16/80    188s] single-warm2h_s7: best fixed MDD-ECT 67.486 oracle 67.466 (0.0%) (188.0s)
[17/80    191s] single-warm3h_s1: best fixed ATC-ECT 3.650 oracle 3.398 (6.9%) (190.8s)
[18/80    224s] single-warm3h_s8: best fixed ATC-TECT 13.381 oracle 13.219 (1.2%) (159.1s)
[19/80    225s] single-warm3h_s10: best fixed SRT-ECT 0.000 oracle 0.000 (0.0%) (127.9s)
[20/80    237s] single-warm3h_s7: best fixed EDD-ECT 63.512 oracle 62.432 (1.7%) (236.5s)
[21/80    238s] single-warm2h_s10: best fixed ATC-SRWT 1.123 oracle 1.062 (5.4%) (145.1s)
[22/80    259s] single-warm2h_s15: best fixed SPT-TECT 10.824 oracle 10.530 (2.7%) (72.5s)
[23/80    273s] single-warm2h_s12: best fixed EDD-ECT 9.981 oracle 9.751 (2.3%) (114.4s)
[24/80    284s] single-warm3h_s15: best fixed SRT-ECT 22.957 oracle 21.410 (6.7%) (96.3s)
[25/80    311s] single-warm3h_s9: best fixed SRT-ECT 1.252 oracle 1.234 (1.5%) (220.3s)
[26/80    318s] single-warm2h_s11: best fixed SPT-ECT 37.738 oracle 36.344 (3.7%) (215.6s)
[27/80    328s] single-warm3h_s12: best fixed MDD-TECT 16.710 oracle 15.468 (7.4%) (161.6s)
[28/80    332s] single-warm2h_s14: best fixed ATC-TECT 65.803 oracle 65.775 (0.0%) (159.3s)
[29/80    358s] single-warm2h_s16: best fixed SRT-ECT 104.625 oracle 104.576 (0.0%) (167.2s)
[30/80    367s] single-warm3h_s11: best fixed ATC-TECT 28.102 oracle 27.208 (3.2%) (227.2s)
[31/80    386s] single-warm3h_s17: best fixed ATC-SRWT 28.336 oracle 28.130 (0.7%) (149.3s)
[32/80    394s] single-warm3h_s14: best fixed MDD-ECT 38.312 oracle 37.299 (2.6%) (210.6s)
[33/80    398s] single-warm3h_s16: best fixed SRT-TECT 132.211 oracle 132.211 (0.0%) (174.5s)
[34/80    401s] single-warm2h_s20: best fixed MDD-ECT 111.011 oracle 110.996 (0.0%) (89.7s)
[35/80    404s] single-warm2h_s17: best fixed ATC-TECT 1.778 oracle 1.712 (3.7%) (178.3s)
[36/80    408s] single-warm2h_s18: best fixed MDD-ECT 51.149 oracle 50.246 (1.8%) (170.2s)
[37/80    413s] single-warm3h_s20: best fixed MDD-ECT 93.881 oracle 92.513 (1.5%) (95.1s)
[38/80    422s] single-warm2h_s13: best fixed MDD-ECT 65.239 oracle 65.195 (0.1%) (250.0s)
[39/80    428s] single-warm3h_s13: best fixed MDD-ECT 65.239 oracle 65.195 (0.1%) (255.3s)
[40/80    439s] single-warm2h_s19: best fixed MDD-TECT 31.517 oracle 31.070 (1.4%) (165.8s)
[41/80    451s] single-warm3h_s19: best fixed MDD-TECT 31.517 oracle 31.070 (1.4%) (166.5s)
[42/80    461s] single-warm3h_s18: best fixed SRT-ECT 51.947 oracle 51.861 (0.2%) (201.8s)
[43/80    466s] single-warm2h_s22: best fixed EDD-ECT 15.830 oracle 15.071 (4.8%) (107.7s)
[44/80    474s] single-warm3h_s22: best fixed EDD-ECT 15.830 oracle 15.071 (4.8%) (107.0s)
[45/80    490s] single-warm2h_s24: best fixed MDD-TECT 23.605 oracle 23.167 (1.9%) (91.6s)
[46/80    507s] single-warm2h_s26: best fixed SRT-ECT 60.817 oracle 60.182 (1.0%) (94.1s)
[47/80    509s] single-warm3h_s24: best fixed MDD-ECT 18.038 oracle 17.247 (4.4%) (108.2s)
[48/80    516s] single-warm3h_s21: best fixed MDD-ECT 105.002 oracle 103.031 (1.9%) (183.6s)
[49/80    524s] single-warm2h_s23: best fixed MDD-ECT 69.560 oracle 69.553 (0.0%) (137.8s)
[50/80    534s] single-warm2h_s27: best fixed MDD-ECT 52.244 oracle 52.244 (0.0%) (106.6s)
[51/80    545s] single-warm3h_s23: best fixed MDD-TECT 70.093 oracle 70.035 (0.1%) (150.8s)
[52/80    546s] single-warm3h_s25: best fixed ATC-TECT 22.146 oracle 19.746 (10.8%) (137.8s)
[53/80    551s] single-warm2h_s21: best fixed SRT-TECT 167.005 oracle 165.662 (0.8%) (222.7s)
[54/80    558s] single-warm3h_s26: best fixed MDD-ECT 84.976 oracle 82.819 (2.5%) (135.7s)
[55/80    582s] single-warm3h_s27: best fixed MDD-ECT 71.415 oracle 70.932 (0.7%) (143.2s)
[56/80    607s] single-warm2h_s30: best fixed ATC-SRWT 4.193 oracle 3.159 (24.7%) (116.8s)
[57/80    616s] single-warm2h_s28: best fixed SPT-ECT 9.977 oracle 9.273 (7.1%) (165.3s)
[58/80    621s] single-warm2h_s25: best fixed ATC-TECT 42.307 oracle 40.743 (3.7%) (217.3s)
[59/80    622s] single-warm2h_s29: best fixed ATC-TECT 31.094 oracle 29.955 (3.7%) (155.8s)
[60/80    626s] single-warm3h_s28: best fixed SPT-ECT 9.977 oracle 9.273 (7.1%) (165.1s)
[61/80    639s] single-warm3h_s30: best fixed MDD-ECT 5.071 oracle 4.547 (10.3%) (131.8s)
[62/80    647s] single-warm2h_s34: best fixed MDD-TECT 44.350 oracle 43.930 (0.9%) (96.7s)
[63/80    658s] single-warm2h_s35: best fixed SRT-TECT 60.269 oracle 59.925 (0.6%) (75.2s)
[64/80    660s] single-warm2h_s33: best fixed SRT-ECT 21.458 oracle 21.398 (0.3%) (114.4s)
[65/80    668s] single-warm3h_s29: best fixed ATC-ECT 11.035 oracle 10.253 (7.1%) (193.6s)
[66/80    668s] single-warm3h_s34: best fixed ATC-TECT 24.782 oracle 24.782 (0.0%) (110.5s)
[67/80    700s] single-warm3h_s31: best fixed MDD-TECT 74.900 oracle 72.761 (2.9%) (184.6s)
[68/80    706s] single-warm3h_s33: best fixed SRT-TECT 62.281 oracle 62.223 (0.1%) (160.7s)
[69/80    708s] single-warm3h_s35: best fixed MDD-TECT 25.799 oracle 25.581 (0.8%) (100.9s)
[70/80    712s] single-warm2h_s32: best fixed SPT-TECT 0.046 oracle 0.005 (89.5%) (188.7s)
[71/80    716s] single-warm2h_s37: best fixed MDD-TECT 30.422 oracle 29.403 (3.4%) (94.2s)
[72/80    723s] single-warm2h_s39: best fixed SPT-TECT 2.741 oracle 2.692 (1.8%) (65.3s)
[73/80    728s] single-warm3h_s37: best fixed ATC-ECT 33.653 oracle 33.145 (1.5%) (101.9s)
[74/80    752s] single-warm3h_s36: best fixed ATC-ECT 6.154 oracle 5.000 (18.8%) (131.2s)
[75/80    754s] single-warm3h_s32: best fixed MDD-TECT 0.050 oracle 0.044 (13.0%) (219.2s)
[76/80    756s] single-warm3h_s39: best fixed ATC-TECT 8.395 oracle 7.198 (14.3%) (95.8s)
[77/80    761s] single-warm2h_s36: best fixed MDD-TECT 4.329 oracle 4.048 (6.5%) (144.8s)
[78/80    768s] single-warm2h_s38: best fixed MDD-SRWT 95.102 oracle 94.446 (0.7%) (128.7s)
[79/80    776s] single-warm2h_s31: best fixed ATC-TECT 62.805 oracle 57.880 (7.8%) (266.5s)
[80/80    795s] single-warm3h_s38: best fixed MDD-ECT 58.149 oracle 58.099 (0.1%) (147.2s)
