rq2-oracle-due-agv4: 4 seeds finished
== Per seed (tardiness, 1000 job-s; best-on-average pair MDD-ECT) ==
      best_pair_value  per_seed_best per_seed_best_pair  oracle  total_%  switch_%  vs_SRT-TECT_%                                              schedule
seed                                                                                                                                                   
0              16.894         16.870           ATC-TECT  16.652    1.436     1.293          9.852    ATC-TECT|ATC-TECT|SRT-ECT|SRT-ECT|SRT-ECT|SRT-SRWT
1              46.525         45.566           ATC-TECT  42.925    7.736     5.796          8.890  ATC-TECT|SRT-TECT|SRT-ECT|MDD-TECT|MDD-TECT|EDD-SRWT
2              30.019         27.425            ATC-ECT  24.752   17.545     9.747         17.923      ATC-ECT|ATC-ECT|SRT-ECT|MDD-ECT|SRT-SRWT|SRT-ECT
3              86.882         86.812           SRT-TECT  85.337    1.778     1.699          1.699     SRT-TECT|MDD-ECT|MDD-ECT|MDD-ECT|MDD-ECT|MDD-SRWT 

total_% vs MDD-ECT: mean 7.12, median 4.76, seeds > 2%: 2/4 (50%)
switch_% vs per-seed best: mean 4.63, median 3.75
oracle vs SRT-TECT: mean 9.59, median 9.37

== Fixed pairs: mean gap to the per-seed best (%), wins ==
          gap_%  wins
MDD-ECT    2.95   0.0
ATC-TECT   3.09   2.0
MDD-TECT   3.49   0.0
SRT-ECT    5.23   0.0
SRT-TECT   5.71   1.0
ATC-ECT    6.68   1.0
SRT-SRWT  12.32   0.0
EDD-TECT  14.62   0.0
EDD-ECT   14.89   0.0
SPT-TECT  16.04   0.0
MDD-SRWT  16.32   0.0
SPT-ECT   16.46   0.0
ATC-SRWT  30.93   0.0
EDD-SRWT  31.55   0.0
SPT-SRWT  45.61   0.0 

oracle job rules: SRT 42%, MDD 33%, ATC 21%, EDD 4%

oracle schedule's time in system vs the seed's best fixed pair on time in system: -0.46% (mean)
