rq2-twin-scen: 720 tasks, 40-40 seeds per regime

                   seeds best_pair  total_med_%  total_mean_%  gt2_%  switch_med_%  saved_js   tard  zero_windows  late_%     tis
regime                                                                                                                           
c2.5-agv7-base        40   MDD-ECT        13.52         23.19  77.50          3.08   1036.94  14.03             0   29.09  134.07
c2.5-agv4-base        40  MDD-TECT        12.72         22.49  75.00          1.63   1181.55  13.98             0   29.81  134.16
c2-agv4-base          40   MDD-ECT        12.04         15.05  82.50          2.27   1869.71  25.52             0   48.26  133.21
c2.5-agv5-base        40   MDD-ECT        11.67         25.29  82.50          3.25   1354.20  14.31             0   29.16  134.15
c2.5-agv4-utilhi      40  MDD-TECT         9.02         18.22  76.32          2.66   1700.30  33.81             2   41.90  193.22
c2.5-agv5-utilhi      40  MDD-TECT         6.82         16.20  65.79          2.90   1694.08  33.94             2   42.07  193.53
c2-agv7-base          40  MDD-TECT         6.47          9.38  75.00          2.79   1319.77  25.43             0   47.20  133.09
c2-agv5-base          40  MDD-TECT         6.23         10.83  82.50          3.15   1863.37  25.97             0   48.61  133.85
c2-agv5-utilhi        40   MDD-ECT         6.17         14.37  72.50          1.98   2495.76  53.22             1   59.11  192.21
c2-agv4-utilhi        40  MDD-TECT         5.28         10.20  87.18          2.20   2457.05  52.87             1   59.72  192.04
c1.75-agv4-base       40  MDD-TECT         4.95          7.53  72.50          1.05   1701.16  33.55             0   60.54  132.51
c1.75-agv7-utilhi     40  SRT-TECT         4.63         10.82  60.00          1.27   1869.70  64.24             0   65.95  189.97
c2-agv7-utilhi        40  MDD-TECT         4.59         11.59  66.67          1.30   2132.88  52.74             1   59.23  191.66
c1.75-agv5-base       40  MDD-TECT         4.34          6.96  70.00          2.46   1513.96  33.75             0   61.33  132.77
c1.75-agv7-base       40  MDD-TECT         4.15          5.58  65.00          2.64   1241.83  33.22             0   59.91  132.04
c1.75-agv5-utilhi     40   SRT-ECT         3.87         12.12  70.00          1.25   2265.77  64.75             0   65.67  190.71
c1.75-agv4-utilhi     40  SRT-TECT         3.79         10.22  72.50          1.08   2123.77  64.19             0   66.45  190.32
c2.5-agv7-utilhi      40  MDD-TECT         3.39         18.14  60.53          1.48   1224.04  32.98             2   41.37  192.11

By lever (median over regimes of total_med_%):
  c: 1.75: 4.25, 2.0: 6.20, 2.5: 10.34
  agvs: 4: 7.15, 5: 6.20, 7: 4.61
  load: base: 6.47, utilhi: 4.63
