code 587816add471 at 380eefc0 (dirty)
[1/720     81s] c1.75-agv4-base_s0: best fixed MDD-ECT 22.682 oracle 22.682 (0.0%) (81.4s)
[2/720    112s] c1.75-agv4-utilhi_s0: best fixed SRT-ECT 117.335 oracle 113.037 (3.7%) (111.4s)
[3/720    112s] c1.75-agv5-base_s0: best fixed ATC-ECT 25.013 oracle 23.017 (8.0%) (81.9s)
[4/720    113s] c1.75-agv5-utilhi_s0: best fixed SRT-ECT 113.681 oracle 112.222 (1.3%) (113.1s)
[5/720    113s] c1.75-agv7-base_s0: best fixed SRT-TECT 23.901 oracle 23.896 (0.0%) (82.9s)
[6/720    113s] c1.75-agv7-utilhi_s0: best fixed SRT-ECT 113.827 oracle 113.789 (0.0%) (107.2s)
[7/720    113s] c2-agv4-base_s0: best fixed ATC-ECT 16.844 oracle 16.649 (1.2%) (76.9s)
[8/720    113s] c2-agv4-utilhi_s0: best fixed MDD-ECT 101.759 oracle 98.483 (3.2%) (111.7s)
[9/720    113s] c2-agv5-base_s0: best fixed ATC-ECT 17.210 oracle 16.127 (6.3%) (80.5s)
[10/720    113s] c2-agv5-utilhi_s0: best fixed SRT-ECT 101.344 oracle 99.371 (1.9%) (107.9s)
[11/720    113s] c2-agv7-base_s0: best fixed SRT-TECT 17.712 oracle 17.426 (1.6%) (82.6s)
[12/720    115s] c2-agv7-utilhi_s0: best fixed ATC-ECT 101.066 oracle 92.858 (8.1%) (114.3s)
[13/720    115s] c2.5-agv4-base_s0: best fixed MDD-TECT 10.322 oracle 10.322 (0.0%) (84.1s)
[14/720    115s] c2.5-agv4-utilhi_s0: best fixed MDD-ECT 76.138 oracle 74.084 (2.7%) (107.4s)
[15/720    115s] c2.5-agv5-base_s0: best fixed MDD-ECT 9.046 oracle 9.046 (0.0%) (82.5s)
[16/720    115s] c2.5-agv5-utilhi_s0: best fixed ATC-ECT 77.247 oracle 71.583 (7.3%) (108.5s)
[17/720    159s] c2.5-agv7-base_s0: best fixed MDD-TECT 8.466 oracle 8.447 (0.2%) (82.2s)
[18/720    209s] c2.5-agv7-utilhi_s0: best fixed MDD-ECT 75.800 oracle 75.748 (0.1%) (127.9s)
[19/720    231s] c1.75-agv4-base_s1: best fixed ATC-TECT 12.607 oracle 12.260 (2.8%) (149.2s)
[20/720    231s] c1.75-agv4-utilhi_s1: best fixed SRT-TECT 0.141 oracle 0.074 (47.4%) (50.0s)
[21/720    231s] c1.75-agv5-base_s1: best fixed MDD-TECT 10.546 oracle 10.180 (3.5%) (137.9s)
[22/720    231s] c1.75-agv5-utilhi_s1: best fixed MDD-ECT 0.128 oracle 0.076 (41.1%) (40.3s)
[23/720    231s] c1.75-agv7-base_s1: best fixed EDD-ECT 14.126 oracle 12.927 (8.5%) (144.7s)
[24/720    231s] c1.75-agv7-utilhi_s1: best fixed SRT-TECT 0.128 oracle 0.076 (40.5%) (44.0s)
[25/720    236s] c2-agv4-base_s1: best fixed ATC-TECT 5.953 oracle 5.498 (7.6%) (128.2s)
[26/720    236s] c2-agv4-utilhi_s1: best fixed SRT-TECT 0.000 oracle 0.000 (0.0%) (39.5s)
[27/720    244s] c2-agv5-base_s1: best fixed ATC-TECT 4.944 oracle 4.903 (0.8%) (135.9s)
[28/720    244s] c2-agv5-utilhi_s1: best fixed SRT-TECT 0.000 oracle 0.000 (0.0%) (46.2s)
[29/720    258s] c2-agv7-base_s1: best fixed ATC-TECT 6.631 oracle 6.631 (0.0%) (146.4s)
[30/720    258s] c2-agv7-utilhi_s1: best fixed SRT-TECT 0.000 oracle 0.000 (0.0%) (47.6s)
[31/720    258s] c2.5-agv4-base_s1: best fixed ATC-TECT 2.021 oracle 1.859 (8.0%) (136.8s)
[32/720    258s] c2.5-agv4-utilhi_s1: best fixed SRT-ECT 0.000 oracle 0.000 (0.0%) (43.8s)
[33/720    258s] c2.5-agv5-base_s1: best fixed ATC-TECT 1.581 oracle 1.567 (0.9%) (132.8s)
[34/720    258s] c2.5-agv5-utilhi_s1: best fixed SRT-ECT 0.000 oracle 0.000 (0.0%) (41.5s)
[35/720    266s] c2.5-agv7-base_s1: best fixed MDD-ECT 2.258 oracle 1.840 (18.5%) (133.9s)
[36/720    266s] c2.5-agv7-utilhi_s1: best fixed SRT-ECT 0.000 oracle 0.000 (0.0%) (45.4s)
[37/720    266s] c1.75-agv4-base_s2: best fixed MDD-SRWT 38.812 oracle 38.538 (0.7%) (92.8s)
[38/720    266s] c1.75-agv4-utilhi_s2: best fixed MDD-ECT 5.409 oracle 4.003 (26.0%) (43.6s)
[39/720    266s] c1.75-agv5-base_s2: best fixed MDD-SRWT 39.239 oracle 37.834 (3.6%) (92.8s)
[40/720    266s] c1.75-agv5-utilhi_s2: best fixed MDD-ECT 5.443 oracle 5.408 (0.6%) (39.6s)
[41/720    266s] c1.75-agv7-base_s2: best fixed MDD-SRWT 38.769 oracle 37.364 (3.6%) (92.4s)
[42/720    266s] c1.75-agv7-utilhi_s2: best fixed MDD-ECT 5.402 oracle 5.402 (0.0%) (38.4s)
[43/720    286s] c2-agv4-base_s2: best fixed ATC-ECT 26.310 oracle 26.043 (1.0%) (87.1s)
[44/720    286s] c2-agv4-utilhi_s2: best fixed MDD-ECT 2.441 oracle 1.749 (28.3%) (34.5s)
[45/720    292s] c2-agv5-base_s2: best fixed ATC-ECT 26.389 oracle 25.799 (2.2%) (83.6s)
[46/720    292s] c2-agv5-utilhi_s2: best fixed EDD-ECT 2.245 oracle 2.245 (0.0%) (41.2s)
[47/720    315s] c2-agv7-base_s2: best fixed ATC-ECT 26.361 oracle 25.788 (2.2%) (86.9s)
[48/720    315s] c2-agv7-utilhi_s2: best fixed MDD-ECT 2.255 oracle 2.254 (0.0%) (45.6s)
[49/720    317s] c2.5-agv4-base_s2: best fixed EDD-ECT 11.185 oracle 10.927 (2.3%) (85.6s)
[50/720    317s] c2.5-agv4-utilhi_s2: best fixed ATC-SRWT 0.316 oracle 0.026 (91.7%) (34.9s)
[51/720    325s] c2.5-agv5-base_s2: best fixed ATC-ECT 11.388 oracle 9.698 (14.8%) (88.3s)
[52/720    325s] c2.5-agv5-utilhi_s2: best fixed ATC-ECT 0.373 oracle 0.000 (100.0%) (42.5s)
[53/720    342s] c2.5-agv7-base_s2: best fixed ATC-ECT 11.492 oracle 9.680 (15.8%) (94.5s)
[54/720    342s] c2.5-agv7-utilhi_s2: best fixed ATC-ECT 0.348 oracle 0.000 (100.0%) (39.4s)
[55/720    359s] c1.75-agv4-base_s3: best fixed SRT-TECT 56.980 oracle 56.018 (1.7%) (106.8s)
[56/720    359s] c1.75-agv4-utilhi_s3: best fixed SRT-TECT 57.000 oracle 55.998 (1.8%) (100.8s)
[57/720    370s] c1.75-agv5-base_s3: best fixed SRT-ECT 59.471 oracle 58.365 (1.9%) (111.6s)
[58/720    370s] c1.75-agv5-utilhi_s3: best fixed SRT-ECT 59.435 oracle 58.541 (1.5%) (108.3s)
[59/720    373s] c1.75-agv7-base_s3: best fixed MDD-ECT 59.863 oracle 58.648 (2.0%) (110.4s)
[60/720    373s] c1.75-agv7-utilhi_s3: best fixed MDD-ECT 60.093 oracle 58.731 (2.3%) (94.9s)
[61/720    386s] c2-agv4-base_s3: best fixed SRT-TECT 43.764 oracle 43.148 (1.4%) (115.1s)
[62/720    386s] c2-agv4-utilhi_s3: best fixed SRT-TECT 43.750 oracle 42.770 (2.2%) (104.7s)
[63/720    393s] c2-agv5-base_s3: best fixed SRT-ECT 46.214 oracle 42.751 (7.5%) (106.9s)
[64/720    395s] c2-agv5-utilhi_s3: best fixed SRT-ECT 46.209 oracle 42.850 (7.3%) (108.4s)
[65/720    395s] c2-agv7-base_s3: best fixed MDD-TECT 45.074 oracle 45.051 (0.1%) (104.4s)
[66/720    406s] c2-agv7-utilhi_s3: best fixed MDD-TECT 45.140 oracle 45.116 (0.1%) (113.7s)
[67/720    423s] c2.5-agv4-base_s3: best fixed MDD-TECT 24.162 oracle 24.156 (0.0%) (108.2s)
[68/720    426s] c2.5-agv4-utilhi_s3: best fixed MDD-TECT 24.260 oracle 23.947 (1.3%) (108.8s)
[69/720    426s] c2.5-agv5-base_s3: best fixed MDD-ECT 23.891 oracle 23.891 (0.0%) (99.3s)
[70/720    464s] c2.5-agv5-utilhi_s3: best fixed MDD-ECT 23.741 oracle 23.741 (0.0%) (121.7s)
[71/720    465s] c2.5-agv7-base_s3: best fixed MDD-TECT 22.840 oracle 22.840 (0.0%) (108.5s)
[72/720    488s] c2.5-agv7-utilhi_s3: best fixed MDD-TECT 22.745 oracle 22.745 (0.0%) (129.0s)
[73/720    488s] c1.75-agv4-base_s4: best fixed SRT-TECT 3.174 oracle 3.172 (0.1%) (65.4s)
[74/720    523s] c1.75-agv4-utilhi_s4: best fixed MDD-TECT 27.357 oracle 24.718 (9.6%) (153.0s)
[75/720    523s] c1.75-agv5-base_s4: best fixed MDD-TECT 3.187 oracle 3.187 (0.0%) (64.7s)
[76/720    528s] c1.75-agv5-utilhi_s4: best fixed EDD-ECT 22.805 oracle 22.585 (1.0%) (155.1s)
[77/720    528s] c1.75-agv7-base_s4: best fixed MDD-TECT 3.069 oracle 3.069 (0.0%) (62.3s)
[78/720    551s] c1.75-agv7-utilhi_s4: best fixed EDD-ECT 23.360 oracle 21.264 (9.0%) (165.0s)
[79/720    551s] c2-agv4-base_s4: best fixed MDD-ECT 2.837 oracle 2.766 (2.5%) (63.7s)
[80/720    575s] c2-agv4-utilhi_s4: best fixed MDD-TECT 18.876 oracle 17.879 (5.3%) (180.6s)
[81/720    575s] c2-agv5-base_s4: best fixed SRT-ECT 2.638 oracle 2.638 (0.0%) (58.6s)
[82/720    575s] c2-agv5-utilhi_s4: best fixed EDD-ECT 16.112 oracle 15.760 (2.2%) (152.7s)
[83/720    575s] c2-agv7-base_s4: best fixed SRT-ECT 2.516 oracle 2.516 (0.0%) (61.7s)
[84/720    576s] c2-agv7-utilhi_s4: best fixed EDD-ECT 16.142 oracle 14.889 (7.8%) (151.4s)
[85/720    576s] c2.5-agv4-base_s4: best fixed SRT-ECT 2.356 oracle 2.356 (0.0%) (64.8s)
[86/720    578s] c2.5-agv4-utilhi_s4: best fixed MDD-TECT 9.591 oracle 9.422 (1.8%) (151.2s)
[87/720    578s] c2.5-agv5-base_s4: best fixed SRT-ECT 1.726 oracle 1.726 (0.0%) (65.9s)
[88/720    594s] c2.5-agv5-utilhi_s4: best fixed MDD-ECT 8.135 oracle 7.713 (5.2%) (150.2s)
[89/720    594s] c2.5-agv7-base_s4: best fixed SRT-ECT 1.604 oracle 1.604 (0.0%) (54.6s)
[90/720    599s] c2.5-agv7-utilhi_s4: best fixed EDD-ECT 7.519 oracle 7.117 (5.4%) (142.1s)
[91/720    599s] c1.75-agv4-base_s5: best fixed MDD-TECT 26.006 oracle 24.976 (4.0%) (75.4s)
[92/720    599s] c1.75-agv4-utilhi_s5: best fixed SRT-ECT 65.381 oracle 65.269 (0.2%) (74.3s)
[93/720    599s] c1.75-agv5-base_s5: best fixed MDD-TECT 24.695 oracle 23.913 (3.2%) (70.9s)
[94/720    599s] c1.75-agv5-utilhi_s5: best fixed SRT-TECT 62.091 oracle 62.087 (0.0%) (83.6s)
[95/720    599s] c1.75-agv7-base_s5: best fixed MDD-TECT 24.671 oracle 24.604 (0.3%) (73.9s)
[96/720    599s] c1.75-agv7-utilhi_s5: best fixed SRT-TECT 64.567 oracle 64.031 (0.8%) (72.9s)
[97/720    599s] c2-agv4-base_s5: best fixed ATC-ECT 16.732 oracle 15.573 (6.9%) (62.1s)
[98/720    605s] c2-agv4-utilhi_s5: best fixed MDD-TECT 48.811 oracle 48.778 (0.1%) (81.9s)
[99/720    605s] c2-agv5-base_s5: best fixed ATC-TECT 16.746 oracle 16.618 (0.8%) (62.2s)
[100/720    621s] c2-agv5-utilhi_s5: best fixed SRT-TECT 47.440 oracle 47.051 (0.8%) (81.6s)
[101/720    621s] c2-agv7-base_s5: best fixed ATC-TECT 16.798 oracle 16.620 (1.1%) (63.8s)
[102/720    638s] c2-agv7-utilhi_s5: best fixed MDD-TECT 47.862 oracle 47.422 (0.9%) (86.5s)
[103/720    638s] c2.5-agv4-base_s5: best fixed ATC-ECT 7.777 oracle 5.036 (35.2%) (57.1s)
[104/720    643s] c2.5-agv4-utilhi_s5: best fixed MDD-TECT 24.722 oracle 24.708 (0.1%) (84.6s)
[105/720    643s] c2.5-agv5-base_s5: best fixed ATC-ECT 8.229 oracle 6.649 (19.2%) (71.1s)
[106/720    653s] c2.5-agv5-utilhi_s5: best fixed MDD-TECT 22.274 oracle 22.030 (1.1%) (82.7s)
[107/720    653s] c2.5-agv7-base_s5: best fixed ATC-ECT 8.211 oracle 6.628 (19.3%) (64.4s)
[108/720    659s] c2.5-agv7-utilhi_s5: best fixed MDD-ECT 23.030 oracle 22.993 (0.2%) (84.7s)
[109/720    659s] c1.75-agv4-base_s6: best fixed ATC-TECT 2.920 oracle 2.877 (1.5%) (22.5s)
[110/720    659s] c1.75-agv4-utilhi_s6: best fixed SRT-TECT 14.313 oracle 14.107 (1.4%) (49.3s)
[111/720    659s] c1.75-agv5-base_s6: best fixed ATC-ECT 3.676 oracle 3.629 (1.3%) (24.5s)
[112/720    659s] c1.75-agv5-utilhi_s6: best fixed MDD-TECT 17.147 oracle 14.699 (14.3%) (48.8s)
[113/720    659s] c1.75-agv7-base_s6: best fixed MDD-TECT 4.394 oracle 4.351 (1.0%) (18.7s)
[114/720    659s] c1.75-agv7-utilhi_s6: best fixed ATC-TECT 16.158 oracle 14.909 (7.7%) (43.9s)
[115/720    659s] c2-agv4-base_s6: best fixed ATC-ECT 0.678 oracle 0.678 (0.0%) (19.9s)
[116/720    659s] c2-agv4-utilhi_s6: best fixed MDD-TECT 7.958 oracle 7.631 (4.1%) (49.6s)
[117/720    659s] c2-agv5-base_s6: best fixed ATC-ECT 1.787 oracle 1.785 (0.1%) (22.7s)
[118/720    659s] c2-agv5-utilhi_s6: best fixed ATC-TECT 9.521 oracle 8.231 (13.6%) (47.9s)
[119/720    659s] c2-agv7-base_s6: best fixed MDD-TECT 2.234 oracle 2.232 (0.1%) (21.9s)
[120/720    670s] c2-agv7-utilhi_s6: best fixed ATC-TECT 9.545 oracle 9.397 (1.6%) (57.5s)
[121/720    670s] c2.5-agv4-base_s6: best fixed ATC-TECT 0.127 oracle 0.127 (0.0%) (26.8s)
[122/720    682s] c2.5-agv4-utilhi_s6: best fixed SRT-TECT 1.826 oracle 1.671 (8.5%) (60.4s)
[123/720    682s] c2.5-agv5-base_s6: best fixed SRT-TECT 0.236 oracle 0.236 (0.0%) (20.4s)
[124/720    682s] c2.5-agv5-utilhi_s6: best fixed ATC-TECT 1.523 oracle 1.523 (0.0%) (52.0s)
[125/720    682s] c2.5-agv7-base_s6: best fixed SRT-TECT 0.612 oracle 0.612 (0.0%) (18.8s)
[126/720    684s] c2.5-agv7-utilhi_s6: best fixed MDD-TECT 2.593 oracle 1.491 (42.5%) (48.3s)
[127/720    804s] c1.75-agv4-base_s7: best fixed SRT-TECT 135.785 oracle 134.907 (0.6%) (168.2s)
[128/720    810s] c1.75-agv4-utilhi_s7: best fixed SRT-ECT 155.323 oracle 151.535 (2.4%) (172.2s)
[129/720    810s] c1.75-agv5-base_s7: best fixed MDD-TECT 137.737 oracle 135.865 (1.4%) (170.3s)
[130/720    824s] c1.75-agv5-utilhi_s7: best fixed SRT-ECT 157.122 oracle 157.122 (0.0%) (183.0s)
[131/720    824s] c1.75-agv7-base_s7: best fixed MDD-TECT 133.097 oracle 129.402 (2.8%) (168.4s)
[132/720    831s] c1.75-agv7-utilhi_s7: best fixed MDD-TECT 150.886 oracle 150.758 (0.1%) (185.3s)
[133/720    831s] c2-agv4-base_s7: best fixed MDD-ECT 123.353 oracle 121.760 (1.3%) (173.2s)
[134/720    853s] c2-agv4-utilhi_s7: best fixed SRT-ECT 139.442 oracle 135.437 (2.9%) (201.0s)
[135/720    853s] c2-agv5-base_s7: best fixed MDD-ECT 123.908 oracle 119.988 (3.2%) (168.4s)
[136/720    853s] c2-agv5-utilhi_s7: best fixed SRT-ECT 141.148 oracle 140.546 (0.4%) (180.1s)
[137/720    853s] c2-agv7-base_s7: best fixed MDD-ECT 122.822 oracle 122.822 (0.0%) (165.9s)
[138/720    853s] c2-agv7-utilhi_s7: best fixed SRT-TECT 139.060 oracle 138.817 (0.2%) (194.7s)
[139/720    853s] c2.5-agv4-base_s7: best fixed SRT-ECT 99.102 oracle 95.970 (3.2%) (167.5s)
[140/720    861s] c2.5-agv4-utilhi_s7: best fixed MDD-SRWT 105.701 oracle 102.925 (2.6%) (182.3s)
[141/720    861s] c2.5-agv5-base_s7: best fixed MDD-ECT 99.302 oracle 97.126 (2.2%) (174.6s)
[142/720    867s] c2.5-agv5-utilhi_s7: best fixed MDD-TECT 110.113 oracle 105.789 (3.9%) (183.2s)
[143/720    970s] c2.5-agv7-base_s7: best fixed MDD-ECT 96.500 oracle 96.500 (0.0%) (166.1s)
[144/720    992s] c2.5-agv7-utilhi_s7: best fixed MDD-TECT 104.422 oracle 100.781 (3.5%) (182.6s)
[145/720    992s] c1.75-agv4-base_s8: best fixed MDD-TECT 45.823 oracle 42.895 (6.4%) (59.4s)
[146/720    992s] c1.75-agv4-utilhi_s8: best fixed ATC-ECT 21.515 oracle 21.515 (0.0%) (44.8s)
[147/720    992s] c1.75-agv5-base_s8: best fixed MDD-TECT 41.613 oracle 41.601 (0.0%) (63.3s)
[148/720    992s] c1.75-agv5-utilhi_s8: best fixed SRT-TECT 20.542 oracle 19.878 (3.2%) (49.4s)
[149/720    992s] c1.75-agv7-base_s8: best fixed MDD-ECT 42.269 oracle 42.269 (0.0%) (70.6s)
[150/720    992s] c1.75-agv7-utilhi_s8: best fixed ATC-ECT 19.137 oracle 18.047 (5.7%) (48.1s)
[151/720    992s] c2-agv4-base_s8: best fixed MDD-TECT 30.809 oracle 30.179 (2.0%) (67.6s)
[152/720    992s] c2-agv4-utilhi_s8: best fixed MDD-TECT 14.684 oracle 14.360 (2.2%) (56.2s)
[153/720    992s] c2-agv5-base_s8: best fixed MDD-TECT 30.587 oracle 28.444 (7.0%) (66.5s)
[154/720    992s] c2-agv5-utilhi_s8: best fixed MDD-TECT 14.498 oracle 14.211 (2.0%) (46.2s)
[155/720    992s] c2-agv7-base_s8: best fixed MDD-TECT 30.019 oracle 28.968 (3.5%) (66.5s)
[156/720    992s] c2-agv7-utilhi_s8: best fixed ATC-ECT 12.241 oracle 12.029 (1.7%) (50.2s)
[157/720    992s] c2.5-agv4-base_s8: best fixed EDD-TECT 14.169 oracle 11.739 (17.1%) (76.5s)
[158/720    992s] c2.5-agv4-utilhi_s8: best fixed MDD-TECT 5.297 oracle 4.530 (14.5%) (45.2s)
[159/720    992s] c2.5-agv5-base_s8: best fixed MDD-ECT 13.710 oracle 12.988 (5.3%) (66.5s)
[160/720    992s] c2.5-agv5-utilhi_s8: best fixed ATC-ECT 6.254 oracle 5.884 (5.9%) (47.4s)
[161/720    992s] c2.5-agv7-base_s8: best fixed MDD-ECT 10.479 oracle 10.479 (0.0%) (64.2s)
[162/720    992s] c2.5-agv7-utilhi_s8: best fixed ATC-ECT 2.611 oracle 2.582 (1.1%) (51.3s)
[163/720    992s] c1.75-agv4-base_s9: best fixed MDD-TECT 7.183 oracle 7.183 (0.0%) (54.4s)
[164/720    992s] c1.75-agv4-utilhi_s9: best fixed SRT-ECT 15.352 oracle 14.936 (2.7%) (61.9s)
[165/720    992s] c1.75-agv5-base_s9: best fixed ATC-TECT 6.929 oracle 6.529 (5.8%) (39.2s)
[166/720    992s] c1.75-agv5-utilhi_s9: best fixed MDD-ECT 13.966 oracle 13.962 (0.0%) (65.0s)
[167/720    992s] c1.75-agv7-base_s9: best fixed ATC-TECT 6.962 oracle 5.493 (21.1%) (54.0s)
[168/720    992s] c1.75-agv7-utilhi_s9: best fixed MDD-TECT 14.568 oracle 14.568 (0.0%) (69.1s)
[169/720    992s] c2-agv4-base_s9: best fixed ATC-ECT 3.188 oracle 3.188 (0.0%) (40.8s)
[170/720    992s] c2-agv4-utilhi_s9: best fixed SRT-ECT 8.799 oracle 8.349 (5.1%) (64.0s)
[171/720    992s] c2-agv5-base_s9: best fixed EDD-ECT 2.946 oracle 2.582 (12.3%) (41.6s)
[172/720    992s] c2-agv5-utilhi_s9: best fixed MDD-ECT 7.789 oracle 7.789 (0.0%) (61.1s)
[173/720    992s] c2-agv7-base_s9: best fixed ATC-TECT 2.633 oracle 2.342 (11.1%) (49.7s)
[174/720   1003s] c2-agv7-utilhi_s9: best fixed MDD-TECT 8.839 oracle 8.121 (8.1%) (71.7s)
[175/720   1003s] c2.5-agv4-base_s9: best fixed MDD-ECT 0.298 oracle 0.298 (0.0%) (37.6s)
[176/720   1003s] c2.5-agv4-utilhi_s9: best fixed MDD-ECT 0.859 oracle 0.859 (0.0%) (57.5s)
[177/720   1003s] c2.5-agv5-base_s9: best fixed MDD-ECT 0.408 oracle 0.183 (55.2%) (47.6s)
[178/720   1003s] c2.5-agv5-utilhi_s9: best fixed MDD-TECT 0.723 oracle 0.723 (0.0%) (65.7s)
[179/720   1003s] c2.5-agv7-base_s9: best fixed ATC-TECT 0.255 oracle 0.243 (4.4%) (47.4s)
[180/720   1011s] c2.5-agv7-utilhi_s9: best fixed ATC-ECT 2.179 oracle 1.357 (37.7%) (59.7s)
[181/720   1042s] c1.75-agv4-base_s10: best fixed ATC-ECT 23.264 oracle 22.480 (3.4%) (88.8s)
[182/720   1064s] c1.75-agv4-utilhi_s10: best fixed SRT-TECT 121.096 oracle 121.096 (0.0%) (106.0s)
[183/720   1064s] c1.75-agv5-base_s10: best fixed ATC-ECT 22.725 oracle 20.998 (7.6%) (82.8s)
[184/720   1084s] c1.75-agv5-utilhi_s10: best fixed MDD-ECT 135.467 oracle 134.497 (0.7%) (113.5s)
[185/720   1084s] c1.75-agv7-base_s10: best fixed SPT-TECT 22.446 oracle 20.965 (6.6%) (87.1s)
[186/720   1092s] c1.75-agv7-utilhi_s10: best fixed MDD-ECT 135.335 oracle 135.327 (0.0%) (120.4s)
[187/720   1092s] c2-agv4-base_s10: best fixed EDD-ECT 15.572 oracle 14.294 (8.2%) (86.9s)
[188/720   1092s] c2-agv4-utilhi_s10: best fixed SRT-TECT 102.672 oracle 102.633 (0.0%) (115.7s)
[189/720   1092s] c2-agv5-base_s10: best fixed ATC-TECT 11.997 oracle 11.324 (5.6%) (78.9s)
[190/720   1095s] c2-agv5-utilhi_s10: best fixed MDD-ECT 116.113 oracle 113.309 (2.4%) (113.7s)
[191/720   1095s] c2-agv7-base_s10: best fixed ATC-TECT 12.783 oracle 11.282 (11.7%) (75.2s)
[192/720   1105s] c2-agv7-utilhi_s10: best fixed MDD-ECT 116.570 oracle 116.184 (0.3%) (112.9s)
[193/720   1105s] c2.5-agv4-base_s10: best fixed ATC-ECT 3.958 oracle 3.904 (1.4%) (80.9s)
[194/720   1121s] c2.5-agv4-utilhi_s10: best fixed MDD-TECT 68.716 oracle 68.050 (1.0%) (118.5s)
[195/720   1121s] c2.5-agv5-base_s10: best fixed ATC-TECT 3.063 oracle 2.702 (11.8%) (82.2s)
[196/720   1124s] c2.5-agv5-utilhi_s10: best fixed MDD-TECT 77.550 oracle 77.547 (0.0%) (112.5s)
[197/720   1124s] c2.5-agv7-base_s10: best fixed ATC-TECT 3.080 oracle 2.701 (12.3%) (78.8s)
[198/720   1159s] c2.5-agv7-utilhi_s10: best fixed MDD-ECT 76.816 oracle 76.596 (0.3%) (113.1s)
[199/720   1159s] c1.75-agv4-base_s11: best fixed MDD-ECT 53.054 oracle 52.821 (0.4%) (69.0s)
[200/720   1173s] c1.75-agv4-utilhi_s11: best fixed SRT-TECT 56.808 oracle 56.266 (1.0%) (113.5s)
[201/720   1173s] c1.75-agv5-base_s11: best fixed SRT-TECT 54.063 oracle 53.978 (0.2%) (70.5s)
[202/720   1173s] c1.75-agv5-utilhi_s11: best fixed SRT-ECT 59.367 oracle 57.076 (3.9%) (95.7s)
[203/720   1173s] c1.75-agv7-base_s11: best fixed MDD-TECT 53.414 oracle 53.346 (0.1%) (75.3s)
[204/720   1174s] c1.75-agv7-utilhi_s11: best fixed MDD-ECT 58.021 oracle 56.131 (3.3%) (99.0s)
[205/720   1174s] c2-agv4-base_s11: best fixed MDD-ECT 40.670 oracle 40.168 (1.2%) (76.9s)
[206/720   1180s] c2-agv4-utilhi_s11: best fixed SRT-TECT 41.461 oracle 41.394 (0.2%) (95.3s)
[207/720   1180s] c2-agv5-base_s11: best fixed MDD-TECT 41.640 oracle 40.336 (3.1%) (69.2s)
[208/720   1192s] c2-agv5-utilhi_s11: best fixed SRT-ECT 43.604 oracle 42.484 (2.6%) (99.9s)
[209/720   1192s] c2-agv7-base_s11: best fixed MDD-TECT 41.575 oracle 40.417 (2.8%) (73.3s)
[210/720   1202s] c2-agv7-utilhi_s11: best fixed ATC-ECT 42.790 oracle 40.393 (5.6%) (97.0s)
[211/720   1202s] c2.5-agv4-base_s11: best fixed ATC-ECT 21.784 oracle 21.369 (1.9%) (76.4s)
[212/720   1226s] c2.5-agv4-utilhi_s11: best fixed ATC-ECT 18.108 oracle 17.354 (4.2%) (104.6s)
[213/720   1226s] c2.5-agv5-base_s11: best fixed MDD-ECT 21.252 oracle 20.595 (3.1%) (78.4s)
[214/720   1230s] c2.5-agv5-utilhi_s11: best fixed ATC-ECT 18.336 oracle 17.137 (6.5%) (102.6s)
[215/720   1230s] c2.5-agv7-base_s11: best fixed ATC-ECT 21.552 oracle 20.035 (7.0%) (74.1s)
[216/720   1242s] c2.5-agv7-utilhi_s11: best fixed ATC-ECT 16.341 oracle 15.447 (5.5%) (100.2s)
[217/720   1298s] c1.75-agv4-base_s12: best fixed SRT-TECT 83.193 oracle 83.173 (0.0%) (139.8s)
[218/720   1298s] c1.75-agv4-utilhi_s12: best fixed SRT-TECT 96.661 oracle 96.661 (0.0%) (125.9s)
[219/720   1298s] c1.75-agv5-base_s12: best fixed MDD-TECT 87.417 oracle 84.917 (2.9%) (138.8s)
[220/720   1298s] c1.75-agv5-utilhi_s12: best fixed MDD-ECT 101.712 oracle 101.712 (0.0%) (133.1s)
[221/720   1298s] c1.75-agv7-base_s12: best fixed MDD-ECT 87.225 oracle 86.917 (0.4%) (113.3s)
[222/720   1314s] c1.75-agv7-utilhi_s12: best fixed MDD-TECT 101.302 oracle 100.823 (0.5%) (140.8s)
[223/720   1314s] c2-agv4-base_s12: best fixed SRT-TECT 67.970 oracle 67.954 (0.0%) (122.0s)
[224/720   1314s] c2-agv4-utilhi_s12: best fixed SRT-TECT 81.015 oracle 81.015 (0.0%) (120.1s)
[225/720   1318s] c2-agv5-base_s12: best fixed MDD-TECT 70.117 oracle 69.972 (0.2%) (126.8s)
[226/720   1320s] c2-agv5-utilhi_s12: best fixed MDD-ECT 83.897 oracle 83.651 (0.3%) (122.4s)
[227/720   1323s] c2-agv7-base_s12: best fixed MDD-ECT 71.406 oracle 70.853 (0.8%) (120.9s)
[228/720   1341s] c2-agv7-utilhi_s12: best fixed MDD-ECT 83.443 oracle 83.182 (0.3%) (138.6s)
[229/720   1341s] c2.5-agv4-base_s12: best fixed ATC-TECT 40.937 oracle 40.271 (1.6%) (123.9s)
[230/720   1352s] c2.5-agv4-utilhi_s12: best fixed SRT-TECT 51.886 oracle 51.879 (0.0%) (126.0s)
[231/720   1360s] c2.5-agv5-base_s12: best fixed ATC-TECT 44.200 oracle 42.968 (2.8%) (130.0s)
[232/720   1392s] c2.5-agv5-utilhi_s12: best fixed EDD-TECT 54.720 oracle 54.040 (1.2%) (149.9s)
[233/720   1426s] c2.5-agv7-base_s12: best fixed MDD-ECT 42.872 oracle 42.872 (0.0%) (144.6s)
[234/720   1426s] c2.5-agv7-utilhi_s12: best fixed MDD-ECT 54.227 oracle 54.076 (0.3%) (128.6s)
[235/720   1445s] c1.75-agv4-base_s13: best fixed SRT-ECT 58.796 oracle 57.660 (1.9%) (151.2s)
[236/720   1451s] c1.75-agv4-utilhi_s13: best fixed MDD-TECT 25.797 oracle 25.435 (1.4%) (154.8s)
[237/720   1452s] c1.75-agv5-base_s13: best fixed SRT-ECT 60.495 oracle 60.494 (0.0%) (153.8s)
[238/720   1453s] c1.75-agv5-utilhi_s13: best fixed MDD-TECT 27.281 oracle 26.806 (1.7%) (154.7s)
[239/720   1459s] c1.75-agv7-base_s13: best fixed SRT-TECT 61.597 oracle 59.446 (3.5%) (158.4s)
[240/720   1476s] c1.75-agv7-utilhi_s13: best fixed MDD-TECT 27.547 oracle 26.893 (2.4%) (161.6s)
[241/720   1476s] c2-agv4-base_s13: best fixed SRT-ECT 45.861 oracle 45.083 (1.7%) (147.0s)
[242/720   1480s] c2-agv4-utilhi_s13: best fixed MDD-TECT 18.736 oracle 17.698 (5.5%) (160.2s)
[243/720   1480s] c2-agv5-base_s13: best fixed SRT-ECT 47.413 oracle 47.411 (0.0%) (155.5s)
[244/720   1494s] c2-agv5-utilhi_s13: best fixed MDD-ECT 17.872 oracle 17.718 (0.9%) (165.5s)
[245/720   1498s] c2-agv7-base_s13: best fixed MDD-TECT 48.200 oracle 47.490 (1.5%) (157.2s)
[246/720   1524s] c2-agv7-utilhi_s13: best fixed MDD-ECT 18.638 oracle 18.604 (0.2%) (171.8s)
[247/720   1524s] c2.5-agv4-base_s13: best fixed MDD-ECT 22.779 oracle 22.529 (1.1%) (145.4s)
[248/720   1542s] c2.5-agv4-utilhi_s13: best fixed MDD-TECT 7.869 oracle 7.869 (0.0%) (149.8s)
[249/720   1567s] c2.5-agv5-base_s13: best fixed MDD-ECT 25.519 oracle 25.421 (0.4%) (152.9s)
[250/720   1584s] c2.5-agv5-utilhi_s13: best fixed MDD-ECT 8.172 oracle 7.774 (4.9%) (156.8s)
[251/720   1597s] c2.5-agv7-base_s13: best fixed MDD-ECT 24.845 oracle 24.371 (1.9%) (151.8s)
[252/720   1609s] c2.5-agv7-utilhi_s13: best fixed MDD-TECT 8.106 oracle 8.023 (1.0%) (157.7s)
[253/720   1609s] c1.75-agv4-base_s14: best fixed EDD-TECT 19.978 oracle 19.821 (0.8%) (75.7s)
[254/720   1609s] c1.75-agv4-utilhi_s14: best fixed SRT-TECT 120.444 oracle 120.444 (0.0%) (121.0s)
[255/720   1609s] c1.75-agv5-base_s14: best fixed ATC-ECT 19.396 oracle 19.395 (0.0%) (76.4s)
[256/720   1609s] c1.75-agv5-utilhi_s14: best fixed MDD-TECT 123.137 oracle 122.408 (0.6%) (124.1s)
[257/720   1609s] c1.75-agv7-base_s14: best fixed MDD-ECT 18.485 oracle 18.484 (0.0%) (76.3s)
[258/720   1609s] c1.75-agv7-utilhi_s14: best fixed MDD-TECT 129.321 oracle 129.131 (0.1%) (131.0s)
[259/720   1609s] c2-agv4-base_s14: best fixed ATC-TECT 13.513 oracle 13.513 (0.0%) (73.7s)
[260/720   1616s] c2-agv4-utilhi_s14: best fixed SRT-TECT 101.695 oracle 99.897 (1.8%) (121.9s)
[261/720   1616s] c2-agv5-base_s14: best fixed ATC-TECT 13.903 oracle 12.576 (9.5%) (70.9s)
[262/720   1627s] c2-agv5-utilhi_s14: best fixed MDD-TECT 107.748 oracle 98.872 (8.2%) (121.6s)
[263/720   1627s] c2-agv7-base_s14: best fixed ATC-ECT 12.351 oracle 12.351 (0.0%) (70.4s)
[264/720   1649s] c2-agv7-utilhi_s14: best fixed SRT-TECT 110.065 oracle 104.799 (4.8%) (121.2s)
[265/720   1649s] c2.5-agv4-base_s14: best fixed MDD-ECT 6.655 oracle 6.283 (5.6%) (68.2s)
[266/720   1667s] c2.5-agv4-utilhi_s14: best fixed SRT-TECT 68.097 oracle 66.735 (2.0%) (124.8s)
[267/720   1667s] c2.5-agv5-base_s14: best fixed ATC-TECT 5.728 oracle 5.712 (0.3%) (66.0s)
[268/720   1689s] c2.5-agv5-utilhi_s14: best fixed MDD-ECT 71.906 oracle 67.451 (6.2%) (135.1s)
[269/720   1689s] c2.5-agv7-base_s14: best fixed MDD-ECT 6.517 oracle 6.315 (3.1%) (71.0s)
[270/720   1700s] c2.5-agv7-utilhi_s14: best fixed MDD-TECT 72.449 oracle 72.132 (0.4%) (131.0s)
[271/720   1700s] c1.75-agv4-base_s15: best fixed SRT-TECT 29.588 oracle 29.479 (0.4%) (72.5s)
[272/720   1700s] c1.75-agv4-utilhi_s15: best fixed SRT-ECT 50.461 oracle 50.380 (0.2%) (74.5s)
[273/720   1700s] c1.75-agv5-base_s15: best fixed SRT-ECT 31.028 oracle 30.915 (0.4%) (75.8s)
[274/720   1700s] c1.75-agv5-utilhi_s15: best fixed MDD-ECT 50.922 oracle 50.917 (0.0%) (77.1s)
[275/720   1700s] c1.75-agv7-base_s15: best fixed MDD-TECT 30.472 oracle 30.472 (0.0%) (68.9s)
[276/720   1700s] c1.75-agv7-utilhi_s15: best fixed SRT-SRWT 51.840 oracle 49.763 (4.0%) (70.5s)
[277/720   1700s] c2-agv4-base_s15: best fixed SRT-TECT 20.431 oracle 20.215 (1.1%) (68.4s)
[278/720   1700s] c2-agv4-utilhi_s15: best fixed SRT-ECT 38.440 oracle 38.424 (0.0%) (64.3s)
[279/720   1700s] c2-agv5-base_s15: best fixed MDD-ECT 21.315 oracle 20.333 (4.6%) (68.7s)
[280/720   1700s] c2-agv5-utilhi_s15: best fixed MDD-TECT 38.968 oracle 38.783 (0.5%) (65.3s)
[281/720   1700s] c2-agv7-base_s15: best fixed MDD-ECT 20.227 oracle 20.119 (0.5%) (73.5s)
[282/720   1709s] c2-agv7-utilhi_s15: best fixed SRT-SRWT 40.560 oracle 38.513 (5.0%) (71.0s)
[283/720   1726s] c2.5-agv4-base_s15: best fixed ATC-ECT 7.419 oracle 6.044 (18.5%) (79.7s)
[284/720   1726s] c2.5-agv4-utilhi_s15: best fixed ATC-TECT 21.406 oracle 19.131 (10.6%) (70.3s)
[285/720   1726s] c2.5-agv5-base_s15: best fixed ATC-TECT 4.836 oracle 4.523 (6.5%) (67.1s)
[286/720   1731s] c2.5-agv5-utilhi_s15: best fixed MDD-TECT 21.474 oracle 20.866 (2.8%) (65.2s)
[287/720   1737s] c2.5-agv7-base_s15: best fixed EDD-ECT 6.432 oracle 6.432 (0.0%) (70.8s)
[288/720   1738s] c2.5-agv7-utilhi_s15: best fixed MDD-TECT 21.528 oracle 21.032 (2.3%) (71.1s)
[289/720   1755s] c1.75-agv4-base_s16: best fixed MDD-TECT 16.682 oracle 16.599 (0.5%) (83.9s)
[290/720   1780s] c1.75-agv4-utilhi_s16: best fixed SRT-ECT 74.923 oracle 72.569 (3.1%) (106.0s)
[291/720   1780s] c1.75-agv5-base_s16: best fixed SRT-TECT 16.002 oracle 15.979 (0.1%) (87.3s)
[292/720   1801s] c1.75-agv5-utilhi_s16: best fixed MDD-ECT 71.246 oracle 71.209 (0.1%) (123.8s)
[293/720   1801s] c1.75-agv7-base_s16: best fixed SRT-ECT 17.324 oracle 17.281 (0.3%) (87.6s)
[294/720   1801s] c1.75-agv7-utilhi_s16: best fixed MDD-ECT 76.414 oracle 74.677 (2.3%) (113.8s)
[295/720   1801s] c2-agv4-base_s16: best fixed MDD-TECT 15.516 oracle 15.445 (0.5%) (81.2s)
[296/720   1805s] c2-agv4-utilhi_s16: best fixed SRT-ECT 65.665 oracle 63.599 (3.1%) (104.7s)
[297/720   1805s] c2-agv5-base_s16: best fixed MDD-TECT 15.360 oracle 15.149 (1.4%) (81.5s)
[298/720   1828s] c2-agv5-utilhi_s16: best fixed SRT-ECT 64.540 oracle 62.185 (3.6%) (119.3s)
[299/720   1828s] c2-agv7-base_s16: best fixed MDD-ECT 16.651 oracle 15.898 (4.5%) (93.2s)
[300/720   1849s] c2-agv7-utilhi_s16: best fixed MDD-ECT 65.737 oracle 64.729 (1.5%) (124.1s)
[301/720   1849s] c2.5-agv4-base_s16: best fixed MDD-TECT 12.068 oracle 12.038 (0.3%) (73.0s)
[302/720   1849s] c2.5-agv4-utilhi_s16: best fixed SRT-ECT 50.439 oracle 48.954 (2.9%) (110.1s)
[303/720   1849s] c2.5-agv5-base_s16: best fixed MDD-TECT 11.749 oracle 11.348 (3.4%) (84.5s)
[304/720   1857s] c2.5-agv5-utilhi_s16: best fixed ATC-ECT 47.679 oracle 44.130 (7.4%) (119.2s)
[305/720   1857s] c2.5-agv7-base_s16: best fixed MDD-ECT 12.991 oracle 12.894 (0.7%) (77.9s)
[306/720   1876s] c2.5-agv7-utilhi_s16: best fixed MDD-TECT 48.073 oracle 48.041 (0.1%) (114.7s)
[307/720   1876s] c1.75-agv4-base_s17: best fixed SRT-ECT 60.928 oracle 60.507 (0.7%) (80.0s)
[308/720   1889s] c1.75-agv4-utilhi_s17: best fixed MDD-ECT 118.761 oracle 118.744 (0.0%) (117.4s)
[309/720   1889s] c1.75-agv5-base_s17: best fixed MDD-ECT 58.793 oracle 57.852 (1.6%) (76.0s)
[310/720   1911s] c1.75-agv5-utilhi_s17: best fixed SRT-TECT 115.869 oracle 115.076 (0.7%) (129.3s)
[311/720   1911s] c1.75-agv7-base_s17: best fixed MDD-TECT 57.370 oracle 57.294 (0.1%) (88.0s)
[312/720   1919s] c1.75-agv7-utilhi_s17: best fixed SRT-TECT 113.433 oracle 112.909 (0.5%) (120.0s)
[313/720   1920s] c2-agv4-base_s17: best fixed MDD-TECT 44.561 oracle 42.996 (3.5%) (85.3s)
[314/720   1932s] c2-agv4-utilhi_s17: best fixed MDD-ECT 109.599 oracle 109.036 (0.5%) (126.9s)
[315/720   1932s] c2-agv5-base_s17: best fixed MDD-TECT 46.296 oracle 45.106 (2.6%) (89.2s)
[316/720   1941s] c2-agv5-utilhi_s17: best fixed SRT-TECT 104.388 oracle 102.422 (1.9%) (119.1s)
[317/720   1941s] c2-agv7-base_s17: best fixed MDD-TECT 43.637 oracle 43.083 (1.3%) (92.9s)
[318/720   1964s] c2-agv7-utilhi_s17: best fixed MDD-ECT 98.228 oracle 98.228 (0.0%) (130.7s)
[319/720   1964s] c2.5-agv4-base_s17: best fixed MDD-ECT 19.811 oracle 19.727 (0.4%) (94.8s)
[320/720   1967s] c2.5-agv4-utilhi_s17: best fixed MDD-ECT 79.592 oracle 77.745 (2.3%) (117.5s)
[321/720   1967s] c2.5-agv5-base_s17: best fixed MDD-ECT 21.337 oracle 19.672 (7.8%) (88.9s)
[322/720   1981s] c2.5-agv5-utilhi_s17: best fixed MDD-TECT 77.829 oracle 77.642 (0.2%) (124.6s)
[323/720   1981s] c2.5-agv7-base_s17: best fixed EDD-ECT 21.401 oracle 18.787 (12.2%) (89.4s)
[324/720   2010s] c2.5-agv7-utilhi_s17: best fixed MDD-TECT 70.395 oracle 69.961 (0.6%) (133.6s)
[325/720   2010s] c1.75-agv4-base_s18: best fixed MDD-ECT 65.831 oracle 64.945 (1.3%) (82.7s)
[326/720   2010s] c1.75-agv4-utilhi_s18: best fixed MDD-ECT 61.842 oracle 61.666 (0.3%) (101.9s)
[327/720   2010s] c1.75-agv5-base_s18: best fixed MDD-TECT 64.029 oracle 63.396 (1.0%) (91.4s)
[328/720   2010s] c1.75-agv5-utilhi_s18: best fixed MDD-TECT 65.436 oracle 65.436 (0.0%) (85.6s)
[329/720   2010s] c1.75-agv7-base_s18: best fixed MDD-ECT 63.381 oracle 63.144 (0.4%) (86.2s)
[330/720   2010s] c1.75-agv7-utilhi_s18: best fixed MDD-ECT 64.487 oracle 62.620 (2.9%) (90.5s)
[331/720   2010s] c2-agv4-base_s18: best fixed MDD-ECT 49.331 oracle 48.425 (1.8%) (81.1s)
[332/720   2019s] c2-agv4-utilhi_s18: best fixed MDD-ECT 46.768 oracle 46.396 (0.8%) (87.7s)
[333/720   2019s] c2-agv5-base_s18: best fixed MDD-ECT 50.138 oracle 49.186 (1.9%) (81.2s)
[334/720   2043s] c2-agv5-utilhi_s18: best fixed MDD-ECT 50.626 oracle 50.571 (0.1%) (103.7s)
[335/720   2043s] c2-agv7-base_s18: best fixed MDD-ECT 48.752 oracle 48.430 (0.7%) (99.7s)
[336/720   2043s] c2-agv7-utilhi_s18: best fixed MDD-ECT 50.918 oracle 48.961 (3.8%) (95.7s)
[337/720   2053s] c2.5-agv4-base_s18: best fixed MDD-ECT 28.098 oracle 28.016 (0.3%) (89.0s)
[338/720   2065s] c2.5-agv4-utilhi_s18: best fixed MDD-ECT 28.048 oracle 24.891 (11.3%) (98.1s)
[339/720   2071s] c2.5-agv5-base_s18: best fixed MDD-ECT 31.486 oracle 29.453 (6.5%) (101.5s)
[340/720   2082s] c2.5-agv5-utilhi_s18: best fixed MDD-ECT 25.466 oracle 24.662 (3.2%) (101.9s)
[341/720   2082s] c2.5-agv7-base_s18: best fixed SRT-TECT 29.954 oracle 29.038 (3.1%) (95.4s)
[342/720   2087s] c2.5-agv7-utilhi_s18: best fixed MDD-ECT 24.471 oracle 24.471 (0.0%) (98.9s)
[343/720   2087s] c1.75-agv4-base_s19: best fixed ATC-TECT 6.564 oracle 6.438 (1.9%) (39.4s)
[344/720   2087s] c1.75-agv4-utilhi_s19: best fixed SRT-TECT 9.799 oracle 9.539 (2.7%) (50.3s)
[345/720   2087s] c1.75-agv5-base_s19: best fixed ATC-TECT 6.397 oracle 6.313 (1.3%) (42.2s)
[346/720   2087s] c1.75-agv5-utilhi_s19: best fixed MDD-TECT 10.386 oracle 8.877 (14.5%) (46.1s)
[347/720   2087s] c1.75-agv7-base_s19: best fixed ATC-TECT 6.380 oracle 6.346 (0.5%) (44.9s)
[348/720   2087s] c1.75-agv7-utilhi_s19: best fixed MDD-ECT 10.301 oracle 8.901 (13.6%) (47.5s)
[349/720   2087s] c2-agv4-base_s19: best fixed ATC-SRWT 4.218 oracle 3.151 (25.3%) (36.9s)
[350/720   2087s] c2-agv4-utilhi_s19: best fixed SRT-TECT 5.729 oracle 5.420 (5.4%) (49.4s)
[351/720   2087s] c2-agv5-base_s19: best fixed ATC-TECT 3.994 oracle 3.990 (0.1%) (41.0s)
[352/720   2087s] c2-agv5-utilhi_s19: best fixed ATC-ECT 5.044 oracle 3.284 (34.9%) (44.6s)
[353/720   2088s] c2-agv7-base_s19: best fixed ATC-TECT 3.982 oracle 3.894 (2.2%) (45.2s)
[354/720   2090s] c2-agv7-utilhi_s19: best fixed ATC-ECT 4.548 oracle 2.778 (38.9%) (45.4s)
[355/720   2090s] c2.5-agv4-base_s19: best fixed MDD-SRWT 1.453 oracle 0.966 (33.5%) (40.2s)
[356/720   2102s] c2.5-agv4-utilhi_s19: best fixed MDD-SRWT 1.501 oracle 0.949 (36.8%) (48.9s)
[357/720   2102s] c2.5-agv5-base_s19: best fixed MDD-SRWT 1.420 oracle 0.880 (38.0%) (38.7s)
[358/720   2102s] c2.5-agv5-utilhi_s19: best fixed ATC-ECT 0.933 oracle 0.752 (19.5%) (42.4s)
[359/720   2102s] c2.5-agv7-base_s19: best fixed MDD-SRWT 1.426 oracle 0.968 (32.1%) (40.1s)
[360/720   2117s] c2.5-agv7-utilhi_s19: best fixed MDD-ECT 0.835 oracle 0.547 (34.5%) (52.7s)
[361/720   2117s] c1.75-agv4-base_s20: best fixed EDD-ECT 3.225 oracle 2.912 (9.7%) (34.5s)
[362/720   2117s] c1.75-agv4-utilhi_s20: best fixed SRT-ECT 0.128 oracle 0.000 (100.0%) (27.1s)
[363/720   2117s] c1.75-agv5-base_s20: best fixed EDD-ECT 3.233 oracle 2.914 (9.9%) (36.8s)
[364/720   2117s] c1.75-agv5-utilhi_s20: best fixed SRT-ECT 0.128 oracle 0.000 (100.0%) (21.6s)
[365/720   2119s] c1.75-agv7-base_s20: best fixed EDD-ECT 3.234 oracle 2.914 (9.9%) (37.6s)
[366/720   2119s] c1.75-agv7-utilhi_s20: best fixed SRT-ECT 0.128 oracle 0.000 (100.0%) (29.8s)
[367/720   2125s] c2-agv4-base_s20: best fixed EDD-ECT 1.207 oracle 0.729 (39.6%) (37.8s)
[368/720   2125s] c2-agv4-utilhi_s20: best fixed SRT-ECT 0.028 oracle 0.000 (100.0%) (21.1s)
[369/720   2128s] c2-agv5-base_s20: best fixed MDD-ECT 1.215 oracle 0.729 (40.0%) (40.0s)
[370/720   2128s] c2-agv5-utilhi_s20: best fixed SRT-ECT 0.028 oracle 0.000 (100.0%) (24.8s)
[371/720   2128s] c2-agv7-base_s20: best fixed MDD-ECT 1.216 oracle 0.729 (40.0%) (36.3s)
[372/720   2128s] c2-agv7-utilhi_s20: best fixed SRT-ECT 0.028 oracle 0.000 (100.0%) (22.6s)
[373/720   2137s] c2.5-agv4-base_s20: best fixed ATC-ECT 0.021 oracle 0.021 (0.0%) (40.5s)
[374/720   2137s] c2.5-agv4-utilhi_s20: best fixed SRT-ECT 0.000 oracle 0.000 (0.0%) (23.0s)
[375/720   2137s] c2.5-agv5-base_s20: best fixed ATC-ECT 0.017 oracle 0.017 (0.0%) (34.8s)
[376/720   2137s] c2.5-agv5-utilhi_s20: best fixed SRT-ECT 0.000 oracle 0.000 (0.0%) (25.8s)
[377/720   2137s] c2.5-agv7-base_s20: best fixed ATC-ECT 0.018 oracle 0.018 (0.0%) (32.2s)
[378/720   2137s] c2.5-agv7-utilhi_s20: best fixed SRT-ECT 0.000 oracle 0.000 (0.0%) (18.6s)
[379/720   2204s] c1.75-agv4-base_s21: best fixed EDD-ECT 26.660 oracle 25.017 (6.2%) (95.8s)
[380/720   2219s] c1.75-agv4-utilhi_s21: best fixed SRT-ECT 87.756 oracle 84.742 (3.4%) (107.3s)
[381/720   2219s] c1.75-agv5-base_s21: best fixed MDD-ECT 27.165 oracle 26.510 (2.4%) (94.5s)
[382/720   2219s] c1.75-agv5-utilhi_s21: best fixed SRT-TECT 89.353 oracle 85.180 (4.7%) (99.4s)
[383/720   2219s] c1.75-agv7-base_s21: best fixed MDD-TECT 26.347 oracle 26.347 (0.0%) (83.1s)
[384/720   2244s] c1.75-agv7-utilhi_s21: best fixed SRT-TECT 86.910 oracle 86.554 (0.4%) (126.5s)
[385/720   2244s] c2-agv4-base_s21: best fixed ATC-TECT 14.748 oracle 13.383 (9.3%) (100.6s)
[386/720   2244s] c2-agv4-utilhi_s21: best fixed MDD-ECT 70.647 oracle 67.746 (4.1%) (107.4s)
[387/720   2244s] c2-agv5-base_s21: best fixed MDD-ECT 15.831 oracle 14.688 (7.2%) (107.2s)
[388/720   2244s] c2-agv5-utilhi_s21: best fixed SRT-TECT 74.429 oracle 73.670 (1.0%) (113.8s)
[389/720   2244s] c2-agv7-base_s21: best fixed ATC-TECT 14.790 oracle 12.814 (13.4%) (98.4s)
[390/720   2244s] c2-agv7-utilhi_s21: best fixed MDD-TECT 72.697 oracle 71.827 (1.2%) (110.1s)
[391/720   2244s] c2.5-agv4-base_s21: best fixed ATC-TECT 3.454 oracle 3.398 (1.6%) (88.5s)
[392/720   2245s] c2.5-agv4-utilhi_s21: best fixed ATC-ECT 45.009 oracle 44.076 (2.1%) (113.0s)
[393/720   2245s] c2.5-agv5-base_s21: best fixed MDD-ECT 1.967 oracle 1.915 (2.7%) (97.0s)
[394/720   2246s] c2.5-agv5-utilhi_s21: best fixed SRT-TECT 50.966 oracle 47.863 (6.1%) (108.7s)
[395/720   2293s] c2.5-agv7-base_s21: best fixed ATC-TECT 3.334 oracle 3.077 (7.7%) (93.7s)
[396/720   2314s] c2.5-agv7-utilhi_s21: best fixed MDD-TECT 44.507 oracle 43.766 (1.7%) (110.2s)
[397/720   2314s] c1.75-agv4-base_s22: best fixed MDD-ECT 59.482 oracle 59.416 (0.1%) (90.5s)
[398/720   2317s] c1.75-agv4-utilhi_s22: best fixed MDD-TECT 68.135 oracle 67.997 (0.2%) (104.7s)
[399/720   2317s] c1.75-agv5-base_s22: best fixed SRT-ECT 59.474 oracle 57.654 (3.1%) (99.6s)
[400/720   2327s] c1.75-agv5-utilhi_s22: best fixed SRT-ECT 70.109 oracle 70.069 (0.1%) (107.3s)
[401/720   2327s] c1.75-agv7-base_s22: best fixed SRT-ECT 59.445 oracle 57.310 (3.6%) (91.2s)
[402/720   2338s] c1.75-agv7-utilhi_s22: best fixed SRT-ECT 74.453 oracle 73.372 (1.5%) (114.6s)
[403/720   2338s] c2-agv4-base_s22: best fixed SRT-ECT 45.845 oracle 43.688 (4.7%) (95.7s)
[404/720   2343s] c2-agv4-utilhi_s22: best fixed SRT-ECT 51.676 oracle 50.805 (1.7%) (114.6s)
[405/720   2343s] c2-agv5-base_s22: best fixed SRT-ECT 45.883 oracle 43.838 (4.5%) (82.9s)
[406/720   2354s] c2-agv5-utilhi_s22: best fixed SRT-ECT 53.311 oracle 51.673 (3.1%) (117.2s)
[407/720   2354s] c2-agv7-base_s22: best fixed SRT-ECT 45.845 oracle 43.551 (5.0%) (92.8s)
[408/720   2354s] c2-agv7-utilhi_s22: best fixed SRT-ECT 56.530 oracle 55.344 (2.1%) (108.8s)
[409/720   2354s] c2.5-agv4-base_s22: best fixed MDD-ECT 23.769 oracle 23.470 (1.3%) (83.8s)
[410/720   2360s] c2.5-agv4-utilhi_s22: best fixed ATC-TECT 20.453 oracle 19.960 (2.4%) (114.4s)
[411/720   2372s] c2.5-agv5-base_s22: best fixed MDD-ECT 24.676 oracle 24.048 (2.5%) (79.1s)
[412/720   2419s] c2.5-agv5-utilhi_s22: best fixed ATC-ECT 28.053 oracle 27.620 (1.5%) (119.9s)
[413/720   2419s] c2.5-agv7-base_s22: best fixed MDD-ECT 24.681 oracle 23.845 (3.4%) (78.5s)
[414/720   2437s] c2.5-agv7-utilhi_s22: best fixed MDD-ECT 27.931 oracle 27.013 (3.3%) (123.7s)
[415/720   2437s] c1.75-agv4-base_s23: best fixed SRT-ECT 65.559 oracle 65.226 (0.5%) (106.2s)
[416/720   2437s] c1.75-agv4-utilhi_s23: best fixed MDD-ECT 206.687 oracle 206.085 (0.3%) (102.6s)
[417/720   2437s] c1.75-agv5-base_s23: best fixed SRT-ECT 65.922 oracle 64.271 (2.5%) (106.6s)
[418/720   2449s] c1.75-agv5-utilhi_s23: best fixed MDD-ECT 205.056 oracle 203.846 (0.6%) (125.3s)
[419/720   2449s] c1.75-agv7-base_s23: best fixed SRT-ECT 65.911 oracle 62.522 (5.1%) (101.6s)
[420/720   2449s] c1.75-agv7-utilhi_s23: best fixed SRT-ECT 203.671 oracle 201.981 (0.8%) (113.1s)
[421/720   2449s] c2-agv4-base_s23: best fixed SRT-ECT 49.004 oracle 48.376 (1.3%) (95.6s)
[422/720   2449s] c2-agv4-utilhi_s23: best fixed SRT-ECT 184.324 oracle 180.845 (1.9%) (110.8s)
[423/720   2449s] c2-agv5-base_s23: best fixed SRT-ECT 50.223 oracle 49.423 (1.6%) (96.1s)
[424/720   2463s] c2-agv5-utilhi_s23: best fixed MDD-ECT 179.124 oracle 178.480 (0.4%) (110.2s)
[425/720   2463s] c2-agv7-base_s23: best fixed SRT-ECT 50.215 oracle 48.006 (4.4%) (99.1s)
[426/720   2476s] c2-agv7-utilhi_s23: best fixed SRT-ECT 178.610 oracle 178.253 (0.2%) (115.7s)
[427/720   2476s] c2.5-agv4-base_s23: best fixed MDD-TECT 27.019 oracle 26.645 (1.4%) (94.1s)
[428/720   2510s] c2.5-agv4-utilhi_s23: best fixed MDD-ECT 138.718 oracle 137.403 (0.9%) (120.8s)
[429/720   2528s] c2.5-agv5-base_s23: best fixed MDD-ECT 28.758 oracle 28.221 (1.9%) (109.0s)
[430/720   2538s] c2.5-agv5-utilhi_s23: best fixed MDD-ECT 133.927 oracle 133.645 (0.2%) (118.8s)
[431/720   2538s] c2.5-agv7-base_s23: best fixed MDD-ECT 28.731 oracle 28.215 (1.8%) (106.3s)
[432/720   2541s] c2.5-agv7-utilhi_s23: best fixed SRT-ECT 133.405 oracle 132.054 (1.0%) (116.8s)
[433/720   2541s] c1.75-agv4-base_s24: best fixed MDD-ECT 35.037 oracle 33.511 (4.4%) (75.0s)
[434/720   2541s] c1.75-agv4-utilhi_s24: best fixed SRT-ECT 48.467 oracle 45.625 (5.9%) (88.8s)
[435/720   2541s] c1.75-agv5-base_s24: best fixed MDD-TECT 34.939 oracle 34.601 (1.0%) (66.9s)
[436/720   2541s] c1.75-agv5-utilhi_s24: best fixed MDD-ECT 49.167 oracle 48.027 (2.3%) (79.0s)
[437/720   2541s] c1.75-agv7-base_s24: best fixed MDD-TECT 34.887 oracle 33.931 (2.7%) (70.6s)
[438/720   2541s] c1.75-agv7-utilhi_s24: best fixed SRT-TECT 50.264 oracle 44.363 (11.7%) (84.6s)
[439/720   2541s] c2-agv4-base_s24: best fixed MDD-ECT 30.133 oracle 24.553 (18.5%) (56.0s)
[440/720   2541s] c2-agv4-utilhi_s24: best fixed MDD-ECT 29.747 oracle 29.733 (0.0%) (75.5s)
[441/720   2541s] c2-agv5-base_s24: best fixed ATC-TECT 31.027 oracle 27.594 (11.1%) (68.4s)
[442/720   2548s] c2-agv5-utilhi_s24: best fixed ATC-ECT 31.136 oracle 28.530 (8.4%) (81.6s)
[443/720   2551s] c2-agv7-base_s24: best fixed ATC-TECT 30.974 oracle 28.429 (8.2%) (75.3s)
[444/720   2588s] c2-agv7-utilhi_s24: best fixed ATC-ECT 31.286 oracle 28.469 (9.0%) (86.0s)
[445/720   2588s] c2.5-agv4-base_s24: best fixed ATC-ECT 15.004 oracle 14.950 (0.4%) (62.9s)
[446/720   2590s] c2.5-agv4-utilhi_s24: best fixed ATC-ECT 10.488 oracle 9.872 (5.9%) (84.9s)
[447/720   2590s] c2.5-agv5-base_s24: best fixed ATC-ECT 15.064 oracle 14.889 (1.2%) (67.9s)
[448/720   2592s] c2.5-agv5-utilhi_s24: best fixed ATC-ECT 10.101 oracle 9.806 (2.9%) (79.9s)
[449/720   2592s] c2.5-agv7-base_s24: best fixed ATC-ECT 15.139 oracle 14.829 (2.0%) (67.2s)
[450/720   2595s] c2.5-agv7-utilhi_s24: best fixed ATC-ECT 10.120 oracle 9.976 (1.4%) (77.5s)
[451/720   2615s] c1.75-agv4-base_s25: best fixed MDD-ECT 21.604 oracle 18.921 (12.4%) (88.5s)
[452/720   2615s] c1.75-agv4-utilhi_s25: best fixed SRT-TECT 43.300 oracle 41.954 (3.1%) (77.8s)
[453/720   2615s] c1.75-agv5-base_s25: best fixed MDD-TECT 21.166 oracle 19.809 (6.4%) (83.6s)
[454/720   2627s] c1.75-agv5-utilhi_s25: best fixed SRT-ECT 46.649 oracle 45.826 (1.8%) (95.5s)
[455/720   2627s] c1.75-agv7-base_s25: best fixed MDD-TECT 22.083 oracle 20.795 (5.8%) (80.5s)
[456/720   2639s] c1.75-agv7-utilhi_s25: best fixed SRT-TECT 42.633 oracle 40.389 (5.3%) (101.6s)
[457/720   2639s] c2-agv4-base_s25: best fixed MDD-ECT 14.481 oracle 11.967 (17.4%) (93.7s)
[458/720   2641s] c2-agv4-utilhi_s25: best fixed ATC-TECT 33.088 oracle 31.383 (5.2%) (93.4s)
[459/720   2641s] c2-agv5-base_s25: best fixed MDD-TECT 13.668 oracle 13.655 (0.1%) (79.9s)
[460/720   2659s] c2-agv5-utilhi_s25: best fixed SRT-ECT 36.222 oracle 34.667 (4.3%) (91.9s)
[461/720   2670s] c2-agv7-base_s25: best fixed MDD-TECT 16.030 oracle 14.810 (7.6%) (92.3s)
[462/720   2679s] c2-agv7-utilhi_s25: best fixed SRT-TECT 33.425 oracle 31.018 (7.2%) (94.9s)
[463/720   2679s] c2.5-agv4-base_s25: best fixed MDD-ECT 6.200 oracle 4.924 (20.6%) (80.0s)
[464/720   2679s] c2.5-agv4-utilhi_s25: best fixed MDD-ECT 14.762 oracle 14.762 (0.0%) (89.0s)
[465/720   2679s] c2.5-agv5-base_s25: best fixed MDD-TECT 6.098 oracle 6.094 (0.1%) (84.2s)
[466/720   2698s] c2.5-agv5-utilhi_s25: best fixed MDD-TECT 15.432 oracle 14.490 (6.1%) (103.0s)
[467/720   2698s] c2.5-agv7-base_s25: best fixed MDD-ECT 6.550 oracle 6.549 (0.0%) (90.7s)
[468/720   2708s] c2.5-agv7-utilhi_s25: best fixed MDD-ECT 14.477 oracle 13.935 (3.8%) (96.7s)
[469/720   2708s] c1.75-agv4-base_s26: best fixed SRT-ECT 24.157 oracle 24.144 (0.1%) (71.1s)
[470/720   2708s] c1.75-agv4-utilhi_s26: best fixed MDD-ECT 12.776 oracle 12.776 (0.0%) (50.8s)
[471/720   2708s] c1.75-agv5-base_s26: best fixed MDD-TECT 25.041 oracle 23.715 (5.3%) (64.3s)
[472/720   2708s] c1.75-agv5-utilhi_s26: best fixed MDD-TECT 12.690 oracle 12.670 (0.2%) (49.0s)
[473/720   2708s] c1.75-agv7-base_s26: best fixed MDD-TECT 25.550 oracle 24.072 (5.8%) (66.6s)
[474/720   2708s] c1.75-agv7-utilhi_s26: best fixed MDD-TECT 12.646 oracle 12.646 (0.0%) (52.7s)
[475/720   2711s] c2-agv4-base_s26: best fixed SRT-ECT 15.603 oracle 14.961 (4.1%) (69.5s)
[476/720   2716s] c2-agv4-utilhi_s26: best fixed ATC-TECT 6.822 oracle 5.745 (15.8%) (57.4s)
[477/720   2734s] c2-agv5-base_s26: best fixed MDD-TECT 15.630 oracle 14.639 (6.3%) (68.1s)
[478/720   2734s] c2-agv5-utilhi_s26: best fixed ATC-ECT 6.678 oracle 5.415 (18.9%) (53.7s)
[479/720   2736s] c2-agv7-base_s26: best fixed MDD-TECT 15.992 oracle 15.087 (5.7%) (65.9s)
[480/720   2736s] c2-agv7-utilhi_s26: best fixed ATC-TECT 6.668 oracle 5.101 (23.5%) (51.1s)
[481/720   2749s] c2.5-agv4-base_s26: best fixed MDD-TECT 5.449 oracle 5.449 (0.0%) (69.7s)
[482/720   2749s] c2.5-agv4-utilhi_s26: best fixed ATC-ECT 1.296 oracle 0.781 (39.7%) (50.6s)
[483/720   2750s] c2.5-agv5-base_s26: best fixed MDD-TECT 3.979 oracle 3.979 (0.0%) (69.7s)
[484/720   2750s] c2.5-agv5-utilhi_s26: best fixed ATC-ECT 1.243 oracle 0.656 (47.2%) (61.8s)
[485/720   2755s] c2.5-agv7-base_s26: best fixed MDD-TECT 5.213 oracle 4.425 (15.1%) (63.6s)
[486/720   2755s] c2.5-agv7-utilhi_s26: best fixed ATC-ECT 0.950 oracle 0.935 (1.5%) (51.0s)
[487/720   2781s] c1.75-agv4-base_s27: best fixed EDD-TECT 55.771 oracle 55.270 (0.9%) (84.4s)
[488/720   2781s] c1.75-agv4-utilhi_s27: best fixed SRT-TECT 64.775 oracle 63.293 (2.3%) (82.6s)
[489/720   2795s] c1.75-agv5-base_s27: best fixed MDD-ECT 58.595 oracle 56.901 (2.9%) (93.8s)
[490/720   2806s] c1.75-agv5-utilhi_s27: best fixed MDD-ECT 63.747 oracle 62.272 (2.3%) (97.1s)
[491/720   2806s] c1.75-agv7-base_s27: best fixed MDD-ECT 60.727 oracle 60.549 (0.3%) (82.5s)
[492/720   2810s] c1.75-agv7-utilhi_s27: best fixed SRT-TECT 61.721 oracle 61.599 (0.2%) (93.6s)
[493/720   2810s] c2-agv4-base_s27: best fixed MDD-TECT 44.391 oracle 40.562 (8.6%) (77.5s)
[494/720   2812s] c2-agv4-utilhi_s27: best fixed SRT-TECT 49.410 oracle 48.267 (2.3%) (84.5s)
[495/720   2821s] c2-agv5-base_s27: best fixed ATC-ECT 43.147 oracle 43.123 (0.1%) (90.8s)
[496/720   2822s] c2-agv5-utilhi_s27: best fixed MDD-ECT 46.255 oracle 45.917 (0.7%) (87.6s)
[497/720   2830s] c2-agv7-base_s27: best fixed MDD-TECT 44.068 oracle 41.719 (5.3%) (93.8s)
[498/720   2833s] c2-agv7-utilhi_s27: best fixed SRT-TECT 45.553 oracle 45.126 (0.9%) (90.0s)
[499/720   2833s] c2.5-agv4-base_s27: best fixed ATC-ECT 20.301 oracle 19.287 (5.0%) (85.6s)
[500/720   2833s] c2.5-agv4-utilhi_s27: best fixed MDD-SRWT 23.509 oracle 22.685 (3.5%) (77.0s)
[501/720   2833s] c2.5-agv5-base_s27: best fixed ATC-ECT 19.904 oracle 18.649 (6.3%) (78.8s)
[502/720   2842s] c2.5-agv5-utilhi_s27: best fixed MDD-TECT 23.342 oracle 23.267 (0.3%) (87.4s)
[503/720   2861s] c2.5-agv7-base_s27: best fixed ATC-TECT 20.100 oracle 17.944 (10.7%) (80.5s)
[504/720   2862s] c2.5-agv7-utilhi_s27: best fixed MDD-ECT 22.254 oracle 22.253 (0.0%) (80.4s)
[505/720   2862s] c1.75-agv4-base_s28: best fixed EDD-TECT 13.072 oracle 12.486 (4.5%) (67.9s)
[506/720   2865s] c1.75-agv4-utilhi_s28: best fixed EDD-TECT 13.950 oracle 12.289 (11.9%) (70.4s)
[507/720   2865s] c1.75-agv5-base_s28: best fixed ATC-TECT 13.525 oracle 12.613 (6.7%) (64.6s)
[508/720   2871s] c1.75-agv5-utilhi_s28: best fixed ATC-TECT 14.013 oracle 12.653 (9.7%) (65.3s)
[509/720   2877s] c1.75-agv7-base_s28: best fixed ATC-TECT 13.133 oracle 12.307 (6.3%) (67.6s)
[510/720   2877s] c1.75-agv7-utilhi_s28: best fixed ATC-TECT 13.649 oracle 12.593 (7.7%) (63.6s)
[511/720   2885s] c2-agv4-base_s28: best fixed MDD-TECT 7.145 oracle 6.789 (5.0%) (63.9s)
[512/720   2890s] c2-agv4-utilhi_s28: best fixed MDD-TECT 7.784 oracle 6.716 (13.7%) (67.6s)
[513/720   2890s] c2-agv5-base_s28: best fixed ATC-TECT 7.146 oracle 6.923 (3.1%) (60.9s)
[514/720   2895s] c2-agv5-utilhi_s28: best fixed EDD-ECT 7.615 oracle 6.796 (10.8%) (66.7s)
[515/720   2904s] c2-agv7-base_s28: best fixed ATC-ECT 6.671 oracle 6.068 (9.0%) (73.5s)
[516/720   2904s] c2-agv7-utilhi_s28: best fixed MDD-TECT 6.799 oracle 6.798 (0.0%) (67.0s)
[517/720   2904s] c2.5-agv4-base_s28: best fixed ATC-TECT 1.110 oracle 1.092 (1.6%) (62.9s)
[518/720   2907s] c2.5-agv4-utilhi_s28: best fixed ATC-TECT 1.239 oracle 0.789 (36.4%) (65.2s)
[519/720   2923s] c2.5-agv5-base_s28: best fixed MDD-TECT 0.999 oracle 0.459 (54.1%) (61.8s)
[520/720   2929s] c2.5-agv5-utilhi_s28: best fixed ATC-ECT 1.262 oracle 0.901 (28.6%) (68.0s)
[521/720   2929s] c2.5-agv7-base_s28: best fixed ATC-ECT 0.924 oracle 0.921 (0.3%) (65.0s)
[522/720   2929s] c2.5-agv7-utilhi_s28: best fixed ATC-ECT 1.025 oracle 1.021 (0.5%) (64.9s)
[523/720   2996s] c1.75-agv4-base_s29: best fixed MDD-ECT 75.202 oracle 74.875 (0.4%) (130.7s)
[524/720   3001s] c1.75-agv4-utilhi_s29: best fixed SRT-TECT 111.572 oracle 110.432 (1.0%) (130.2s)
[525/720   3025s] c1.75-agv5-base_s29: best fixed MDD-TECT 93.176 oracle 91.653 (1.6%) (149.0s)
[526/720   3025s] c1.75-agv5-utilhi_s29: best fixed SRT-ECT 118.181 oracle 114.931 (2.8%) (138.5s)
[527/720   3032s] c1.75-agv7-base_s29: best fixed SRT-ECT 90.304 oracle 88.003 (2.5%) (147.3s)
[528/720   3032s] c1.75-agv7-utilhi_s29: best fixed MDD-ECT 119.843 oracle 119.396 (0.4%) (143.4s)
[529/720   3032s] c2-agv4-base_s29: best fixed SRT-TECT 58.581 oracle 58.570 (0.0%) (134.5s)
[530/720   3034s] c2-agv4-utilhi_s29: best fixed MDD-ECT 93.277 oracle 93.277 (0.0%) (138.1s)
[531/720   3034s] c2-agv5-base_s29: best fixed MDD-ECT 76.080 oracle 69.238 (9.0%) (135.9s)
[532/720   3045s] c2-agv5-utilhi_s29: best fixed SRT-ECT 99.899 oracle 97.683 (2.2%) (145.2s)
[533/720   3045s] c2-agv7-base_s29: best fixed SRT-ECT 70.336 oracle 70.165 (0.2%) (139.2s)
[534/720   3049s] c2-agv7-utilhi_s29: best fixed MDD-TECT 99.630 oracle 99.598 (0.0%) (142.1s)
[535/720   3064s] c2.5-agv4-base_s29: best fixed MDD-ECT 27.741 oracle 27.001 (2.7%) (141.6s)
[536/720   3067s] c2.5-agv4-utilhi_s29: best fixed MDD-TECT 57.960 oracle 57.167 (1.4%) (140.7s)
[537/720   3067s] c2.5-agv5-base_s29: best fixed ATC-TECT 38.685 oracle 33.692 (12.9%) (137.5s)
[538/720   3067s] c2.5-agv5-utilhi_s29: best fixed MDD-ECT 66.775 oracle 66.755 (0.0%) (135.0s)
[539/720   3136s] c2.5-agv7-base_s29: best fixed MDD-ECT 39.244 oracle 39.226 (0.0%) (139.8s)
[540/720   3147s] c2.5-agv7-utilhi_s29: best fixed MDD-ECT 63.211 oracle 63.192 (0.0%) (146.1s)
[541/720   3147s] c1.75-agv4-base_s30: best fixed MDD-TECT 8.012 oracle 7.967 (0.6%) (59.4s)
[542/720   3147s] c1.75-agv4-utilhi_s30: best fixed MDD-ECT 7.668 oracle 7.594 (1.0%) (64.2s)
[543/720   3147s] c1.75-agv5-base_s30: best fixed MDD-TECT 9.347 oracle 8.825 (5.6%) (62.9s)
[544/720   3147s] c1.75-agv5-utilhi_s30: best fixed MDD-ECT 7.740 oracle 6.956 (10.1%) (63.5s)
[545/720   3147s] c1.75-agv7-base_s30: best fixed SPT-ECT 7.468 oracle 6.842 (8.4%) (66.9s)
[546/720   3147s] c1.75-agv7-utilhi_s30: best fixed MDD-ECT 7.756 oracle 6.969 (10.1%) (65.5s)
[547/720   3147s] c2-agv4-base_s30: best fixed MDD-TECT 2.783 oracle 2.478 (11.0%) (69.8s)
[548/720   3147s] c2-agv4-utilhi_s30: best fixed ATC-ECT 3.827 oracle 3.777 (1.3%) (72.7s)
[549/720   3147s] c2-agv5-base_s30: best fixed ATC-TECT 3.349 oracle 3.099 (7.5%) (71.4s)
[550/720   3147s] c2-agv5-utilhi_s30: best fixed EDD-ECT 4.309 oracle 2.867 (33.5%) (64.6s)
[551/720   3147s] c2-agv7-base_s30: best fixed SPT-ECT 2.886 oracle 1.996 (30.9%) (58.6s)
[552/720   3147s] c2-agv7-utilhi_s30: best fixed EDD-ECT 4.291 oracle 2.871 (33.1%) (54.0s)
[553/720   3147s] c2.5-agv4-base_s30: best fixed ATC-TECT 0.363 oracle 0.363 (0.0%) (72.1s)
[554/720   3147s] c2.5-agv4-utilhi_s30: best fixed ATC-TECT 0.083 oracle 0.000 (100.0%) (63.1s)
[555/720   3147s] c2.5-agv5-base_s30: best fixed ATC-ECT 0.435 oracle 0.383 (11.8%) (67.1s)
[556/720   3158s] c2.5-agv5-utilhi_s30: best fixed ATC-TECT 0.166 oracle 0.159 (4.3%) (69.7s)
[557/720   3159s] c2.5-agv7-base_s30: best fixed SPT-ECT 0.309 oracle 0.090 (70.8%) (70.6s)
[558/720   3164s] c2.5-agv7-utilhi_s30: best fixed ATC-ECT 0.166 oracle 0.159 (4.4%) (70.4s)
[559/720   3164s] c1.75-agv4-base_s31: best fixed EDD-TECT 3.352 oracle 3.352 (0.0%) (48.4s)
[560/720   3167s] c1.75-agv4-utilhi_s31: best fixed MDD-TECT 62.998 oracle 62.948 (0.1%) (67.6s)
[561/720   3167s] c1.75-agv5-base_s31: best fixed EDD-TECT 3.423 oracle 3.015 (11.9%) (47.1s)
[562/720   3178s] c1.75-agv5-utilhi_s31: best fixed SRT-TECT 59.047 oracle 58.334 (1.2%) (63.9s)
[563/720   3178s] c1.75-agv7-base_s31: best fixed MDD-TECT 3.278 oracle 2.998 (8.5%) (54.3s)
[564/720   3178s] c1.75-agv7-utilhi_s31: best fixed MDD-ECT 60.725 oracle 60.694 (0.1%) (55.7s)
[565/720   3178s] c2-agv4-base_s31: best fixed MDD-TECT 1.918 oracle 1.807 (5.8%) (43.2s)
[566/720   3180s] c2-agv4-utilhi_s31: best fixed EDD-TECT 52.401 oracle 52.401 (0.0%) (57.3s)
[567/720   3183s] c2-agv5-base_s31: best fixed MDD-TECT 1.807 oracle 1.700 (5.9%) (52.2s)
[568/720   3205s] c2-agv5-utilhi_s31: best fixed MDD-ECT 48.699 oracle 48.699 (0.0%) (68.8s)
[569/720   3205s] c2-agv7-base_s31: best fixed MDD-TECT 1.789 oracle 1.655 (7.5%) (50.1s)
[570/720   3205s] c2-agv7-utilhi_s31: best fixed SRT-ECT 50.712 oracle 50.689 (0.0%) (61.3s)
[571/720   3205s] c2.5-agv4-base_s31: best fixed MDD-TECT 0.659 oracle 0.512 (22.2%) (54.2s)
[572/720   3208s] c2.5-agv4-utilhi_s31: best fixed SRT-ECT 34.228 oracle 34.226 (0.0%) (60.7s)
[573/720   3208s] c2.5-agv5-base_s31: best fixed MDD-TECT 0.622 oracle 0.451 (27.4%) (45.0s)
[574/720   3215s] c2.5-agv5-utilhi_s31: best fixed SRT-TECT 30.000 oracle 29.657 (1.1%) (57.7s)
[575/720   3217s] c2.5-agv7-base_s31: best fixed MDD-TECT 0.619 oracle 0.442 (28.7%) (57.5s)
[576/720   3219s] c2.5-agv7-utilhi_s31: best fixed MDD-TECT 31.824 oracle 31.198 (2.0%) (57.3s)
[577/720   3324s] c1.75-agv4-base_s32: best fixed ATC-TECT 64.736 oracle 64.172 (0.9%) (159.7s)
[578/720   3324s] c1.75-agv4-utilhi_s32: best fixed EDD-TECT 15.020 oracle 14.204 (5.4%) (123.8s)
[579/720   3348s] c1.75-agv5-base_s32: best fixed ATC-ECT 60.130 oracle 59.746 (0.6%) (177.9s)
[580/720   3348s] c1.75-agv5-utilhi_s32: best fixed MDD-ECT 14.212 oracle 13.409 (5.7%) (118.4s)
[581/720   3367s] c1.75-agv7-base_s32: best fixed ATC-TECT 58.940 oracle 57.219 (2.9%) (188.6s)
[582/720   3367s] c1.75-agv7-utilhi_s32: best fixed ATC-TECT 13.427 oracle 12.902 (3.9%) (116.1s)
[583/720   3367s] c2-agv4-base_s32: best fixed ATC-TECT 59.186 oracle 58.930 (0.4%) (161.2s)
[584/720   3367s] c2-agv4-utilhi_s32: best fixed MDD-ECT 9.760 oracle 9.688 (0.7%) (129.4s)
[585/720   3368s] c2-agv5-base_s32: best fixed ATC-TECT 54.244 oracle 53.918 (0.6%) (171.9s)
[586/720   3368s] c2-agv5-utilhi_s32: best fixed MDD-ECT 8.013 oracle 8.013 (0.0%) (126.4s)
[587/720   3391s] c2-agv7-base_s32: best fixed ATC-TECT 53.179 oracle 51.694 (2.8%) (186.9s)
[588/720   3391s] c2-agv7-utilhi_s32: best fixed ATC-ECT 7.785 oracle 6.862 (11.8%) (130.9s)
[589/720   3400s] c2.5-agv4-base_s32: best fixed ATC-ECT 49.057 oracle 48.150 (1.8%) (191.7s)
[590/720   3400s] c2.5-agv4-utilhi_s32: best fixed ATC-ECT 4.337 oracle 3.691 (14.9%) (119.3s)
[591/720   3400s] c2.5-agv5-base_s32: best fixed ATC-TECT 44.802 oracle 44.793 (0.0%) (183.7s)
[592/720   3400s] c2.5-agv5-utilhi_s32: best fixed MDD-TECT 2.616 oracle 2.616 (0.0%) (116.3s)
[593/720   3460s] c2.5-agv7-base_s32: best fixed ATC-TECT 43.413 oracle 43.413 (0.0%) (169.2s)
[594/720   3460s] c2.5-agv7-utilhi_s32: best fixed ATC-ECT 2.438 oracle 2.305 (5.5%) (122.1s)
[595/720   3460s] c1.75-agv4-base_s33: best fixed MDD-ECT 2.859 oracle 2.736 (4.3%) (60.6s)
[596/720   3460s] c1.75-agv4-utilhi_s33: best fixed SRT-ECT 208.359 oracle 206.669 (0.8%) (141.1s)
[597/720   3460s] c1.75-agv5-base_s33: best fixed MDD-ECT 2.850 oracle 2.678 (6.0%) (52.5s)
[598/720   3465s] c1.75-agv5-utilhi_s33: best fixed SRT-ECT 214.259 oracle 211.216 (1.4%) (138.1s)
[599/720   3465s] c1.75-agv7-base_s33: best fixed MDD-TECT 2.839 oracle 2.713 (4.4%) (59.9s)
[600/720   3465s] c1.75-agv7-utilhi_s33: best fixed SRT-ECT 208.587 oracle 208.536 (0.0%) (126.1s)
[601/720   3465s] c2-agv4-base_s33: best fixed MDD-ECT 2.015 oracle 1.628 (19.2%) (52.2s)
[602/720   3481s] c2-agv4-utilhi_s33: best fixed SRT-ECT 182.737 oracle 177.267 (3.0%) (137.1s)
[603/720   3481s] c2-agv5-base_s33: best fixed MDD-ECT 2.013 oracle 1.599 (20.6%) (55.8s)
[604/720   3500s] c2-agv5-utilhi_s33: best fixed SRT-ECT 186.492 oracle 183.129 (1.8%) (143.0s)
[605/720   3500s] c2-agv7-base_s33: best fixed MDD-ECT 2.014 oracle 1.629 (19.2%) (46.5s)
[606/720   3510s] c2-agv7-utilhi_s33: best fixed SRT-ECT 180.924 oracle 180.744 (0.1%) (142.6s)
[607/720   3510s] c2.5-agv4-base_s33: best fixed MDD-ECT 1.170 oracle 0.813 (30.6%) (46.4s)
[608/720   3519s] c2.5-agv4-utilhi_s33: best fixed SRT-ECT 131.252 oracle 130.982 (0.2%) (130.9s)
[609/720   3519s] c2.5-agv5-base_s33: best fixed MDD-ECT 1.168 oracle 0.800 (31.5%) (55.7s)
[610/720   3539s] c2.5-agv5-utilhi_s33: best fixed ATC-ECT 132.692 oracle 128.876 (2.9%) (144.5s)
[611/720   3539s] c2.5-agv7-base_s33: best fixed MDD-ECT 1.170 oracle 0.800 (31.6%) (51.8s)
[612/720   3539s] c2.5-agv7-utilhi_s33: best fixed MDD-ECT 125.991 oracle 122.939 (2.4%) (131.0s)
[613/720   3539s] c1.75-agv4-base_s34: best fixed MDD-TECT 10.955 oracle 10.601 (3.2%) (68.2s)
[614/720   3539s] c1.75-agv4-utilhi_s34: best fixed ATC-TECT 0.817 oracle 0.817 (0.0%) (51.8s)
[615/720   3539s] c1.75-agv5-base_s34: best fixed SRT-ECT 11.765 oracle 10.575 (10.1%) (66.4s)
[616/720   3539s] c1.75-agv5-utilhi_s34: best fixed MDD-TECT 0.798 oracle 0.798 (0.0%) (59.7s)
[617/720   3539s] c1.75-agv7-base_s34: best fixed MDD-TECT 10.801 oracle 9.443 (12.6%) (63.2s)
[618/720   3539s] c1.75-agv7-utilhi_s34: best fixed ATC-TECT 0.780 oracle 0.780 (0.0%) (53.8s)
[619/720   3539s] c2-agv4-base_s34: best fixed MDD-TECT 7.309 oracle 6.530 (10.7%) (66.0s)
[620/720   3539s] c2-agv4-utilhi_s34: best fixed ATC-TECT 0.200 oracle 0.196 (2.0%) (56.0s)
[621/720   3539s] c2-agv5-base_s34: best fixed SRT-ECT 7.960 oracle 6.643 (16.5%) (70.1s)
[622/720   3539s] c2-agv5-utilhi_s34: best fixed MDD-TECT 0.192 oracle 0.192 (0.0%) (50.4s)
[623/720   3539s] c2-agv7-base_s34: best fixed MDD-TECT 7.108 oracle 6.359 (10.5%) (58.8s)
[624/720   3539s] c2-agv7-utilhi_s34: best fixed ATC-TECT 0.185 oracle 0.185 (0.0%) (61.2s)
[625/720   3539s] c2.5-agv4-base_s34: best fixed ATC-ECT 2.807 oracle 2.156 (23.2%) (57.6s)
[626/720   3543s] c2.5-agv4-utilhi_s34: best fixed SRT-SRWT 0.039 oracle 0.039 (0.0%) (62.6s)
[627/720   3546s] c2.5-agv5-base_s34: best fixed SRT-ECT 4.045 oracle 2.417 (40.3%) (63.6s)
[628/720   3557s] c2.5-agv5-utilhi_s34: best fixed MDD-ECT 0.058 oracle 0.058 (0.0%) (57.0s)
[629/720   3581s] c2.5-agv7-base_s34: best fixed EDD-TECT 2.256 oracle 2.110 (6.5%) (75.5s)
[630/720   3581s] c2.5-agv7-utilhi_s34: best fixed MDD-ECT 0.058 oracle 0.058 (0.0%) (58.0s)
[631/720   3581s] c1.75-agv4-base_s35: best fixed MDD-ECT 12.776 oracle 12.776 (0.0%) (56.3s)
[632/720   3581s] c1.75-agv4-utilhi_s35: best fixed MDD-ECT 27.150 oracle 26.971 (0.7%) (53.5s)
[633/720   3581s] c1.75-agv5-base_s35: best fixed ATC-ECT 11.223 oracle 10.770 (4.0%) (48.2s)
[634/720   3581s] c1.75-agv5-utilhi_s35: best fixed SRT-ECT 25.944 oracle 25.830 (0.4%) (52.1s)
[635/720   3581s] c1.75-agv7-base_s35: best fixed ATC-ECT 13.589 oracle 12.727 (6.3%) (56.8s)
[636/720   3581s] c1.75-agv7-utilhi_s35: best fixed SRT-TECT 27.553 oracle 27.254 (1.1%) (50.2s)
[637/720   3581s] c2-agv4-base_s35: best fixed ATC-ECT 6.506 oracle 6.389 (1.8%) (43.5s)
[638/720   3584s] c2-agv4-utilhi_s35: best fixed MDD-TECT 17.507 oracle 15.163 (13.4%) (51.9s)
[639/720   3584s] c2-agv5-base_s35: best fixed ATC-TECT 7.442 oracle 7.000 (5.9%) (48.1s)
[640/720   3592s] c2-agv5-utilhi_s35: best fixed EDD-TECT 17.360 oracle 16.486 (5.0%) (55.0s)
[641/720   3592s] c2-agv7-base_s35: best fixed MDD-TECT 8.172 oracle 7.311 (10.5%) (52.5s)
[642/720   3602s] c2-agv7-utilhi_s35: best fixed EDD-TECT 16.378 oracle 16.165 (1.3%) (59.0s)
[643/720   3602s] c2.5-agv4-base_s35: best fixed MDD-SRWT 2.015 oracle 1.075 (46.6%) (47.9s)
[644/720   3606s] c2.5-agv4-utilhi_s35: best fixed MDD-TECT 5.673 oracle 4.694 (17.3%) (48.8s)
[645/720   3614s] c2.5-agv5-base_s35: best fixed MDD-SRWT 1.681 oracle 1.072 (36.2%) (50.1s)
[646/720   3623s] c2.5-agv5-utilhi_s35: best fixed EDD-TECT 6.884 oracle 4.728 (31.3%) (56.7s)
[647/720   3623s] c2.5-agv7-base_s35: best fixed MDD-SRWT 1.681 oracle 1.071 (36.3%) (49.1s)
[648/720   3630s] c2.5-agv7-utilhi_s35: best fixed EDD-ECT 6.276 oracle 4.705 (25.0%) (62.0s)
[649/720   3641s] c1.75-agv4-base_s36: best fixed MDD-TECT 15.132 oracle 14.950 (1.2%) (70.1s)
[650/720   3694s] c1.75-agv4-utilhi_s36: best fixed SRT-TECT 55.753 oracle 55.587 (0.3%) (118.7s)
[651/720   3694s] c1.75-agv5-base_s36: best fixed MDD-TECT 15.129 oracle 14.955 (1.2%) (70.1s)
[652/720   3694s] c1.75-agv5-utilhi_s36: best fixed SRT-TECT 53.805 oracle 53.537 (0.5%) (110.4s)
[653/720   3694s] c1.75-agv7-base_s36: best fixed MDD-TECT 15.049 oracle 15.025 (0.2%) (64.2s)
[654/720   3694s] c1.75-agv7-utilhi_s36: best fixed SRT-ECT 54.526 oracle 54.236 (0.5%) (110.0s)
[655/720   3694s] c2-agv4-base_s36: best fixed ATC-ECT 12.351 oracle 12.351 (0.0%) (69.3s)
[656/720   3704s] c2-agv4-utilhi_s36: best fixed MDD-TECT 40.854 oracle 40.854 (0.0%) (112.0s)
[657/720   3704s] c2-agv5-base_s36: best fixed ATC-ECT 12.322 oracle 12.322 (0.0%) (65.0s)
[658/720   3705s] c2-agv5-utilhi_s36: best fixed SRT-ECT 41.700 oracle 41.693 (0.0%) (111.0s)
[659/720   3705s] c2-agv7-base_s36: best fixed ATC-ECT 12.349 oracle 12.349 (0.0%) (62.9s)
[660/720   3724s] c2-agv7-utilhi_s36: best fixed SRT-ECT 42.477 oracle 41.215 (3.0%) (118.3s)
[661/720   3724s] c2.5-agv4-base_s36: best fixed ATC-TECT 6.998 oracle 6.998 (0.0%) (61.0s)
[662/720   3731s] c2.5-agv4-utilhi_s36: best fixed MDD-ECT 22.292 oracle 21.095 (5.4%) (113.3s)
[663/720   3731s] c2.5-agv5-base_s36: best fixed ATC-TECT 6.960 oracle 6.960 (0.0%) (58.1s)
[664/720   3753s] c2.5-agv5-utilhi_s36: best fixed MDD-ECT 21.194 oracle 21.187 (0.0%) (122.2s)
[665/720   3753s] c2.5-agv7-base_s36: best fixed ATC-TECT 7.135 oracle 7.135 (0.0%) (64.7s)
[666/720   3756s] c2.5-agv7-utilhi_s36: best fixed MDD-TECT 22.467 oracle 21.571 (4.0%) (110.5s)
[667/720   3756s] c1.75-agv4-base_s37: best fixed ATC-TECT 6.589 oracle 5.941 (9.8%) (73.9s)
[668/720   3756s] c1.75-agv4-utilhi_s37: best fixed SPT-TECT 34.648 oracle 34.256 (1.1%) (95.9s)
[669/720   3756s] c1.75-agv5-base_s37: best fixed ATC-ECT 8.601 oracle 8.184 (4.9%) (74.3s)
[670/720   3761s] c1.75-agv5-utilhi_s37: best fixed ATC-ECT 27.293 oracle 27.293 (0.0%) (95.2s)
[671/720   3761s] c1.75-agv7-base_s37: best fixed MDD-TECT 5.879 oracle 5.879 (0.0%) (79.8s)
[672/720   3773s] c1.75-agv7-utilhi_s37: best fixed EDD-ECT 24.957 oracle 23.636 (5.3%) (91.4s)
[673/720   3773s] c2-agv4-base_s37: best fixed ATC-ECT 3.058 oracle 2.537 (17.0%) (74.1s)
[674/720   3787s] c2-agv4-utilhi_s37: best fixed SPT-TECT 26.501 oracle 26.237 (1.0%) (95.5s)
[675/720   3787s] c2-agv5-base_s37: best fixed MDD-TECT 4.775 oracle 4.634 (3.0%) (79.8s)
[676/720   3787s] c2-agv5-utilhi_s37: best fixed SPT-ECT 21.564 oracle 20.498 (4.9%) (80.1s)
[677/720   3787s] c2-agv7-base_s37: best fixed ATC-ECT 3.157 oracle 3.157 (0.0%) (71.7s)
[678/720   3789s] c2-agv7-utilhi_s37: best fixed SRT-TECT 18.947 oracle 18.886 (0.3%) (83.7s)
[679/720   3794s] c2.5-agv4-base_s37: best fixed MDD-SRWT 0.418 oracle 0.000 (100.0%) (75.1s)
[680/720   3809s] c2.5-agv4-utilhi_s37: best fixed ATC-TECT 13.178 oracle 12.461 (5.4%) (84.7s)
[681/720   3809s] c2.5-agv5-base_s37: best fixed MDD-SRWT 0.977 oracle 0.844 (13.6%) (76.5s)
[682/720   3819s] c2.5-agv5-utilhi_s37: best fixed ATC-TECT 12.144 oracle 11.841 (2.5%) (87.0s)
[683/720   3828s] c2.5-agv7-base_s37: best fixed ATC-ECT 0.553 oracle 0.553 (0.0%) (79.2s)
[684/720   3844s] c2.5-agv7-utilhi_s37: best fixed SRT-TECT 9.825 oracle 9.825 (0.0%) (90.9s)
[685/720   3844s] c1.75-agv4-base_s38: best fixed ATC-SRWT 10.283 oracle 8.134 (20.9%) (77.4s)
[686/720   3890s] c1.75-agv4-utilhi_s38: best fixed SRT-ECT 208.414 oracle 204.413 (1.9%) (134.3s)
[687/720   3890s] c1.75-agv5-base_s38: best fixed MDD-TECT 10.258 oracle 10.049 (2.0%) (77.4s)
[688/720   3918s] c1.75-agv5-utilhi_s38: best fixed MDD-ECT 202.421 oracle 198.239 (2.1%) (153.3s)
[689/720   3918s] c1.75-agv7-base_s38: best fixed MDD-TECT 10.259 oracle 10.049 (2.0%) (85.4s)
[690/720   3918s] c1.75-agv7-utilhi_s38: best fixed SRT-ECT 203.603 oracle 200.559 (1.5%) (141.7s)
[691/720   3918s] c2-agv4-base_s38: best fixed MDD-TECT 6.097 oracle 6.049 (0.8%) (79.3s)
[692/720   3922s] c2-agv4-utilhi_s38: best fixed MDD-TECT 179.485 oracle 179.466 (0.0%) (138.6s)
[693/720   3922s] c2-agv5-base_s38: best fixed MDD-TECT 6.037 oracle 6.036 (0.0%) (86.4s)
[694/720   3924s] c2-agv5-utilhi_s38: best fixed MDD-TECT 176.729 oracle 175.618 (0.6%) (134.7s)
[695/720   3924s] c2-agv7-base_s38: best fixed MDD-TECT 6.050 oracle 6.031 (0.3%) (81.3s)
[696/720   3957s] c2-agv7-utilhi_s38: best fixed SRT-ECT 180.535 oracle 178.925 (0.9%) (150.1s)
[697/720   3957s] c2.5-agv4-base_s38: best fixed ATC-ECT 1.302 oracle 0.609 (53.2%) (70.3s)
[698/720   3961s] c2.5-agv4-utilhi_s38: best fixed MDD-TECT 136.680 oracle 136.616 (0.0%) (142.0s)
[699/720   3961s] c2.5-agv5-base_s38: best fixed ATC-ECT 1.323 oracle 0.590 (55.4%) (79.8s)
[700/720   3969s] c2.5-agv5-utilhi_s38: best fixed MDD-ECT 129.649 oracle 129.060 (0.5%) (137.1s)
[701/720   3969s] c2.5-agv7-base_s38: best fixed ATC-ECT 1.323 oracle 0.590 (55.4%) (74.4s)
[702/720   3983s] c2.5-agv7-utilhi_s38: best fixed MDD-TECT 132.427 oracle 132.346 (0.1%) (138.9s)
[703/720   3983s] c1.75-agv4-base_s39: best fixed MDD-TECT 12.427 oracle 12.278 (1.2%) (47.1s)
[704/720   3983s] c1.75-agv4-utilhi_s39: best fixed MDD-ECT 26.097 oracle 26.042 (0.2%) (63.5s)
[705/720   3983s] c1.75-agv5-base_s39: best fixed MDD-TECT 11.773 oracle 11.721 (0.4%) (65.0s)
[706/720   3983s] c1.75-agv5-utilhi_s39: best fixed MDD-ECT 28.323 oracle 27.712 (2.2%) (56.2s)
[707/720   3983s] c1.75-agv7-base_s39: best fixed MDD-TECT 12.122 oracle 11.654 (3.9%) (51.0s)
[708/720   3983s] c1.75-agv7-utilhi_s39: best fixed MDD-ECT 27.772 oracle 27.768 (0.0%) (55.9s)
[709/720   3983s] c2-agv4-base_s39: best fixed MDD-ECT 7.188 oracle 6.852 (4.7%) (55.7s)
[710/720   3983s] c2-agv4-utilhi_s39: best fixed MDD-ECT 17.035 oracle 16.091 (5.5%) (56.2s)
[711/720   3983s] c2-agv5-base_s39: best fixed MDD-TECT 6.785 oracle 6.565 (3.2%) (53.4s)
[712/720   3983s] c2-agv5-utilhi_s39: best fixed MDD-TECT 19.039 oracle 17.478 (8.2%) (54.9s)
[713/720   3983s] c2-agv7-base_s39: best fixed MDD-TECT 6.964 oracle 6.579 (5.5%) (55.9s)
[714/720   3983s] c2-agv7-utilhi_s39: best fixed MDD-ECT 18.778 oracle 18.744 (0.2%) (54.1s)
[715/720   3983s] c2.5-agv4-base_s39: best fixed EDD-ECT 1.200 oracle 1.200 (0.0%) (48.6s)
[716/720   3983s] c2.5-agv4-utilhi_s39: best fixed MDD-ECT 8.324 oracle 7.503 (9.9%) (54.4s)
[717/720   3983s] c2.5-agv5-base_s39: best fixed MDD-ECT 1.461 oracle 1.435 (1.8%) (48.8s)
[718/720   3989s] c2.5-agv5-utilhi_s39: best fixed ATC-TECT 7.874 oracle 5.854 (25.6%) (57.0s)
[719/720   3989s] c2.5-agv7-base_s39: best fixed ATC-TECT 1.445 oracle 1.338 (7.4%) (43.1s)
[720/720   3993s] c2.5-agv7-utilhi_s39: best fixed ATC-TECT 7.450 oracle 5.787 (22.3%) (47.1s)
