B2 s1 rule-hindsight: base 40.839 rollout 33.605 (+17.71%) 26 decisions, 1 deviate, 0 outside rules, 14 s
B2 s4 rule-hindsight: base 22.566 rollout 21.661 (+4.01%) 61 decisions, 1 deviate, 0 outside rules, 36 s
B2 s9 rule-hindsight: base 76.675 rollout 64.289 (+16.15%) 79 decisions, 2 deviate, 0 outside rules, 38 s
B2 s6 rule-hindsight: base 34.090 rollout 33.762 (+0.96%) 108 decisions, 5 deviate, 0 outside rules, 71 s
B2 s8 rule-hindsight: base 116.024 rollout 98.085 (+15.46%) 144 decisions, 5 deviate, 0 outside rules, 79 s
B2 s17 rule-hindsight: base 13.212 rollout 9.411 (+28.77%) 78 decisions, 3 deviate, 0 outside rules, 57 s
B2 s20 rule-hindsight: base 122.829 rollout 115.100 (+6.29%) 55 decisions, 1 deviate, 0 outside rules, 32 s
B2 s10 rule-hindsight: base 214.026 rollout 183.609 (+14.21%) 172 decisions, 3 deviate, 0 outside rules, 114 s
B2 s18 rule-hindsight: base 168.218 rollout 157.382 (+6.44%) 155 decisions, 3 deviate, 0 outside rules, 96 s
B2 s19 rule-hindsight: base 23.200 rollout 23.200 (+0.00%) 99 decisions, 0 deviate, 0 outside rules, 70 s
B2 s21 rule-hindsight: base 202.992 rollout 186.622 (+8.06%) 53 decisions, 4 deviate, 0 outside rules, 52 s
B2 s15 rule-hindsight: base 291.334 rollout 252.762 (+13.24%) 132 decisions, 4 deviate, 0 outside rules, 174 s
B2 s11 rule-hindsight: base 73.532 rollout 57.388 (+21.95%) 153 decisions, 6 deviate, 0 outside rules, 175 s
B2 s0 rule-hindsight: base 113.602 rollout 99.080 (+12.78%) 195 decisions, 5 deviate, 0 outside rules, 190 s
B2 s23 rule-hindsight: base 248.570 rollout 220.260 (+11.39%) 83 decisions, 2 deviate, 0 outside rules, 79 s
B2 s2 rule-hindsight: base 317.769 rollout 271.614 (+14.52%) 136 decisions, 2 deviate, 0 outside rules, 197 s
B2 s14 rule-hindsight: base 47.805 rollout 39.212 (+17.98%) 133 decisions, 4 deviate, 0 outside rules, 200 s
B2 s26 rule-hindsight: base 154.696 rollout 154.696 (+0.00%) 87 decisions, 1 deviate, 0 outside rules, 56 s
B2 s3 rule-hindsight: base 119.113 rollout 105.078 (+11.78%) 202 decisions, 6 deviate, 0 outside rules, 209 s
B2 s24 rule-hindsight: base 115.729 rollout 106.162 (+8.27%) 178 decisions, 6 deviate, 0 outside rules, 108 s
B2 s34 rule-hindsight: base 48.281 rollout 45.075 (+6.64%) 98 decisions, 5 deviate, 0 outside rules, 49 s
B2 s33 rule-hindsight: base 105.836 rollout 94.116 (+11.07%) 74 decisions, 3 deviate, 0 outside rules, 60 s
B2 s30 rule-hindsight: base 163.077 rollout 143.874 (+11.78%) 142 decisions, 3 deviate, 0 outside rules, 73 s
B2 s29 rule-hindsight: base 44.854 rollout 36.221 (+19.25%) 114 decisions, 5 deviate, 0 outside rules, 86 s
B2 s28 rule-hindsight: base 75.832 rollout 67.781 (+10.62%) 160 decisions, 3 deviate, 0 outside rules, 117 s
B2 s12 rule-hindsight: base 241.277 rollout 217.218 (+9.97%) 146 decisions, 10 deviate, 0 outside rules, 301 s
B2 s35 rule-hindsight: base 56.765 rollout 47.857 (+15.69%) 143 decisions, 4 deviate, 0 outside rules, 68 s
B2 s22 rule-hindsight: base 523.237 rollout 452.389 (+13.54%) 124 decisions, 8 deviate, 0 outside rules, 205 s
B2 s37 rule-hindsight: base 88.430 rollout 88.395 (+0.04%) 60 decisions, 2 deviate, 0 outside rules, 54 s
B2 s16 rule-hindsight: base 140.771 rollout 110.555 (+21.47%) 144 decisions, 4 deviate, 0 outside rules, 309 s
B2 s36 rule-hindsight: base 146.562 rollout 146.562 (+0.00%) 115 decisions, 0 deviate, 0 outside rules, 68 s
B2 s39 rule-hindsight: base 257.807 rollout 240.349 (+6.77%) 101 decisions, 2 deviate, 0 outside rules, 51 s
B2 s7 rule-hindsight: base 478.880 rollout 430.042 (+10.20%) 154 decisions, 8 deviate, 0 outside rules, 375 s
B2 s13 rule-hindsight: base 469.201 rollout 433.681 (+7.57%) 130 decisions, 8 deviate, 0 outside rules, 386 s
B2 s25 rule-hindsight: base 153.313 rollout 126.852 (+17.26%) 209 decisions, 3 deviate, 0 outside rules, 259 s
B2 s1 rule-expected8: base 40.839 rollout 40.839 (+0.00%) 26 decisions, 3 deviate, 0 outside rules, 107 s
B2 s31 rule-hindsight: base 153.694 rollout 132.738 (+13.63%) 202 decisions, 4 deviate, 0 outside rules, 211 s
B2 s32 rule-hindsight: base 199.919 rollout 172.350 (+13.79%) 156 decisions, 6 deviate, 0 outside rules, 214 s
B2 s27 rule-hindsight: base 588.329 rollout 537.503 (+8.64%) 134 decisions, 5 deviate, 0 outside rules, 259 s
B2 s4 rule-expected8: base 22.566 rollout 21.668 (+3.98%) 61 decisions, 3 deviate, 0 outside rules, 180 s
B2 s38 rule-hindsight: base 134.244 rollout 117.666 (+12.35%) 148 decisions, 4 deviate, 0 outside rules, 245 s
B2 s5 rule-hindsight: base 308.584 rollout 291.936 (+5.39%) 231 decisions, 11 deviate, 0 outside rules, 513 s
B2 s9 rule-expected8: base 76.675 rollout 92.713 (-20.92%) 78 decisions, 6 deviate, 0 outside rules, 273 s
B2 s6 rule-expected8: base 34.090 rollout 35.281 (-3.49%) 113 decisions, 11 deviate, 0 outside rules, 478 s
B2 s17 rule-expected8: base 13.212 rollout 10.064 (+23.83%) 76 decisions, 6 deviate, 0 outside rules, 340 s
B2 s8 rule-expected8: base 116.024 rollout 118.643 (-2.26%) 151 decisions, 16 deviate, 0 outside rules, 626 s
B2 s10 rule-expected8: base 214.026 rollout 191.801 (+10.38%) 160 decisions, 13 deviate, 0 outside rules, 609 s
B2 s20 rule-expected8: base 122.829 rollout 132.527 (-7.89%) 54 decisions, 3 deviate, 0 outside rules, 198 s
B2 s21 rule-expected8: base 202.992 rollout 197.742 (+2.59%) 52 decisions, 9 deviate, 0 outside rules, 287 s
B2 s19 rule-expected8: base 23.200 rollout 23.201 (-0.01%) 98 decisions, 11 deviate, 0 outside rules, 496 s
B2 s18 rule-expected8: base 168.218 rollout 186.305 (-10.75%) 157 decisions, 13 deviate, 0 outside rules, 655 s
B2 s23 rule-expected8: base 248.570 rollout 240.398 (+3.29%) 83 decisions, 12 deviate, 0 outside rules, 435 s
B2 s0 rule-expected8: base 113.602 rollout 106.591 (+6.17%) 187 decisions, 22 deviate, 0 outside rules, 1213 s
B2 s15 rule-expected8: base 291.334 rollout 284.666 (+2.29%) 131 decisions, 23 deviate, 0 outside rules, 1102 s
B2 s26 rule-expected8: base 154.696 rollout 191.959 (-24.09%) 84 decisions, 9 deviate, 0 outside rules, 331 s
B2 s3 rule-expected8: base 119.113 rollout 122.821 (-3.11%) 197 decisions, 23 deviate, 0 outside rules, 1435 s
B2 s2 rule-expected8: base 317.769 rollout 314.002 (+1.19%) 136 decisions, 17 deviate, 0 outside rules, 1503 s
B2 s11 rule-expected8: base 73.532 rollout 70.562 (+4.04%) 159 decisions, 22 deviate, 0 outside rules, 1454 s
B2 s22 rule-expected8: base 523.237 rollout 473.702 (+9.47%) 117 decisions, 13 deviate, 0 outside rules, 939 s
B2 s30 rule-expected8: base 163.077 rollout 150.291 (+7.84%) 144 decisions, 13 deviate, 0 outside rules, 600 s
B2 s33 rule-expected8: base 105.836 rollout 108.513 (-2.53%) 74 decisions, 7 deviate, 0 outside rules, 415 s
B2 s29 rule-expected8: base 44.854 rollout 44.331 (+1.17%) 114 decisions, 12 deviate, 0 outside rules, 683 s
B2 s14 rule-expected8: base 47.805 rollout 58.758 (-22.91%) 129 decisions, 23 deviate, 0 outside rules, 1863 s
B2 s34 rule-expected8: base 48.281 rollout 48.885 (-1.25%) 95 decisions, 10 deviate, 0 outside rules, 402 s
B2 s24 rule-expected8: base 115.729 rollout 131.830 (-13.91%) 183 decisions, 20 deviate, 0 outside rules, 1117 s
B2 s28 rule-expected8: base 75.832 rollout 65.623 (+13.46%) 160 decisions, 18 deviate, 0 outside rules, 915 s
B2 s12 rule-expected8: base 241.277 rollout 238.274 (+1.24%) 142 decisions, 21 deviate, 0 outside rules, 2042 s
B2 s1 direct-hindsight: base 40.839 rollout 32.915 (+19.40%) 26 decisions, 3 deviate, 2 outside rules, 47 s
B2 s37 rule-expected8: base 88.430 rollout 93.836 (-6.11%) 60 decisions, 6 deviate, 0 outside rules, 405 s
B2 s39 rule-expected8: base 257.807 rollout 255.457 (+0.91%) 101 decisions, 7 deviate, 0 outside rules, 386 s
B2 s4 direct-hindsight: base 22.566 rollout 20.039 (+11.20%) 61 decisions, 6 deviate, 4 outside rules, 109 s
B2 s35 rule-expected8: base 56.765 rollout 53.368 (+5.98%) 140 decisions, 16 deviate, 0 outside rules, 585 s
B2 s36 rule-expected8: base 146.562 rollout 167.955 (-14.60%) 119 decisions, 13 deviate, 0 outside rules, 588 s
B2 s7 rule-expected8: base 478.880 rollout 473.072 (+1.21%) 149 decisions, 30 deviate, 0 outside rules, 2555 s
B2 s9 direct-hindsight: base 76.675 rollout 62.696 (+18.23%) 79 decisions, 4 deviate, 3 outside rules, 178 s
B2 s32 rule-expected8: base 199.919 rollout 195.093 (+2.41%) 149 decisions, 15 deviate, 0 outside rules, 1262 s
B2 s27 rule-expected8: base 588.329 rollout 613.831 (-4.33%) 125 decisions, 23 deviate, 0 outside rules, 1626 s
B2 s0 direct-hindsight: base 113.602 rollout 95.875 (+15.60%) 192 decisions, 9 deviate, 7 outside rules, 726 s
B2 s3 direct-hindsight: base 119.113 rollout 105.237 (+11.65%) 195 decisions, 6 deviate, 4 outside rules, 695 s
B2 s8 direct-hindsight: base 116.024 rollout 100.347 (+13.51%) 148 decisions, 8 deviate, 7 outside rules, 351 s
B2 s16 rule-expected8: base 140.771 rollout 118.463 (+15.85%) 144 decisions, 27 deviate, 0 outside rules, 2709 s
B2 s6 direct-hindsight: base 34.090 rollout 33.287 (+2.35%) 114 decisions, 5 deviate, 5 outside rules, 490 s
B2 s31 rule-expected8: base 153.694 rollout 153.051 (+0.42%) 200 decisions, 19 deviate, 0 outside rules, 1669 s
B2 s2 direct-hindsight: base 317.769 rollout 265.842 (+16.34%) 137 decisions, 5 deviate, 4 outside rules, 974 s
B2 s17 direct-hindsight: base 13.212 rollout 9.894 (+25.11%) 69 decisions, 8 deviate, 8 outside rules, 142 s
B2 s25 rule-expected8: base 153.313 rollout 146.738 (+4.29%) 205 decisions, 23 deviate, 0 outside rules, 2134 s
B2 s10 direct-hindsight: base 214.026 rollout 183.909 (+14.07%) 165 decisions, 11 deviate, 9 outside rules, 458 s
B2 s20 direct-hindsight: base 122.829 rollout 115.347 (+6.09%) 54 decisions, 2 deviate, 2 outside rules, 116 s
B2 s21 direct-hindsight: base 202.992 rollout 189.839 (+6.48%) 53 decisions, 6 deviate, 3 outside rules, 126 s
B2 s19 direct-hindsight: base 23.200 rollout 23.200 (+0.00%) 99 decisions, 0 deviate, 0 outside rules, 187 s
B2 s11 direct-hindsight: base 73.532 rollout 55.668 (+24.29%) 156 decisions, 8 deviate, 7 outside rules, 563 s
B2 s13 rule-expected8: base 469.201 rollout 463.888 (+1.13%) 128 decisions, 29 deviate, 0 outside rules, 3341 s
B2 s23 direct-hindsight: base 248.570 rollout 217.751 (+12.40%) 83 decisions, 5 deviate, 4 outside rules, 213 s
B2 s26 direct-hindsight: base 154.696 rollout 154.696 (+0.00%) 87 decisions, 1 deviate, 0 outside rules, 184 s
B2 s18 direct-hindsight: base 168.218 rollout 153.837 (+8.55%) 160 decisions, 9 deviate, 7 outside rules, 439 s
B2 s24 direct-hindsight: base 115.729 rollout 102.177 (+11.71%) 180 decisions, 3 deviate, 3 outside rules, 480 s
B2 s29 direct-hindsight: base 44.854 rollout 36.040 (+19.65%) 111 decisions, 6 deviate, 5 outside rules, 297 s
B2 s5 rule-expected8: base 308.584 rollout 326.837 (-5.92%) 229 decisions, 43 deviate, 0 outside rules, 3812 s
B2 s22 direct-hindsight: base 523.237 rollout 448.669 (+14.25%) 117 decisions, 7 deviate, 6 outside rules, 640 s
B2 s30 direct-hindsight: base 163.077 rollout 140.590 (+13.79%) 141 decisions, 4 deviate, 4 outside rules, 307 s
B2 s14 direct-hindsight: base 47.805 rollout 31.280 (+34.57%) 135 decisions, 8 deviate, 7 outside rules, 1035 s
B2 s28 direct-hindsight: base 75.832 rollout 60.537 (+20.17%) 159 decisions, 8 deviate, 7 outside rules, 442 s
B2 s34 direct-hindsight: base 48.281 rollout 43.524 (+9.85%) 97 decisions, 12 deviate, 7 outside rules, 142 s
B2 s33 direct-hindsight: base 105.836 rollout 92.624 (+12.48%) 75 decisions, 4 deviate, 4 outside rules, 170 s
B2 s37 direct-hindsight: base 88.430 rollout 88.238 (+0.22%) 60 decisions, 4 deviate, 2 outside rules, 162 s
B2 s35 direct-hindsight: base 56.765 rollout 45.713 (+19.47%) 146 decisions, 8 deviate, 5 outside rules, 258 s
B2 s36 direct-hindsight: base 146.562 rollout 146.307 (+0.17%) 120 decisions, 7 deviate, 5 outside rules, 251 s
B2 s39 direct-hindsight: base 257.807 rollout 227.696 (+11.68%) 99 decisions, 5 deviate, 3 outside rules, 207 s
B2 s15 direct-hindsight: base 291.334 rollout 246.434 (+15.41%) 128 decisions, 8 deviate, 8 outside rules, 1402 s
B2 s38 rule-expected8: base 134.244 rollout 131.132 (+2.32%) 151 decisions, 15 deviate, 0 outside rules, 2391 s
B2 s31 direct-hindsight: base 153.694 rollout 129.391 (+15.81%) 197 decisions, 5 deviate, 4 outside rules, 714 s
B2 s32 direct-hindsight: base 199.919 rollout 174.238 (+12.85%) 155 decisions, 10 deviate, 9 outside rules, 657 s
B2 s1 direct-expected8: base 40.839 rollout 42.770 (-4.73%) 26 decisions, 11 deviate, 7 outside rules, 368 s
B2 s7 direct-hindsight: base 478.880 rollout 383.983 (+19.82%) 163 decisions, 10 deviate, 8 outside rules, 2086 s
B2 s12 direct-hindsight: base 241.277 rollout 199.801 (+17.19%) 148 decisions, 6 deviate, 5 outside rules, 2063 s
B2 s4 direct-expected8: base 22.566 rollout 24.535 (-8.72%) 58 decisions, 13 deviate, 10 outside rules, 857 s
B2 s27 direct-hindsight: base 588.329 rollout 527.672 (+10.31%) 132 decisions, 10 deviate, 9 outside rules, 2102 s
B2 s13 direct-hindsight: base 469.201 rollout 432.150 (+7.90%) 122 decisions, 4 deviate, 3 outside rules, 2858 s
B2 s9 direct-expected8: base 76.675 rollout 80.110 (-4.48%) 75 decisions, 24 deviate, 15 outside rules, 1357 s
B2 s25 direct-hindsight: base 153.313 rollout 119.592 (+22.00%) 214 decisions, 4 deviate, 3 outside rules, 2663 s
B2 s38 direct-hindsight: base 134.244 rollout 115.476 (+13.98%) 153 decisions, 6 deviate, 4 outside rules, 1975 s
B2 s16 direct-hindsight: base 140.771 rollout 103.313 (+26.61%) 147 decisions, 10 deviate, 10 outside rules, 4002 s
B2 s8 direct-expected8: base 116.024 rollout 118.830 (-2.42%) 127 decisions, 53 deviate, 45 outside rules, 2649 s
B2 s5 direct-hindsight: base 308.584 rollout 276.585 (+10.37%) 228 decisions, 13 deviate, 12 outside rules, 5186 s
B2 s6 direct-expected8: base 34.090 rollout 35.467 (-4.04%) 111 decisions, 26 deviate, 21 outside rules, 3418 s
B2 s10 direct-expected8: base 214.026 rollout 238.798 (-11.57%) 149 decisions, 44 deviate, 37 outside rules, 3214 s
B2 s17 direct-expected8: base 13.212 rollout 8.906 (+32.59%) 72 decisions, 17 deviate, 13 outside rules, 1208 s
B2 s20 direct-expected8: base 122.829 rollout 124.030 (-0.98%) 55 decisions, 16 deviate, 13 outside rules, 712 s
B2 s21 direct-expected8: base 202.992 rollout 201.184 (+0.89%) 53 decisions, 13 deviate, 9 outside rules, 618 s
B2 s19 direct-expected8: base 23.200 rollout 23.200 (+0.00%) 96 decisions, 19 deviate, 10 outside rules, 1366 s
B2 s0 direct-expected8: base 113.602 rollout 116.286 (-2.36%) 184 decisions, 58 deviate, 51 outside rules, 5126 s
B2 s2 direct-expected8: base 317.769 rollout 328.176 (-3.28%) 135 decisions, 49 deviate, 43 outside rules, 5347 s
B2 s3 direct-expected8: base 119.113 rollout 130.639 (-9.68%) 188 decisions, 54 deviate, 41 outside rules, 5292 s
B2 s11 direct-expected8: base 73.532 rollout 72.726 (+1.10%) 149 decisions, 32 deviate, 27 outside rules, 4412 s
B2 s23 direct-expected8: base 248.570 rollout 240.790 (+3.13%) 80 decisions, 19 deviate, 18 outside rules, 1376 s
B2 s18 direct-expected8: base 168.218 rollout 178.591 (-6.17%) 149 decisions, 47 deviate, 41 outside rules, 2959 s
B2 s26 direct-expected8: base 154.696 rollout 202.621 (-30.98%) 76 decisions, 22 deviate, 19 outside rules, 1300 s
B2 s29 direct-expected8: base 44.854 rollout 45.416 (-1.25%) 103 decisions, 31 deviate, 22 outside rules, 1853 s
B2 s22 direct-expected8: base 523.237 rollout 510.946 (+2.35%) 115 decisions, 32 deviate, 26 outside rules, 3907 s
B2 s30 direct-expected8: base 163.077 rollout 179.346 (-9.98%) 129 decisions, 38 deviate, 34 outside rules, 2363 s
B2 s33 direct-expected8: base 105.836 rollout 103.902 (+1.83%) 68 decisions, 22 deviate, 17 outside rules, 1194 s
B2 s24 direct-expected8: base 115.729 rollout 129.618 (-12.00%) 179 decisions, 48 deviate, 40 outside rules, 3949 s
B2 s28 direct-expected8: base 75.832 rollout 79.588 (-4.95%) 157 decisions, 34 deviate, 25 outside rules, 3379 s
B2 s34 direct-expected8: base 48.281 rollout 47.791 (+1.02%) 92 decisions, 31 deviate, 22 outside rules, 1417 s
B2 s37 direct-expected8: base 88.430 rollout 89.343 (-1.03%) 60 decisions, 9 deviate, 6 outside rules, 990 s
B2 s36 direct-expected8: base 146.562 rollout 152.599 (-4.12%) 97 decisions, 27 deviate, 24 outside rules, 1578 s
B2 s35 direct-expected8: base 56.765 rollout 60.449 (-6.49%) 124 decisions, 37 deviate, 24 outside rules, 1893 s
B2 s39 direct-expected8: base 257.807 rollout 239.579 (+7.07%) 97 decisions, 25 deviate, 17 outside rules, 1305 s
B2 s15 direct-expected8: base 291.334 rollout 281.476 (+3.38%) 134 decisions, 48 deviate, 46 outside rules, 9337 s
B2 s7 direct-expected8: base 478.880 rollout 505.037 (-5.46%) 153 decisions, 47 deviate, 42 outside rules, 10921 s
B2 s31 direct-expected8: base 153.694 rollout 149.380 (+2.81%) 191 decisions, 45 deviate, 36 outside rules, 5544 s
B2 s32 direct-expected8: base 199.919 rollout 178.286 (+10.82%) 154 decisions, 45 deviate, 38 outside rules, 5622 s
B2 s12 direct-expected8: base 241.277 rollout 258.093 (-6.97%) 143 decisions, 34 deviate, 25 outside rules, 13362 s
B2 s27 direct-expected8: base 588.329 rollout 572.385 (+2.71%) 131 decisions, 44 deviate, 38 outside rules, 10445 s
B2 s14 direct-expected8: base 47.805 rollout 56.882 (-18.99%) 135 decisions, 50 deviate, 40 outside rules, 14363 s
B2 s25 direct-expected8: base 153.313 rollout 165.431 (-7.90%) 199 decisions, 48 deviate, 40 outside rules, 17152 s
B2 s13 direct-expected8: base 469.201 rollout 468.167 (+0.22%) 134 decisions, 56 deviate, 48 outside rules, 20506 s
B2 s38 direct-expected8: base 134.244 rollout 134.409 (-0.12%) 144 decisions, 44 deviate, 34 outside rules, 13787 s
B2 s16 direct-expected8: base 140.771 rollout 125.162 (+11.09%) 142 decisions, 43 deviate, 39 outside rules, 28492 s
B2 s5 direct-expected8: base 308.584 rollout 318.664 (-3.27%) 234 decisions, 57 deviate, 50 outside rules, 34835 s
