[10-03 14:17] starting 44 tasks, 20 workers
[10-03 14:17] FAIL results/rq2-oracle-due/s11 (see results/rq2-oracle-due/s11/oracle.log)
[10-03 14:17] FAIL results/rq2-oracle-due/s15 (see results/rq2-oracle-due/s15/oracle.log)
[10-03 14:17] FAIL results/rq2-oracle-due-utilhi/s0 (see results/rq2-oracle-due-utilhi/s0/oracle.log)
[10-03 14:17] FAIL results/rq2-oracle-due/s9 (see results/rq2-oracle-due/s9/oracle.log)
[10-03 14:17] FAIL results/rq2-oracle-due/s10 (see results/rq2-oracle-due/s10/oracle.log)
[10-03 14:17] FAIL results/rq2-oracle-due-agv4/s1 (see results/rq2-oracle-due-agv4/s1/oracle.log)
[10-03 14:17] FAIL results/rq2-oracle-due/s19 (see results/rq2-oracle-due/s19/oracle.log)
[10-03 14:17] FAIL results/rq2-oracle-due/s8 (see results/rq2-oracle-due/s8/oracle.log)
[10-03 14:17] FAIL results/rq2-oracle-due-agv4/s0 (see results/rq2-oracle-due-agv4/s0/oracle.log)
[10-03 14:17] FAIL results/rq2-oracle-due/s16 (see results/rq2-oracle-due/s16/oracle.log)
[10-03 14:17] FAIL results/rq2-oracle-due/s14 (see results/rq2-oracle-due/s14/oracle.log)
[10-03 14:17] FAIL results/rq2-oracle-due/s18 (see results/rq2-oracle-due/s18/oracle.log)
[10-03 14:17] FAIL results/rq2-oracle-due/s13 (see results/rq2-oracle-due/s13/oracle.log)
[10-03 14:17] FAIL results/rq2-oracle-due-l1500/s2 (see results/rq2-oracle-due-l1500/s2/oracle.log)
[10-03 14:17] FAIL results/rq2-oracle-due-agv4/s2 (see results/rq2-oracle-due-agv4/s2/oracle.log)
[10-03 14:17] FAIL results/rq2-oracle-due/s12 (see results/rq2-oracle-due/s12/oracle.log)
[10-03 14:17] FAIL results/rq2-oracle-due-utilhi/s1 (see results/rq2-oracle-due-utilhi/s1/oracle.log)
[10-03 14:17] FAIL results/rq2-oracle-due-l1500/s1 (see results/rq2-oracle-due-l1500/s1/oracle.log)
[10-03 14:17] FAIL results/rq2-oracle-due/s17 (see results/rq2-oracle-due/s17/oracle.log)
[10-03 14:17] FAIL results/rq2-oracle-due-l1500/s0 (see results/rq2-oracle-due-l1500/s0/oracle.log)
[10-03 14:17] FAIL results/base-due-c2/s4 (see results/base-due-c2/s4/eval.log)
[10-03 14:17] FAIL results/base-due-c2/s2 (see results/base-due-c2/s2/eval.log)
[10-03 14:17] FAIL results/base-due-c2/s3 (see results/base-due-c2/s3/eval.log)
[10-03 14:17] FAIL results/base-due-c2/s1 (see results/base-due-c2/s1/eval.log)
[10-03 14:17] FAIL results/base-due-c2/s7 (see results/base-due-c2/s7/eval.log)
[10-03 14:17] FAIL results/base-due-c2/s5 (see results/base-due-c2/s5/eval.log)
[10-03 14:17] FAIL results/base-due-c2/s12 (see results/base-due-c2/s12/eval.log)
[10-03 14:17] FAIL results/base-due-c2/s0 (see results/base-due-c2/s0/eval.log)
[10-03 14:17] FAIL results/base-due-c2/s15 (see results/base-due-c2/s15/eval.log)
[10-03 14:17] FAIL results/base-due-c2/s10 (see results/base-due-c2/s10/eval.log)
[10-03 14:17] FAIL results/base-due-c2/s14 (see results/base-due-c2/s14/eval.log)
[10-03 14:17] FAIL results/base-due-c2/s13 (see results/base-due-c2/s13/eval.log)
[10-03 14:17] FAIL results/base-due-c2/s11 (see results/base-due-c2/s11/eval.log)
[10-03 14:17] FAIL results/base-due-c2/s16 (see results/base-due-c2/s16/eval.log)
[10-03 14:17] FAIL results/base-due-c2/s18 (see results/base-due-c2/s18/eval.log)
[10-03 14:17] FAIL results/base-due-c2/s17 (see results/base-due-c2/s17/eval.log)
