== Per seed (tardiness, 1000 job-s; best-on-average pair MDD-TECT) ==
      best_pair_value  per_seed_best per_seed_best_pair   oracle  total_%  switch_%  vs_SRT-TECT_%                                               schedule
seed                                                                                                                                                     
0              18.813         17.025            ATC-ECT   15.018   20.174    11.792         26.623       ATC-ECT|ATC-ECT|ATC-ECT|MDD-ECT|SRT-ECT|SRT-SRWT
1              47.953         45.622            SRT-ECT   45.104    5.940     1.134          1.519        SRT-ECT|SRT-ECT|MDD-ECT|MDD-ECT|MDD-ECT|SRT-ECT
2              29.505         28.343            ATC-ECT   26.761    9.299     5.581         11.561       ATC-ECT|MDD-ECT|MDD-ECT|MDD-ECT|EDD-ECT|EDD-SRWT
3              87.495         87.495           MDD-TECT   87.263    0.264     0.264          6.307      MDD-TECT|MDD-ECT|MDD-ECT|MDD-ECT|MDD-SRWT|SRT-ECT
4               2.595          2.586           SRT-TECT    2.558    1.433     1.090          1.090  SRT-TECT|SRT-TECT|SRT-TECT|SRT-TECT|SRT-TECT|MDD-SRWT
5              27.580         27.580           MDD-TECT   26.396    4.295     4.295         23.602    MDD-TECT|MDD-TECT|MDD-TECT|MDD-ECT|SRT-SRWT|SRT-ECT
6               4.803          4.803           MDD-TECT    4.730    1.515     1.515          1.573    MDD-TECT|ATC-TECT|ATC-ECT|ATC-ECT|SPT-SRWT|SRT-SRWT
7             195.334        192.901           SRT-TECT  190.312    2.571     1.342          1.342     SRT-TECT|SRT-TECT|MDD-ECT|MDD-ECT|SRT-ECT|SRT-SRWT 

total_% vs MDD-TECT: mean 5.69, median 3.43, seeds > 2%: 5/8 (62%)
switch_% vs per-seed best: mean 3.38, median 1.43
oracle vs SRT-TECT: mean 9.20, median 3.94

== Fixed pairs: mean gap to the per-seed best (%), wins ==
          gap_%  wins
MDD-TECT   2.66   3.0
MDD-ECT    6.20   0.0
SRT-TECT   7.39   2.0
ATC-ECT    8.91   2.0
SRT-ECT    9.45   1.0
EDD-TECT  10.48   0.0
ATC-TECT  13.81   0.0
EDD-ECT   14.22   0.0
SPT-ECT   14.61   0.0
SPT-TECT  21.58   0.0
SRT-SRWT  22.29   0.0
MDD-SRWT  23.14   0.0
ATC-SRWT  26.51   0.0
SPT-SRWT  33.01   0.0
EDD-SRWT  36.11   0.0 

oracle job rules: MDD 42%, SRT 38%, ATC 15%, EDD 4%, SPT 2%

oracle schedule's time in system vs the seed's best fixed pair on time in system: -0.37% (mean)

== Twin cross-check (failure-free seeds; gain vs the seed's best fixed pair) ==
 seed twin_best unity_best  rank_corr  mean_abs_diff_%  twin_oracle_gain_%  unity_oracle_gain_%
    0  SRT-TECT    ATC-ECT       0.66             6.16                1.62                11.79
    2   ATC-ECT    ATC-ECT       0.96             2.29                2.17                 5.58
    4   SRT-ECT   SRT-TECT       0.95             1.85                0.00                 1.09
