[10-02 15:31] start: 16 conditions x seeds [0 1 2 3 4], window 10800s, 12 workers
[10-02 15:47] ok   a35-bal-loc s0
[10-02 15:48] ok   a49-bal-loc s0
[10-02 15:48] ok   a49-skw-loc s0
[10-02 15:49] ok   a49-skw-l4 s0
[10-02 15:49] ok   a49-bal-l4 s0
[10-02 15:49] ok   a35-bal-l4 s0
[10-02 15:50] ok   a49-skw-l1 s0
[10-02 15:50] ok   a49-bal-l1 s0
[10-02 15:50] ok   a49-bal-l0 s0
[10-02 15:50] ok   a49-skw-l0 s0
[10-02 15:50] ok   a35-bal-l1 s0
[10-02 15:51] ok   a35-bal-l0 s0
[10-02 16:01] ok   a35-skw-loc s0
[10-02 16:02] ok   a49-bal-loc s1
[10-02 16:02] ok   a35-skw-l4 s0
[10-02 16:03] ok   a49-bal-l4 s1
[10-02 16:03] ok   a35-skw-l1 s0
[10-02 16:04] ok   a49-skw-l4 s1
[10-02 16:04] ok   a49-bal-l1 s1
[10-02 16:04] ok   a35-skw-l0 s0
[10-02 16:04] ok   a49-skw-loc s1
[10-02 16:04] ok   a49-bal-l0 s1
[10-02 16:05] ok   a49-skw-l1 s1
[10-02 16:06] ok   a49-skw-l0 s1
[10-02 16:15] ok   a49-bal-l1 s2
[10-02 16:15] ok   a49-bal-l0 s2
[10-02 16:16] ok   a49-bal-l4 s2
[10-02 16:16] ok   a35-bal-loc s1
[10-02 16:16] ok   a49-bal-loc s2
[10-02 16:17] ok   a35-bal-l4 s1
[10-02 16:18] ok   a35-skw-loc s1
[10-02 16:18] ok   a35-bal-l1 s1
[10-02 16:18] ok   a35-bal-l0 s1
[10-02 16:19] ok   a35-skw-l4 s1
[10-02 16:21] ok   a35-skw-l1 s1
[10-02 16:21] ok   a35-skw-l0 s1
[10-02 16:31] ok   a35-bal-l0 s2
[10-02 16:31] ok   a35-bal-l1 s2
[10-02 16:32] ok   a49-skw-l1 s2
[10-02 16:32] ok   a49-skw-l0 s2
[10-02 16:32] ok   a49-skw-l4 s2
[10-02 16:32] ok   a49-skw-loc s2
[10-02 16:32] ok   a35-bal-l4 s2
[10-02 16:32] ok   a35-bal-loc s2
[10-02 16:34] ok   a35-skw-l1 s2
[10-02 16:34] ok   a35-skw-l0 s2
[10-02 16:36] ok   a35-skw-l4 s2
[10-02 16:36] ok   a35-skw-loc s2
[10-02 17:02] ok   a49-bal-l4 s3
[10-02 17:02] ok   a49-skw-l4 s3
[10-02 17:03] ok   a49-bal-l1 s3
[10-02 17:03] ok   a49-bal-l0 s3
[10-02 17:03] ok   a49-skw-l1 s3
[10-02 17:03] ok   a49-skw-l0 s3
[10-02 17:05] ok   a49-skw-loc s3
[10-02 17:05] ok   a35-bal-loc s3
[10-02 17:05] ok   a49-bal-loc s3
[10-02 17:09] ok   a35-bal-l4 s3
[10-02 17:10] ok   a35-bal-l1 s3
[10-02 17:13] ok   a35-bal-l0 s3
[10-02 17:16] ok   a49-bal-l1 s4
[10-02 17:17] ok   a49-bal-l4 s4
[10-02 17:18] ok   a49-bal-loc s4
[10-02 17:19] ok   a49-bal-l0 s4
[10-02 17:21] ok   a49-skw-l0 s4
[10-02 17:22] ok   a49-skw-l1 s4
[10-02 17:23] ok   a49-skw-l4 s4
[10-02 17:25] ok   a35-skw-loc s3
[10-02 17:26] ok   a49-skw-loc s4
[10-02 17:27] ok   a35-skw-l4 s3
[10-02 17:31] ok   a35-skw-l1 s3
[10-02 17:32] ok   a35-bal-loc s4
[10-02 17:33] ok   a35-bal-l4 s4
[10-02 17:33] ok   a35-skw-l0 s3
[10-02 17:34] ok   a35-bal-l1 s4
[10-02 17:35] ok   a35-skw-loc s4
[10-02 17:35] ok   a35-bal-l0 s4
[10-02 17:37] ok   a35-skw-l4 s4
[10-02 17:38] ok   a35-skw-l1 s4
[10-02 17:39] ok   a35-skw-l0 s4
[10-02 17:39] done: 80 episodes
                       seeds  time_in_system  gap_to_best_pct  seeds_won  jobs_exited  cross_tile_pct  tiles_per_cross  agv_busy_pct  deadlocks
fleet release variant                                                                                                                          
a35   bal     l0           5         2045.02             3.46          1        859.4           66.02             2.17         84.33          0
              l1           5         1995.47             1.15          3        871.6           56.62             1.95         82.11          0
              l4           5         2011.26             1.96          1        870.4           37.43             1.59         76.72          0
              loc          5         2240.05            14.12          0        837.2            0.00              NaN         70.71          0
      skw     l0           5         2046.87             3.13          1        860.0           65.60             2.26         83.97          0
              l1           5         2003.92             1.15          1        866.8           56.03             1.99         81.88          0
              l4           5         1998.03             1.28          3        876.0           40.02             1.63         77.02          0
              loc          5         2428.84            23.97          0        796.0            0.00              NaN         68.18          0
a49   bal     l0           5         1932.77             1.35          3        889.0           70.76             2.34         71.21          0
              l1           5         1909.78             0.26          2        900.0           59.55             2.05         67.67          0
              l4           5         1961.82             2.97          0        891.0           40.04             1.64         62.19          0
              loc          5         2204.35            16.21          0        833.8            0.00              NaN         52.20          0
      skw     l0           5         1919.19             0.90          3        891.6           71.65             2.41         71.17          0
              l1           5         1904.53             0.03          2        902.4           60.35             2.10         68.32          0
              l4           5         1951.89             2.80          0        894.0           41.88             1.72         62.58          0
              loc          5         2409.12            27.84          0        798.6            0.00              NaN         50.68          0

Best variant on average per (fleet, release); does it change?
  a35 bal: TECT λ 1 (gap 1.15%, won 3/5)
  a35 skw: TECT λ 1 (gap 1.15%, won 1/5)
  a49 bal: TECT λ 1 (gap 0.26%, won 2/5)
  a49 skw: TECT λ 1 (gap 0.03%, won 2/5)

Per seed, time in system relative to TECT λ 0 (%):
variant              l0   l1    l4   loc
fleet release seed                      
a35   bal     0     0.0 -0.3   2.0  17.6
              1     0.0 -2.4  -0.9   6.0
              2     0.0  0.7   4.1  18.6
              3     0.0 -2.7  -1.0   6.4
              4     0.0 -6.0 -10.5   3.9
      skw     0     0.0 -1.1   1.5  29.6
              1     0.0 -1.2  -1.6  12.9
              2     0.0  0.6   3.8  31.4
              3     0.0 -2.0  -3.9  11.5
              4     0.0 -5.6  -8.1  16.4
a49   bal     0     0.0  0.1   2.2  15.8
              1     0.0  0.6   1.8   9.6
              2     0.0  0.6   4.1  18.4
              3     0.0 -1.6   1.6  11.6
              4     0.0 -4.9  -1.6  17.8
      skw     0     0.0  0.1   1.8  30.1
              1     0.0  0.0   2.1  17.5
              2     0.0  0.1   4.8  29.6
              3     0.0 -0.2   1.8  18.7
              4     0.0 -4.1  -1.0  37.1

Jobs released per tile (first episode of each release rule):
  bal: 144;144;144;144;143;143;143
  skw: 302;201;101;101;100;100;100
