code 9d3ba46af885 at bb3cc651
[1/80    608s] long_s6: best fixed MDD-TECT 37.601 oracle 33.861 (9.9%) (607.4s)
[2/80    760s] long_s0: best fixed ATC-TECT 228.249 oracle 211.019 (7.5%) (759.9s)
[3/80    821s] blocks-base_s6: best fixed ATC-TECT 14.338 oracle 12.685 (11.5%) (821.1s)
[4/80    832s] long_s2: best fixed MDD-ECT 170.828 oracle 154.874 (9.3%) (831.8s)
[5/80    999s] blocks-base_s3: best fixed ATC-ECT 138.720 oracle 125.720 (9.4%) (998.7s)
[6/80   1048s] blocks-base_s4: best fixed MDD-ECT 274.626 oracle 243.314 (11.4%) (1047.3s)
[7/80   1069s] long_s1: best fixed ATC-TECT 62.818 oracle 53.930 (14.1%) (1068.7s)
[8/80   1077s] long_s7: best fixed MDD-TECT 168.554 oracle 163.102 (3.2%) (1076.6s)
[9/80   1095s] blocks-base_s1: best fixed SRT-ECT 144.198 oracle 129.172 (10.4%) (1094.6s)
[10/80   1117s] long_s5: best fixed MDD-ECT 604.245 oracle 550.749 (8.9%) (1116.5s)
[11/80   1135s] blocks-base_s0: best fixed MDD-TECT 323.281 oracle 317.698 (1.7%) (1134.8s)
[12/80   1175s] blocks-base_s5: best fixed ATC-ECT 280.619 oracle 274.844 (2.1%) (1173.6s)
[13/80   1234s] blocks-base_s2: best fixed ATC-TECT 70.675 oracle 62.993 (10.9%) (1233.9s)
[14/80   1235s] long_s3: best fixed ATC-TECT 130.621 oracle 118.606 (9.2%) (1235.3s)
[15/80   1332s] blocks-base_s7: best fixed MDD-ECT 288.316 oracle 284.531 (1.3%) (1332.1s)
[16/80   1491s] long_s4: best fixed ATC-ECT 157.413 oracle 130.087 (17.4%) (1489.8s)
[17/80   1607s] long_s8: best fixed ATC-ECT 62.114 oracle 59.415 (4.3%) (999.5s)
[18/80   1665s] blocks-base_s9: best fixed ATC-TECT 123.033 oracle 122.662 (0.3%) (833.6s)
[19/80   1799s] blocks-base_s8: best fixed ATC-TECT 160.405 oracle 145.155 (9.5%) (1038.9s)
[20/80   1842s] long_s10: best fixed ATC-ECT 10.447 oracle 8.318 (20.4%) (842.8s)
[21/80   2121s] long_s11: best fixed MDD-ECT 107.295 oracle 93.713 (12.7%) (1052.1s)
[22/80   2135s] blocks-base_s10: best fixed ATC-ECT 101.540 oracle 93.527 (7.9%) (1086.9s)
[23/80   2179s] long_s9: best fixed MDD-ECT 718.861 oracle 712.608 (0.9%) (1357.6s)
[24/80   2198s] long_s13: best fixed ATC-ECT 113.739 oracle 111.174 (2.3%) (1062.5s)
[25/80   2203s] blocks-base_s14: best fixed ATC-ECT 83.767 oracle 79.488 (5.1%) (967.8s)
[26/80   2211s] long_s15: best fixed MDD-TECT 444.893 oracle 432.993 (2.7%) (878.6s)
[27/80   2415s] blocks-base_s13: best fixed ATC-TECT 176.764 oracle 158.694 (10.2%) (1240.4s)
[28/80   2417s] long_s12: best fixed MDD-TECT 381.998 oracle 373.123 (2.3%) (1321.8s)
[29/80   2447s] blocks-base_s11: best fixed MDD-TECT 153.017 oracle 142.269 (7.0%) (1369.8s)
[30/80   2484s] blocks-base_s12: best fixed ATC-TECT 198.967 oracle 189.005 (5.0%) (1366.8s)
[31/80   2617s] blocks-base_s15: best fixed MDD-ECT 190.882 oracle 176.254 (7.7%) (1126.3s)
[32/80   2652s] long_s16: best fixed MDD-TECT 125.270 oracle 122.487 (2.2%) (1044.3s)
[33/80   2673s] long_s14: best fixed ATC-ECT 256.542 oracle 227.890 (11.2%) (1439.3s)
[34/80   2709s] long_s17: best fixed EDD-TECT 112.452 oracle 98.539 (12.4%) (909.6s)
[35/80   2831s] blocks-base_s16: best fixed MDD-ECT 199.215 oracle 185.518 (6.9%) (1165.6s)
[36/80   2888s] long_s20: best fixed SRT-ECT 289.700 oracle 278.032 (4.0%) (685.2s)
[37/80   2906s] blocks-base_s19: best fixed ATC-TECT 41.351 oracle 37.385 (9.6%) (708.9s)
[38/80   3035s] blocks-base_s17: best fixed MDD-TECT 328.296 oracle 321.256 (2.1%) (1193.5s)
[39/80   3092s] long_s19: best fixed SRT-TECT 568.631 oracle 561.765 (1.2%) (912.8s)
[40/80   3096s] blocks-base_s18: best fixed ATC-TECT 135.669 oracle 116.851 (13.9%) (961.5s)
[41/80   3156s] long_s22: best fixed ATC-ECT 129.304 oracle 112.454 (13.0%) (708.6s)
[42/80   3218s] blocks-base_s20: best fixed ATC-ECT 238.041 oracle 208.621 (12.4%) (1007.0s)
[43/80   3590s] blocks-base_s21: best fixed SRT-TECT 332.405 oracle 304.303 (8.5%) (1173.2s)
[44/80   3610s] long_s18: best fixed SRT-TECT 929.098 oracle 909.354 (2.1%) (1488.8s)
[45/80   3648s] long_s24: best fixed MDD-TECT 284.755 oracle 273.148 (4.1%) (974.2s)
[46/80   3684s] blocks-base_s24: best fixed ATC-ECT 147.627 oracle 131.292 (11.1%) (975.2s)
[47/80   3728s] long_s23: best fixed MDD-ECT 888.605 oracle 864.312 (2.7%) (1109.4s)
[48/80   3756s] long_s26: best fixed MDD-ECT 266.183 oracle 254.801 (4.3%) (849.0s)
[49/80   3869s] long_s21: best fixed MDD-TECT 603.261 oracle 558.426 (7.4%) (1453.5s)
[50/80   3874s] blocks-base_s23: best fixed ATC-TECT 234.962 oracle 215.387 (8.3%) (1222.6s)
[51/80   3915s] blocks-base_s22: best fixed MDD-TECT 419.776 oracle 396.066 (5.6%) (1431.6s)
[52/80   3975s] long_s27: best fixed ATC-ECT 24.774 oracle 19.831 (20.0%) (882.9s)
[53/80   4017s] blocks-base_s26: best fixed ATC-ECT 39.845 oracle 39.223 (1.6%) (982.2s)
[54/80   4054s] blocks-base_s25: best fixed MDD-TECT 98.263 oracle 76.556 (22.1%) (1165.0s)
[55/80   4117s] blocks-base_s27: best fixed MDD-ECT 143.898 oracle 125.741 (12.6%) (1021.2s)
[56/80   4231s] blocks-base_s28: best fixed MDD-TECT 39.929 oracle 35.463 (11.2%) (1013.3s)
[57/80   4237s] long_s28: best fixed ATC-TECT 50.228 oracle 44.459 (11.5%) (1080.6s)
[58/80   4253s] long_s25: best fixed SRT-ECT 569.653 oracle 556.398 (2.3%) (1422.0s)
[59/80   4517s] long_s30: best fixed ATC-ECT 41.580 oracle 36.215 (12.9%) (869.1s)
[60/80   4659s] blocks-base_s30: best fixed MDD-ECT 117.395 oracle 110.337 (6.0%) (975.3s)
[61/80   4728s] blocks-base_s29: best fixed MDD-ECT 135.846 oracle 120.294 (11.4%) (1118.1s)
[62/80   4804s] blocks-base_s34: best fixed SPT-ECT 87.017 oracle 74.443 (14.5%) (750.4s)
[63/80   4889s] long_s31: best fixed SPT-TECT 108.870 oracle 97.099 (10.8%) (1161.6s)
[64/80   4916s] long_s29: best fixed SRT-TECT 613.676 oracle 588.997 (4.0%) (1325.6s)
[65/80   4940s] long_s35: best fixed MDD-TECT 50.822 oracle 40.232 (20.8%) (822.2s)
[66/80   4978s] long_s34: best fixed SPT-TECT 223.664 oracle 212.188 (5.1%) (960.1s)
[67/80   4993s] blocks-base_s32: best fixed MDD-ECT 65.777 oracle 61.567 (6.4%) (1118.4s)
[68/80   5033s] blocks-base_s33: best fixed MDD-TECT 92.870 oracle 91.639 (1.3%) (1057.7s)
[69/80   5044s] blocks-base_s31: best fixed SPT-TECT 257.558 oracle 228.078 (11.4%) (1288.4s)
[70/80   5093s] blocks-base_s35: best fixed MDD-TECT 253.846 oracle 240.057 (5.4%) (861.1s)
[71/80   5145s] long_s37: best fixed ATC-ECT 3.819 oracle 3.182 (16.7%) (628.1s)
[72/80   5153s] long_s36: best fixed MDD-ECT 165.567 oracle 161.424 (2.5%) (916.0s)
[73/80   5210s] blocks-base_s36: best fixed ATC-ECT 125.686 oracle 103.240 (17.9%) (956.5s)
[74/80   5266s] long_s33: best fixed SRT-TECT 1097.436 oracle 1085.192 (1.1%) (1350.8s)
[75/80   5430s] long_s32: best fixed ATC-ECT 116.418 oracle 114.346 (1.8%) (1561.2s)
[76/80   5454s] long_s38: best fixed MDD-ECT 59.945 oracle 59.234 (1.2%) (725.8s)
[77/80   5587s] blocks-base_s37: best fixed ATC-ECT 90.865 oracle 77.086 (15.2%) (927.4s)
[78/80   5627s] blocks-base_s39: best fixed MDD-TECT 402.880 oracle 390.982 (3.0%) (710.4s)
[79/80   5646s] blocks-base_s38: best fixed SRT-TECT 209.965 oracle 201.652 (4.0%) (841.6s)
[80/80   5696s] long_s39: best fixed ATC-ECT 149.015 oracle 142.142 (4.6%) (807.1s)
