[Sweep] scenario=BatchConfigs/Scenarios/_mfsweep_control.json tag=b_hold_nofail agv=3 5 7 9 10 12 16 20 24 rules=SPT_SRWT SPT_SMPT LRT_MMUR LPT_MMUR repeats=1 workers=12 extra='-reservation holdPrevious'
[Sweep] done agv7_LPT_MMUR
[Sweep] done agv7_LRT_MMUR
[Sweep] done agv7_SPT_SRWT
[Sweep] done agv5_LPT_MMUR
[Sweep] done agv5_LRT_MMUR
[Sweep] done agv5_SPT_SRWT
[Sweep] done agv3_LPT_MMUR
[Sweep] done agv3_LRT_MMUR
[Sweep] done agv3_SPT_SRWT
[Sweep] done agv9_SPT_SMPT
[Sweep] done agv3_SPT_SMPT
[Sweep] done agv5_SPT_SMPT
[Sweep] done agv9_SPT_SRWT
[Sweep] done agv7_SPT_SMPT
[Sweep] done agv10_SPT_SMPT
[Sweep] done agv10_SPT_SRWT
[Sweep] done agv9_LRT_MMUR
[Sweep] done agv9_LPT_MMUR
[Sweep] done agv10_LRT_MMUR
[Sweep] done agv10_LPT_MMUR
[Sweep] done agv12_SPT_SRWT
[Sweep] done agv12_SPT_SMPT
[Sweep] done agv12_LRT_MMUR
[Sweep] done agv16_SPT_SRWT
[Sweep] done agv16_SPT_SMPT
[Sweep] done agv12_LPT_MMUR
[Sweep] done agv20_SPT_SMPT
[Sweep] done agv16_LRT_MMUR
[Sweep] done agv16_LPT_MMUR
[Sweep] done agv20_SPT_SRWT
[Sweep] done agv20_LPT_MMUR
[Sweep] done agv20_LRT_MMUR
[Sweep] done agv24_SPT_SRWT
[Sweep] done agv24_SPT_SMPT
[Sweep] done agv24_LPT_MMUR
[Sweep] done agv24_LRT_MMUR
[Sweep] all cells finished -> ./Results/gridlock_sweep/b_hold_nofail
