[10-04 00:54] ok   results/rq2-oracle-due-c2.5/s6 seed 6: best fixed SRT-TECT -0.872, oracle -0.866 (time in system -0.69%), schedule ['SRT-TECT', 'SRT-TECT', 'SRT-SRWT',
[10-04 00:55] ok   results/rq2-oracle-due-c1.5/s6 seed 6: best fixed ATC-ECT -11.718, oracle -11.351 (time in system -3.13%), schedule ['ATC-ECT', 'SRT-TECT', 'SRT-TECT',
[10-04 02:38] ok   results/rq2-oracle-due-c2.5/s5 seed 5: best fixed SRT-TECT -18.759, oracle -13.597 (time in system -27.52%), schedule ['SRT-TECT', 'MDD-ECT', 'MDD-SRWT
[10-04 02:39] ok   results/rq2-oracle-due-c1.5/s5 seed 5: best fixed MDD-TECT -53.205, oracle -53.111 (time in system -0.18%), schedule ['MDD-TECT', 'SRT-ECT', 'SRT-ECT',
[10-04 02:39] ok   results/rq2-oracle-due-c3/s5 seed 5: best fixed SRT-TECT -8.825, oracle -5.032 (time in system -42.98%), schedule ['SRT-TECT', 'ATC-SRWT', 'ATC-TECT'
[10-04 02:49] ok   results/rq2-oracle-due-c1.5/s4 seed 4: best fixed MDD-TECT -3.614, oracle -3.614 (time in system +0.00%), schedule ['MDD-TECT', 'MDD-TECT', 'MDD-TECT',
[10-04 02:50] ok   results/rq2-oracle-due-c3/s4 seed 4: best fixed SRT-ECT -1.927, oracle -1.927 (time in system +0.00%), schedule ['SRT-ECT', 'SRT-ECT', 'SRT-ECT', 'SR
[10-04 02:50] ok   results/rq2-oracle-due-c2.5/s4 seed 4: best fixed SRT-ECT -2.068, oracle -2.068 (time in system +0.00%), schedule ['SRT-ECT', 'SRT-ECT', 'SRT-ECT', 'SR
[10-04 03:06] ok   results/rq2-oracle-due-c3/s6 seed 6: best fixed ATC-ECT -0.027, oracle -0.027 (time in system +0.00%), schedule ['ATC-ECT', 'SRT-ECT', 'SRT-ECT', 'SR
[10-04 03:24] ok   results/rq2-oracle-due-c1.5/s0 seed 0: best fixed ATC-ECT -30.616, oracle -28.398 (time in system -7.24%), schedule ['ATC-ECT', 'ATC-ECT', 'ATC-ECT', '
[10-04 03:25] ok   results/rq2-oracle-due-c3/s0 seed 0: best fixed MDD-TECT -3.510, oracle -3.510 (time in system +0.00%), schedule ['MDD-TECT', 'MDD-ECT', 'MDD-ECT', '
[10-04 03:25] ok   results/rq2-oracle-due-c2.5/s0 seed 0: best fixed MDD-ECT -7.790, oracle -7.790 (time in system -0.00%), schedule ['MDD-ECT', 'MDD-ECT', 'MDD-ECT', 'MD
[10-04 03:45] ok   results/rq2-oracle-due-c3/s3 seed 3: best fixed MDD-TECT -35.003, oracle -35.003 (time in system +0.00%), schedule ['MDD-TECT', 'MDD-TECT', 'MDD-TECT
[10-04 03:45] ok   results/rq2-oracle-due-c1.5/s3 seed 3: best fixed MDD-ECT -122.203, oracle -116.190 (time in system -4.92%), schedule ['MDD-ECT', 'SRT-TECT', 'SRT-TECT
[10-04 03:46] ok   results/rq2-oracle-due-c2.5/s3 seed 3: best fixed MDD-TECT -62.350, oracle -58.001 (time in system -6.98%), schedule ['MDD-TECT', 'MDD-ECT', 'MDD-SRWT'
[10-04 04:33] ok   results/rq2-oracle-due-c1.5/s2 seed 2: best fixed MDD-ECT -52.931, oracle -52.929 (time in system -0.00%), schedule ['MDD-ECT', 'MDD-ECT', 'MDD-ECT', '
[10-04 04:34] ok   results/rq2-oracle-due-c3/s2 seed 2: best fixed ATC-ECT -3.164, oracle -2.977 (time in system -5.91%), schedule ['ATC-ECT', 'ATC-ECT', 'MDD-ECT', 'SR
[10-04 04:34] ok   results/rq2-oracle-due-c2.5/s2 seed 2: best fixed EDD-ECT -10.115, oracle -9.049 (time in system -10.54%), schedule ['EDD-ECT', 'MDD-TECT', 'ATC-ECT', 
[10-04 04:42] ok   results/rq2-oracle-due-c3/s1 seed 1: best fixed ATC-ECT -19.228, oracle -17.052 (time in system -11.32%), schedule ['ATC-ECT', 'MDD-TECT', 'MDD-TECT'
[10-04 04:42] ok   results/rq2-oracle-due-c1.5/s1 seed 1: best fixed MDD-TECT -66.834, oracle -65.765 (time in system -1.60%), schedule ['MDD-TECT', 'SRT-TECT', 'SRT-TECT
[10-04 04:43] ok   results/rq2-oracle-due-c2.5/s1 seed 1: best fixed SRT-ECT -29.796, oracle -29.410 (time in system -1.29%), schedule ['SRT-ECT', 'SRT-ECT', 'MDD-ECT', '
[10-04 05:46] ok   results/rq2-oracle-due-c1.5/s7 seed 7: best fixed SRT-TECT -218.675, oracle -217.223 (time in system -0.66%), schedule ['SRT-TECT', 'MDD-SRWT', 'MDD-SR
[10-04 06:12] ok   results/rq2-oracle-due-c2.5/s7 seed 7: best fixed SRT-TECT -165.521, oracle -162.623 (time in system -1.75%), schedule ['SRT-TECT', 'SRT-TECT', 'MDD-TE
[10-04 06:13] ok   results/rq2-oracle-due-c3/s7 seed 7: best fixed SRT-TECT -138.275, oracle -137.189 (time in system -0.79%), schedule ['SRT-TECT', 'MDD-ECT', 'MDD-ECT
[10-04 06:13] all done
== results/rq2-oracle-due-c1.5
rq2-oracle-due-c1.5: 8 seeds finished
      best_pair_value  per_seed_best per_seed_best_pair   oracle  total_%  switch_%  vs_SRT-TECT_%                                               schedule
total_% vs MDD-ECT: mean 4.90, median 2.43, seeds > 2%: 4/8 (50%)
switch_% vs per-seed best: mean 2.22, median 1.13
oracle vs SRT-TECT: mean 6.21, median 5.42
== results/rq2-oracle-due-c2.5
rq2-oracle-due-c2.5: 8 seeds finished
      best_pair_value  per_seed_best per_seed_best_pair   oracle  total_%  switch_%  vs_SRT-TECT_%                                               schedule
total_% vs SRT-ECT: mean 18.70, median 19.44, seeds > 2%: 5/8 (62%)
switch_% vs per-seed best: mean 6.10, median 1.52
oracle vs SRT-TECT: mean 15.37, median 10.14
== results/rq2-oracle-due-c3
rq2-oracle-due-c3: 8 seeds finished
      best_pair_value  per_seed_best per_seed_best_pair   oracle  total_%  switch_%  vs_SRT-TECT_%                                               schedule
total_% vs MDD-TECT: mean 23.29, median 7.44, seeds > 2%: 4/8 (50%)
switch_% vs per-seed best: mean 7.62, median 0.39
oracle vs SRT-TECT: mean 33.24, median 30.28
