[10-01 20:32] waiting for G1 (launch_cell.sh / linux_server_des players) to finish
[10-01 21:07] G1 done: 400 / 400 cells
[10-01 21:07] starting, 16 workers
[10-01 21:23] ok   reg s2
[10-01 21:24] ok   reg s6
[10-01 21:26] ok   reg s4
[10-01 21:26] ok   reg s15
[10-01 21:27] ok   reg s1
[10-01 21:28] ok   reg s10
[10-01 21:29] ok   reg s0
[10-01 21:30] ok   reg s5
[10-01 21:30] ok   reg s9
[10-01 21:30] ok   reg s13
[10-01 21:30] ok   reg s11
[10-01 21:31] ok   reg s7
[10-01 21:31] ok   reg s14
[10-01 21:32] ok   reg s3
[10-01 21:32] ok   reg s12
[10-01 21:32] ok   reg s8
[10-01 21:32] ok   l8400 s0
[10-01 21:33] ok   l8400 s2
[10-01 21:34] ok   l8400 s1
[10-01 21:34] ok   l8400 s6
[10-01 21:35] ok   l8400 s4
[10-01 21:36] ok   l8400 s5
[10-01 21:36] ok   l8400 s3
[10-01 21:37] ok   l8400 s7
[10-01 21:38] ok   l8400 s10
[10-01 21:38] ok   l8400 s8
[10-01 21:38] ok   l8400 s9
[10-01 21:38] ok   l8400 s11
[10-01 21:39] ok   l8400 s13
[10-01 21:39] ok   l8400 s12
[10-01 21:39] ok   l8400 s15
[10-01 21:40] ok   l8400 s14
[10-01 21:41] ok   l8400 s16
[10-01 21:41] ok   l8400 s17
[10-01 21:42] ok   l3000 s2
[10-01 21:43] ok   l8400 s19
[10-01 21:43] ok   l8400 s18
[10-01 21:43] ok   l3000 s1
[10-01 21:43] ok   l3000 s0
[10-01 21:44] ok   l3000 s4
[10-01 21:44] ok   l3000 s6
[10-01 21:44] ok   l3000 s5
[10-01 21:45] ok   l3000 s3
[10-01 21:46] ok   reg s17
[10-01 21:46] ok   l3000 s7
[10-01 21:46] ok   reg s16
[10-01 21:47] ok   l3000 s9
[10-01 21:47] ok   l3000 s8
[10-01 21:48] ok   l3000 s10
[10-01 21:48] ok   reg s19
[10-01 21:48] ok   l3000 s11
[10-01 21:48] ok   l3000 s15
[10-01 21:48] ok   l3000 s13
[10-01 21:49] ok   l3000 s12
[10-01 21:49] ok   l3000 s14
[10-01 21:50] ok   l3000 s16
[10-01 21:50] ok   l3000 s17
[10-01 21:51] ok   l1500 s2
[10-01 21:51] ok   l3000 s18
[10-01 21:51] ok   l3000 s19
[10-01 21:51] ok   l1500 s1
[10-01 21:52] ok   l1500 s0
[10-01 21:52] ok   reg s18
[10-01 21:53] ok   l1500 s4
[10-01 21:53] ok   l1500 s6
[10-01 21:53] ok   l1500 s5
[10-01 21:54] ok   l1500 s3
[10-01 21:54] ok   l1500 s7
[10-01 21:54] ok   l1500 s9
[10-01 21:55] ok   l1500 s10
[10-01 21:55] ok   l1500 s8
[10-01 21:55] ok   l1500 s11
[10-01 21:55] ok   l1500 s12
[10-01 21:55] ok   l1500 s15
[10-01 21:56] ok   l1500 s13
[10-01 21:56] ok   l1500 s14
[10-01 21:56] ok   l1500 s17
[10-01 21:56] ok   l1500 s16
[10-01 21:56] ok   l1500 s19
[10-01 21:56] ok   l1500 s18
[10-01 21:56] all jobs finished
variant
l1500     60
l3000     60
l8400     60
reg      240
== reg vs base-pdr12: 240 reg episodes, 240 baseline, 240 paired
   makespan         mismatches   0   max rel diff 0.00e+00
   total_flow_time  mismatches 120   max rel diff 1.47e-01
   decisions        mismatches  62   max rel diff 3.81e-02
   jobs_exited      mismatches  34   max rel diff 8.62e-02
   MISMATCHED episodes (policy, seed):
     policy  seed  total_flow_time  total_flow_time_base
   FIFO-ECT     2     33261.203125          33261.902344
   FIFO-ECT     3    100407.789062         100708.367188
   FIFO-ECT     4     76321.000000          76666.703125
   FIFO-ECT     7     85000.007812          85835.414062
   FIFO-ECT     8     95744.765625          95253.195312
   FIFO-ECT     9     72691.203125          72673.765625
   FIFO-ECT    12     71779.921875          78064.171875
   FIFO-ECT    13     89986.187500          89954.687500
   FIFO-ECT    14     62848.566406          63292.375000
   FIFO-ECT    17     67851.125000          67856.679688
  FIFO-SRWT     2     37633.082031          37633.402344
  FIFO-SRWT     3    102694.007812          94243.796875
  FIFO-SRWT     4     82687.757812          80344.476562
  FIFO-SRWT     7     90177.906250          90091.609375
  FIFO-SRWT     8     91283.062500          94269.062500
  FIFO-SRWT     9     72369.648438          82026.289062
  FIFO-SRWT    12     86435.750000          86382.210938
  FIFO-SRWT    13     87485.328125          87477.007812
  FIFO-SRWT    14     63366.464844          60714.386719
  FIFO-SRWT    17     72760.523438          73877.601562
  FIFO-TECT     2     33778.921875          33779.582031
  FIFO-TECT     3    100407.789062         100782.625000
  FIFO-TECT     4     77050.078125          75350.539062
  FIFO-TECT     7     89939.656250          90159.476562
  FIFO-TECT     8     80041.148438          83038.898438
  FIFO-TECT     9     70474.445312          73383.562500
  FIFO-TECT    12     85084.031250          85067.929688
  FIFO-TECT    13     94640.273438          94640.437500
  FIFO-TECT    14     55794.128906          62029.546875
  FIFO-TECT    17     66513.125000          66515.664062
 PTWINQ-ECT     2     33261.203125          33261.421875
 PTWINQ-ECT     3     98263.804688          98425.265625
 PTWINQ-ECT     4     71549.859375          69476.203125
 PTWINQ-ECT     7     77054.593750          77071.132812
 PTWINQ-ECT     8     81047.367188          84189.789062
 PTWINQ-ECT     9     76924.359375          76941.640625
 PTWINQ-ECT    12     66056.468750          66074.750000
 PTWINQ-ECT    13     71863.914062          71864.367188
 PTWINQ-ECT    14     69180.000000          69395.562500
 PTWINQ-ECT    17     67297.445312          67078.382812
PTWINQ-SRWT     2     37633.082031          37633.019531
PTWINQ-SRWT     3    101337.882812         103809.718750
PTWINQ-SRWT     4     73159.000000          74339.703125
PTWINQ-SRWT     7     72751.179688          72782.195312
PTWINQ-SRWT     8     86058.554688          84491.140625
PTWINQ-SRWT     9     62462.933594          62437.113281
PTWINQ-SRWT    12     75340.734375          70857.179688
PTWINQ-SRWT    13     80479.757812          80477.554688
PTWINQ-SRWT    14     74689.367188          74609.867188
PTWINQ-SRWT    17     64620.355469          63257.757812
PTWINQ-TECT     2     33778.921875          33777.984375
PTWINQ-TECT     3    102951.695312          98890.367188
PTWINQ-TECT     4     70927.203125          69952.859375
PTWINQ-TECT     7     80928.390625          80929.453125
PTWINQ-TECT     8     77571.765625          85160.898438
PTWINQ-TECT     9     65136.015625          65114.238281
PTWINQ-TECT    12     66655.968750          66271.281250
PTWINQ-TECT    13     72235.585938          72265.085938
PTWINQ-TECT    14     71849.164062          74338.109375
PTWINQ-TECT    17     67297.445312          65243.824219
    SPT-ECT     2     33261.203125          33261.464844
    SPT-ECT     3     93651.421875          98085.265625
    SPT-ECT     4     70389.820312          70574.539062
    SPT-ECT     7     75820.765625          75801.390625
    SPT-ECT     8     86472.242188          84717.257812
    SPT-ECT     9     61508.160156          72125.679688
    SPT-ECT    12     68308.601562          68291.437500
    SPT-ECT    13     81096.648438          81093.648438
    SPT-ECT    14     72738.593750          69001.078125
    SPT-ECT    17     62267.796875          54788.269531
   SPT-SRWT     2     37633.082031          37632.839844
   SPT-SRWT     3     94064.585938          90443.609375
   SPT-SRWT     4     76294.296875          76088.304688
   SPT-SRWT     7     73353.062500          72034.085938
   SPT-SRWT     8     98253.257812          94910.000000
   SPT-SRWT     9     73604.390625          73604.132812
   SPT-SRWT    12     71476.703125          76056.484375
   SPT-SRWT    13     84167.171875          84166.093750
   SPT-SRWT    14     79178.734375          73000.179688
   SPT-SRWT    17     65769.843750          61441.730469
   SPT-TECT     2     33778.921875          33778.222656
   SPT-TECT     3     99292.578125          96804.476562
   SPT-TECT     4     70672.523438          69801.640625
   SPT-TECT     7     72827.804688          72780.429688
   SPT-TECT     8     88052.390625          79153.414062
   SPT-TECT     9     67395.679688          67387.218750
   SPT-TECT    12     74734.437500          79064.687500
   SPT-TECT    13     86214.562500          86221.343750
   SPT-TECT    14     70409.179688          70724.859375
   SPT-TECT    17     62267.796875          62299.457031
    SRT-ECT     2     33261.203125          33261.882812
    SRT-ECT     3     92547.429688          99499.195312
    SRT-ECT     4     69847.281250          70452.140625
    SRT-ECT     7     78803.546875          78765.007812
    SRT-ECT     8     85601.710938          86700.789062
    SRT-ECT     9     72796.898438          73621.812500
    SRT-ECT    12     77927.500000          77967.000000
    SRT-ECT    13     66906.335938          66931.578125
    SRT-ECT    14     59788.519531          59791.101562
    SRT-ECT    17     69598.257812          69599.796875
   SRT-SRWT     2     37633.082031          37632.359375
   SRT-SRWT     3     86871.171875          86879.968750
   SRT-SRWT     4     73632.679688          71993.179688
   SRT-SRWT     7     77244.687500          86874.906250
   SRT-SRWT     8     82472.421875          85937.820312
   SRT-SRWT     9     66424.484375          66417.437500
   SRT-SRWT    12     81877.695312          83106.867188
   SRT-SRWT    13     78381.875000          78422.429688
   SRT-SRWT    14     69850.531250          66489.507812
   SRT-SRWT    17     71717.023438          67812.007812
   SRT-TECT     2     33778.921875          33779.742188
   SRT-TECT     3     92472.531250          93649.515625
   SRT-TECT     4     70134.781250          70691.726562
   SRT-TECT     7     77713.265625          78397.210938
   SRT-TECT     8     88920.539062          89432.375000
   SRT-TECT     9     69189.921875          67873.664062
   SRT-TECT    12     74831.406250          74758.109375
   SRT-TECT    13     72705.781250          72709.179688
   SRT-TECT    14     63202.820312          61375.402344
   SRT-TECT    17     69598.257812          69603.742188

== dose-response, paired per seed vs reg (same build)
variant    policy  n  agv_failures  repair_s  blocked_s  d_total_flow_median  d_total_flow_mean  d_mean_flow_median  d_jobs_mean  deadlocks
  l8400 FIFO-SRWT 20         2.000   242.353    738.105                0.000             -0.019               0.000       -1.000          0
  l8400   SPT-ECT 20         2.050   248.737    741.600                0.009              0.022               0.001        0.250          0
  l8400  SRT-TECT 20         1.950   242.690    817.239                0.005              0.013               0.005       -0.050          0
  l3000 FIFO-SRWT 20         6.300   707.433   1997.184               -0.005             -0.011               0.007       -1.000          0
  l3000   SPT-ECT 20         6.550   738.242   2285.503                0.025              0.049               0.043       -0.250          0
  l3000  SRT-TECT 20         6.450   740.499   2383.714                0.013              0.022               0.023       -0.650          0
  l1500 FIFO-SRWT 20        11.350  1349.283   4116.275               -0.000              0.005               0.023       -1.200          0
  l1500   SPT-ECT 20        11.800  1401.348   4487.578                0.016              0.019               0.049       -1.600          0
  l1500  SRT-TECT 20        11.400  1335.514   4481.917                0.037              0.047               0.067       -1.400          0
