code 596b4946b660 at bb3cc651 (dirty)
[1/200     23s] single-cal_s2: best fixed ATC-ECT 1.296 oracle 1.031 (20.4%) (22.9s)
[2/200     59s] single-cal_s0: best fixed ATC-TECT 16.812 oracle 16.465 (2.1%) (59.1s)
[3/200    102s] single-cal_s1: best fixed ATC-ECT 4.444 oracle 4.384 (1.4%) (102.1s)
[4/200    487s] long-cal_s2: best fixed MDD-TECT 52.663 oracle 45.400 (13.8%) (487.1s)
[5/200    576s] single-cal_s3: best fixed MDD-ECT 19.882 oracle 17.946 (9.7%) (88.6s)
[6/200    617s] long-cal_s0: best fixed ATC-ECT 64.393 oracle 59.914 (7.0%) (617.3s)
[7/200    717s] B2_s1: best fixed ATC-ECT 29.633 oracle 24.889 (16.0%) (716.5s)
[8/200    775s] B0_s0: best fixed ATC-TECT 59.184 oracle 56.688 (4.2%) (775.2s)
[9/200    775s] B3_s0: best fixed ATC-TECT 59.184 oracle 56.688 (4.2%) (775.4s)
[10/200    782s] B3_s1: best fixed ATC-ECT 31.156 oracle 28.756 (7.7%) (782.0s)
[11/200    816s] B0_s1: best fixed ATC-ECT 31.156 oracle 28.756 (7.7%) (815.6s)
[12/200    840s] B3_s2: best fixed ATC-TECT 51.779 oracle 49.465 (4.5%) (839.6s)
[13/200    843s] single-cal_s4: best fixed SPT-TECT 1.225 oracle 0.957 (21.9%) (67.9s)
[14/200    850s] B0_s2: best fixed ATC-ECT 49.314 oracle 39.129 (20.7%) (849.9s)
[15/200    861s] B3_s3: best fixed MDD-TECT 70.425 oracle 65.853 (6.5%) (838.1s)
[16/200    893s] single-cal_s5: best fixed SRT-ECT 0.000 oracle 0.000 (0.0%) (43.4s)
[17/200    900s] B0_s3: best fixed MDD-TECT 68.253 oracle 60.893 (10.8%) (840.7s)
[18/200    935s] B2_s3: best fixed SRT-ECT 118.872 oracle 106.942 (10.0%) (935.2s)
[19/200   1021s] B2_s0: best fixed SRT-ECT 111.433 oracle 93.784 (15.8%) (1021.2s)
[20/200   1050s] single-cal_s6: best fixed MDD-ECT 0.845 oracle 0.845 (0.0%) (28.2s)
[21/200   1052s] long-cal_s1: best fixed ATC-ECT 9.820 oracle 8.349 (15.0%) (1052.2s)
[22/200   1082s] B2_s2: best fixed SRT-ECT 300.851 oracle 291.633 (3.1%) (1081.4s)
[23/200   1186s] long-cal_s3: best fixed MDD-TECT 105.769 oracle 94.737 (10.4%) (1083.8s)
[24/200   1235s] B2_s4: best fixed MDD-TECT 22.566 oracle 20.198 (10.5%) (659.1s)
[25/200   1263s] B3_s4: best fixed MDD-TECT 22.566 oracle 20.198 (10.5%) (645.7s)
[26/200   1357s] single-cal_s7: best fixed MDD-ECT 46.467 oracle 46.225 (0.5%) (122.3s)
[27/200   1402s] B0_s4: best fixed EDD-ECT 19.142 oracle 18.455 (3.6%) (685.1s)
[28/200   1460s] long-cal_s5: best fixed ATC-ECT 7.426 oracle 5.865 (21.0%) (617.0s)
[29/200   1467s] long-cal_s6: best fixed ATC-ECT 24.516 oracle 24.467 (0.2%) (531.9s)
[30/200   1518s] single-cal_s8: best fixed MDD-TECT 17.936 oracle 16.924 (5.6%) (50.7s)
[31/200   1536s] B2_s6: best fixed ATC-TECT 21.186 oracle 21.185 (0.0%) (675.0s)
[32/200   1566s] B0_s6: best fixed ATC-ECT 16.393 oracle 15.371 (6.2%) (666.4s)
[33/200   1572s] B3_s6: best fixed ATC-ECT 16.393 oracle 15.371 (6.2%) (679.0s)
[34/200   1653s] long-cal_s4: best fixed MDD-TECT 32.165 oracle 25.804 (19.8%) (877.6s)
[35/200   1696s] single-cal_s9: best fixed ATC-TECT 2.813 oracle 2.452 (12.8%) (43.5s)
[36/200   1768s] B3_s5: best fixed MDD-TECT 227.106 oracle 202.201 (11.0%) (952.4s)
[37/200   1770s] B2_s5: best fixed SRT-ECT 295.674 oracle 289.654 (2.0%) (987.9s)
[38/200   1845s] B0_s5: best fixed ATC-TECT 104.292 oracle 100.166 (4.0%) (1005.2s)
[39/200   2013s] B2_s8: best fixed ATC-TECT 106.342 oracle 97.733 (8.1%) (749.8s)
[40/200   2083s] B3_s7: best fixed MDD-TECT 584.489 oracle 551.360 (5.7%) (1030.3s)
[41/200   2084s] single-cal_s10: best fixed ATC-ECT 13.016 oracle 13.016 (0.0%) (71.2s)
[42/200   2118s] B3_s8: best fixed ATC-TECT 106.342 oracle 97.733 (8.1%) (760.5s)
[43/200   2147s] long-cal_s7: best fixed SPT-ECT 101.647 oracle 89.786 (11.7%) (961.2s)
[44/200   2155s] B3_s9: best fixed ATC-TECT 48.980 oracle 46.586 (4.9%) (618.8s)
[45/200   2177s] B0_s7: best fixed MDD-TECT 423.957 oracle 381.743 (10.0%) (1095.0s)
[46/200   2189s] B0_s9: best fixed ATC-ECT 51.644 oracle 47.117 (8.8%) (622.4s)
[47/200   2190s] B0_s8: best fixed ATC-TECT 106.342 oracle 97.733 (8.1%) (788.5s)
[48/200   2194s] B2_s9: best fixed ATC-TECT 61.188 oracle 57.308 (6.3%) (676.3s)
[49/200   2198s] B2_s7: best fixed SRT-ECT 472.683 oracle 463.793 (1.9%) (1148.2s)
[50/200   2264s] single-cal_s11: best fixed MDD-TECT 56.215 oracle 56.005 (0.4%) (108.7s)
[51/200   2285s] single-cal_s12: best fixed SRT-SRWT 4.411 oracle 4.243 (3.8%) (87.5s)
[52/200   2303s] long-cal_s9: best fixed ATC-TECT 73.665 oracle 67.620 (8.2%) (730.4s)
[53/200   2323s] long-cal_s8: best fixed ATC-ECT 80.562 oracle 74.007 (8.1%) (862.6s)
[54/200   2566s] long-cal_s10: best fixed ATC-TECT 14.023 oracle 13.890 (0.9%) (721.3s)
[55/200   2654s] B2_s10: best fixed MDD-TECT 214.026 oracle 177.823 (16.9%) (957.3s)
[56/200   2664s] B3_s10: best fixed EDD-ECT 170.672 oracle 138.756 (18.7%) (895.7s)
[57/200   2676s] single-cal_s13: best fixed ATC-TECT 19.981 oracle 18.466 (7.6%) (109.5s)
[58/200   2680s] B0_s10: best fixed ATC-TECT 40.355 oracle 38.011 (5.8%) (909.4s)
[59/200   2996s] B3_s11: best fixed ATC-TECT 65.338 oracle 58.954 (9.8%) (911.4s)
[60/200   2998s] B2_s11: best fixed ATC-TECT 65.338 oracle 58.954 (9.8%) (915.7s)
[61/200   3034s] B0_s11: best fixed ATC-TECT 57.981 oracle 57.563 (0.7%) (915.9s)
[62/200   3062s] single-cal_s14: best fixed ATC-ECT 1.838 oracle 0.862 (53.1%) (66.2s)
[63/200   3099s] long-cal_s12: best fixed SRT-ECT 73.104 oracle 68.148 (6.8%) (904.4s)
[64/200   3119s] long-cal_s11: best fixed MDD-TECT 261.836 oracle 255.799 (2.3%) (971.2s)
[65/200   3166s] single-cal_s15: best fixed ATC-ECT 18.630 oracle 18.271 (1.9%) (46.9s)
[66/200   3190s] B3_s12: best fixed SRT-ECT 222.940 oracle 203.532 (8.7%) (1000.9s)
[67/200   3196s] B3_s13: best fixed EDD-TECT 335.927 oracle 324.241 (3.5%) (910.4s)
[68/200   3202s] B0_s12: best fixed ATC-ECT 184.254 oracle 174.469 (5.3%) (1011.5s)
[69/200   3203s] B2_s13: best fixed EDD-TECT 443.029 oracle 415.409 (6.2%) (939.0s)
[70/200   3209s] B2_s12: best fixed SRT-ECT 226.146 oracle 206.333 (8.8%) (1032.1s)
[71/200   3245s] B0_s13: best fixed MDD-ECT 124.642 oracle 118.854 (4.6%) (942.4s)
[72/200   3263s] B2_s14: best fixed ATC-ECT 43.712 oracle 30.895 (29.3%) (608.7s)
[73/200   3267s] single-cal_s16: best fixed EDD-TECT 7.100 oracle 6.966 (1.9%) (63.9s)
[74/200   3270s] B3_s14: best fixed ATC-ECT 43.712 oracle 30.895 (29.3%) (605.8s)
[75/200   3299s] B0_s14: best fixed ATC-TECT 23.473 oracle 21.292 (9.3%) (623.5s)
[76/200   3351s] single-cal_s17: best fixed MDD-ECT 19.163 oracle 17.548 (8.4%) (81.4s)
[77/200   3413s] long-cal_s13: best fixed ATC-TECT 83.011 oracle 74.955 (9.7%) (1089.5s)
[78/200   3612s] long-cal_s15: best fixed ATC-TECT 49.481 oracle 48.804 (1.4%) (513.0s)
[79/200   3727s] B3_s15: best fixed MDD-TECT 99.393 oracle 98.081 (1.3%) (693.4s)
[80/200   3751s] long-cal_s14: best fixed ATC-ECT 68.689 oracle 63.759 (7.2%) (1071.3s)
[81/200   3787s] B2_s15: best fixed EDD-TECT 266.626 oracle 238.313 (10.6%) (788.8s)
[82/200   3790s] single-cal_s18: best fixed ATC-ECT 9.915 oracle 9.786 (1.3%) (63.1s)
[83/200   3837s] B0_s15: best fixed ATC-TECT 49.415 oracle 46.261 (6.4%) (775.6s)
[84/200   3857s] B2_s17: best fixed ATC-TECT 7.403 oracle 6.845 (7.5%) (648.3s)
[85/200   3879s] single-cal_s19: best fixed SRT-TECT 0.000 oracle 0.000 (0.0%) (21.6s)
[86/200   3884s] B3_s17: best fixed ATC-TECT 7.403 oracle 6.845 (7.5%) (638.5s)
[87/200   3909s] B0_s17: best fixed ATC-TECT 5.287 oracle 3.998 (24.4%) (646.6s)
[88/200   3961s] B2_s16: best fixed EDD-TECT 133.628 oracle 127.018 (4.9%) (795.9s)
[89/200   3982s] B3_s16: best fixed EDD-TECT 133.628 oracle 127.018 (4.9%) (792.3s)
[90/200   4008s] single-cal_s20: best fixed ATC-ECT 0.815 oracle 0.624 (23.5%) (25.9s)
[91/200   4045s] B0_s16: best fixed SPT-TECT 54.553 oracle 47.793 (12.4%) (849.4s)
[92/200   4065s] long-cal_s17: best fixed EDD-ECT 92.898 oracle 84.831 (8.7%) (797.9s)
[93/200   4106s] long-cal_s16: best fixed MDD-TECT 148.014 oracle 139.675 (5.6%) (904.0s)
[94/200   4171s] B2_s18: best fixed ATC-TECT 149.452 oracle 144.627 (3.2%) (871.1s)
[95/200   4212s] B3_s18: best fixed ATC-TECT 149.452 oracle 144.627 (3.2%) (861.2s)
[96/200   4219s] B2_s19: best fixed ATC-TECT 16.673 oracle 14.865 (10.8%) (468.3s)
[97/200   4229s] single-cal_s21: best fixed ATC-TECT 1.469 oracle 1.297 (11.7%) (58.6s)
[98/200   4259s] B3_s19: best fixed ATC-TECT 16.673 oracle 14.865 (10.8%) (471.9s)
[99/200   4275s] B0_s19: best fixed ATC-TECT 15.238 oracle 13.997 (8.1%) (484.7s)
[100/200   4282s] B0_s18: best fixed ATC-ECT 153.533 oracle 134.625 (12.3%) (869.1s)
[101/200   4312s] single-cal_s22: best fixed SRT-ECT 0.000 oracle 0.000 (0.0%) (37.2s)
[102/200   4326s] long-cal_s19: best fixed SPT-TECT 35.225 oracle 30.599 (13.1%) (488.5s)
[103/200   4467s] long-cal_s20: best fixed MDD-TECT 204.809 oracle 181.808 (11.2%) (505.0s)
[104/200   4467s] B3_s20: best fixed MDD-ECT 95.355 oracle 85.092 (10.8%) (582.8s)
[105/200   4507s] B0_s20: best fixed MDD-ECT 89.262 oracle 79.493 (10.9%) (597.5s)
[106/200   4515s] single-cal_s23: best fixed ATC-TECT 9.212 oracle 9.212 (0.0%) (48.4s)
[107/200   4613s] B2_s20: best fixed MDD-ECT 121.658 oracle 104.255 (14.3%) (734.1s)
[108/200   4622s] long-cal_s18: best fixed ATC-TECT 75.706 oracle 74.782 (1.2%) (1009.8s)
[109/200   4745s] long-cal_s22: best fixed ATC-TECT 11.015 oracle 9.032 (18.0%) (486.3s)
[110/200   4770s] single-cal_s24: best fixed ATC-ECT 0.709 oracle 0.690 (2.7%) (24.0s)
[111/200   4872s] B2_s21: best fixed SRT-TECT 194.758 oracle 187.018 (4.0%) (864.3s)
[112/200   4912s] B3_s21: best fixed SRT-TECT 194.758 oracle 187.018 (4.0%) (867.0s)
[113/200   4965s] B0_s21: best fixed MDD-TECT 119.864 oracle 117.735 (1.8%) (899.9s)
[114/200   5079s] long-cal_s23: best fixed ATC-TECT 124.201 oracle 102.895 (17.2%) (612.0s)
[115/200   5124s] long-cal_s21: best fixed SRT-TECT 241.988 oracle 217.532 (10.1%) (1018.3s)
[116/200   5151s] single-cal_s25: best fixed MDD-TECT 1.046 oracle 1.025 (1.9%) (72.8s)
[117/200   5161s] B2_s23: best fixed MDD-ECT 231.345 oracle 213.354 (7.8%) (879.5s)
[118/200   5180s] B3_s23: best fixed SRT-ECT 166.865 oracle 150.649 (9.7%) (867.4s)
[119/200   5196s] B3_s24: best fixed ATC-TECT 82.230 oracle 70.068 (14.8%) (680.5s)
[120/200   5216s] B2_s24: best fixed MDD-TECT 115.729 oracle 102.712 (11.2%) (709.5s)
[121/200   5220s] B0_s23: best fixed ATC-ECT 62.950 oracle 58.443 (7.2%) (894.3s)
[122/200   5241s] single-cal_s26: best fixed MDD-ECT 4.172 oracle 4.172 (0.0%) (44.9s)
[123/200   5293s] B3_s22: best fixed MDD-TECT 370.531 oracle 342.531 (7.6%) (1073.6s)
[124/200   5294s] long-cal_s24: best fixed ATC-ECT 78.792 oracle 77.363 (1.8%) (671.7s)
[125/200   5300s] B2_s22: best fixed SRT-TECT 486.654 oracle 476.288 (2.1%) (1087.2s)
[126/200   5318s] B0_s24: best fixed ATC-TECT 81.243 oracle 70.680 (13.0%) (704.8s)
[127/200   5355s] single-cal_s27: best fixed MDD-TECT 1.642 oracle 1.642 (0.0%) (61.4s)
[128/200   5363s] B0_s22: best fixed ATC-TECT 287.318 oracle 271.087 (5.6%) (1133.3s)
[129/200   5648s] B2_s25: best fixed MDD-TECT 153.313 oracle 139.561 (9.0%) (878.8s)
[130/200   5696s] single-cal_s28: best fixed ATC-TECT 12.545 oracle 11.460 (8.7%) (47.4s)
[131/200   5726s] B3_s25: best fixed MDD-TECT 152.876 oracle 139.636 (8.7%) (853.4s)
[132/200   5767s] B0_s25: best fixed MDD-TECT 67.022 oracle 57.678 (13.9%) (854.6s)
[133/200   5819s] long-cal_s26: best fixed MDD-TECT 122.502 oracle 122.202 (0.2%) (639.6s)
[134/200   5857s] B2_s26: best fixed MDD-TECT 154.696 oracle 149.255 (3.5%) (732.6s)
[135/200   5870s] long-cal_s25: best fixed ATC-ECT 79.435 oracle 75.575 (4.9%) (905.5s)
[136/200   5873s] B3_s26: best fixed MDD-TECT 154.696 oracle 149.255 (3.5%) (721.2s)
[137/200   5915s] B0_s26: best fixed ATC-ECT 111.662 oracle 86.473 (22.6%) (753.9s)
[138/200   5939s] B3_s27: best fixed MDD-TECT 275.063 oracle 252.190 (8.3%) (718.6s)
[139/200   5944s] single-cal_s29: best fixed ATC-ECT 18.162 oracle 17.853 (1.7%) (87.3s)
[140/200   5958s] B0_s27: best fixed MDD-ECT 161.024 oracle 145.504 (9.6%) (716.9s)
[141/200   5979s] single-cal_s30: best fixed SRT-ECT 0.000 oracle 0.000 (0.0%) (34.2s)
[142/200   6028s] B3_s28: best fixed EDD-ECT 38.062 oracle 37.778 (0.7%) (710.3s)
[143/200   6077s] long-cal_s27: best fixed ATC-ECT 89.825 oracle 77.742 (13.5%) (783.4s)
[144/200   6084s] B2_s27: best fixed MDD-ECT 584.042 oracle 571.997 (2.1%) (867.8s)
[145/200   6090s] B2_s28: best fixed ATC-TECT 66.366 oracle 60.435 (8.9%) (790.6s)
[146/200   6097s] B0_s28: best fixed EDD-ECT 39.629 oracle 36.204 (8.6%) (741.6s)
[147/200   6210s] single-cal_s31: best fixed ATC-ECT 56.467 oracle 53.774 (4.8%) (125.8s)
[148/200   6329s] B3_s30: best fixed MDD-TECT 4.807 oracle 2.751 (42.8%) (456.3s)
[149/200   6335s] long-cal_s28: best fixed ATC-TECT 57.239 oracle 52.484 (8.3%) (972.5s)
[150/200   6378s] B0_s30: best fixed MDD-ECT 5.979 oracle 3.239 (45.8%) (462.6s)
[151/200   6433s] long-cal_s30: best fixed ATC-TECT 5.292 oracle 4.548 (14.1%) (494.3s)
[152/200   6448s] B2_s29: best fixed ATC-TECT 39.966 oracle 34.769 (13.0%) (752.5s)
[153/200   6454s] single-cal_s32: best fixed SRT-ECT 1.393 oracle 1.393 (0.0%) (119.3s)
[154/200   6513s] long-cal_s29: best fixed EDD-ECT 109.784 oracle 102.510 (6.6%) (693.3s)
[155/200   6552s] B2_s30: best fixed MDD-ECT 158.785 oracle 150.136 (5.4%) (681.9s)
[156/200   6571s] single-cal_s33: best fixed ATC-ECT 42.212 oracle 40.408 (4.3%) (57.8s)
[157/200   6604s] B3_s29: best fixed EDD-TECT 158.491 oracle 134.619 (15.1%) (878.5s)
[158/200   6677s] B0_s29: best fixed ATC-TECT 139.901 oracle 120.153 (14.1%) (910.0s)
[159/200   6801s] B2_s31: best fixed ATC-ECT 143.815 oracle 134.299 (6.6%) (843.4s)
[160/200   6823s] B3_s31: best fixed ATC-ECT 143.815 oracle 134.299 (6.6%) (844.2s)
[161/200   6838s] single-cal_s34: best fixed ATC-ECT 1.406 oracle 1.403 (0.2%) (37.0s)
[162/200   6875s] B0_s31: best fixed ATC-TECT 135.499 oracle 135.427 (0.1%) (847.2s)
[163/200   6927s] long-cal_s31: best fixed ATC-TECT 88.157 oracle 82.279 (6.7%) (850.5s)
[164/200   7022s] B3_s32: best fixed ATC-ECT 85.845 oracle 78.620 (8.4%) (925.3s)
[165/200   7032s] B2_s32: best fixed ATC-TECT 195.634 oracle 177.187 (9.4%) (941.2s)
[166/200   7052s] single-cal_s35: best fixed ATC-SRWT 1.140 oracle 1.106 (3.0%) (29.9s)
[167/200   7087s] B2_s34: best fixed MDD-TECT 48.281 oracle 40.941 (15.2%) (534.6s)
[168/200   7109s] B3_s34: best fixed MDD-TECT 48.281 oracle 40.941 (15.2%) (538.1s)
[169/200   7129s] B0_s32: best fixed ATC-ECT 85.845 oracle 78.620 (8.4%) (918.6s)
[170/200   7133s] long-cal_s33: best fixed MDD-TECT 134.720 oracle 129.570 (3.8%) (678.9s)
[171/200   7138s] B3_s33: best fixed ATC-TECT 60.138 oracle 51.197 (14.9%) (705.0s)
[172/200   7143s] B0_s34: best fixed EDD-ECT 45.408 oracle 40.671 (10.4%) (538.6s)
[173/200   7166s] B0_s33: best fixed ATC-TECT 55.616 oracle 45.408 (18.4%) (717.3s)
[174/200   7177s] long-cal_s34: best fixed ATC-TECT 39.844 oracle 37.698 (5.4%) (500.3s)
[175/200   7192s] single-cal_s36: best fixed EDD-TECT 24.782 oracle 23.771 (4.1%) (63.0s)
[176/200   7192s] B2_s33: best fixed SPT-TECT 101.964 oracle 85.819 (15.8%) (813.9s)
[177/200   7200s] single-cal_s37: best fixed ATC-TECT 0.362 oracle 0.362 (0.0%) (22.2s)
[178/200   7341s] long-cal_s32: best fixed SRT-ECT 1.714 oracle 1.566 (8.7%) (1012.3s)
[179/200   7463s] B2_s35: best fixed MDD-ECT 49.500 oracle 42.927 (13.3%) (639.5s)
[180/200   7469s] B3_s35: best fixed MDD-ECT 49.500 oracle 42.927 (13.3%) (631.3s)
[181/200   7496s] long-cal_s35: best fixed SRT-ECT 71.439 oracle 66.235 (7.3%) (568.8s)
[182/200   7513s] B0_s35: best fixed ATC-ECT 50.879 oracle 45.162 (11.2%) (637.4s)
[183/200   7556s] single-cal_s38: best fixed MDD-TECT 89.186 oracle 89.157 (0.0%) (93.8s)
[184/200   7696s] long-cal_s37: best fixed ATC-TECT 51.406 oracle 46.749 (9.1%) (530.7s)
[185/200   7731s] single-cal_s39: best fixed ATC-TECT 1.173 oracle 0.998 (14.9%) (34.6s)
[186/200   7757s] B2_s36: best fixed MDD-TECT 146.562 oracle 145.307 (0.9%) (725.2s)
[187/200   7772s] long-cal_s36: best fixed ATC-TECT 31.673 oracle 30.473 (3.8%) (663.2s)
[188/200   7779s] B3_s36: best fixed MDD-TECT 146.562 oracle 145.307 (0.9%) (727.3s)
[189/200   7827s] B3_s38: best fixed ATC-TECT 56.956 oracle 53.689 (5.7%) (634.9s)
[190/200   7843s] B0_s38: best fixed ATC-TECT 51.178 oracle 47.077 (8.0%) (643.3s)
[191/200   7859s] B3_s37: best fixed MDD-ECT 66.643 oracle 54.579 (18.1%) (720.5s)
[192/200   7871s] B0_s36: best fixed MDD-TECT 115.370 oracle 106.292 (7.9%) (783.9s)
[193/200   7885s] B2_s38: best fixed ATC-TECT 128.335 oracle 125.131 (2.5%) (693.6s)
[194/200   7891s] B0_s37: best fixed ATC-TECT 24.849 oracle 19.499 (21.5%) (747.8s)
[195/200   7912s] B2_s37: best fixed MDD-TECT 88.430 oracle 87.309 (1.3%) (778.8s)
[196/200   8095s] B2_s39: best fixed SRT-TECT 245.924 oracle 234.170 (4.8%) (625.6s)
[197/200   8102s] long-cal_s39: best fixed ATC-ECT 25.225 oracle 19.812 (21.5%) (545.9s)
[198/200   8105s] B3_s39: best fixed MDD-TECT 144.719 oracle 141.901 (1.9%) (609.5s)
[199/200   8110s] long-cal_s38: best fixed ATC-TECT 245.090 oracle 241.975 (1.3%) (768.8s)
[200/200   8122s] B0_s39: best fixed MDD-TECT 144.719 oracle 141.901 (1.9%) (609.4s)
