code 1d5d59fd5c2c at 3d22f9c7
[1/440     69s] warm_s4_tard_P30_c3: best fixed SPT-ECT 1.498 oracle 1.498 (68.6s)
[2/440     70s] warm_s4_tard_P30_c1.5: best fixed MDD-TECT 3.912 oracle 3.839 (69.5s)
[3/440     73s] warm_s4_tard_P30_c4: best fixed SPT-ECT 1.160 oracle 1.160 (73.3s)
[4/440     75s] warm_s0_tard_P30_c2: best fixed SRT-TECT 17.712 oracle 17.426 (74.5s)
[5/440     76s] warm_s4_tard_P30_c2: best fixed SRT-ECT 2.516 oracle 2.516 (75.6s)
[6/440     77s] warm_s0_tard_P30_c1.5: best fixed SRT-TECT 30.856 oracle 30.825 (76.8s)
[7/440     86s] warm_s0_tard_P30_c6: best fixed SPT-ECT 0.000 oracle 0.000 (85.6s)
[8/440     90s] warm_s0_tard_P30_c4: best fixed SRT-ECT 0.000 oracle 0.000 (89.9s)
[9/440     92s] warm_s0_tard_P30_c3: best fixed SLACK-TECT 2.946 oracle 2.933 (91.5s)
[10/440    100s] warm_s2_tard_P30_c2: best fixed ATC-ECT 26.361 oracle 25.788 (99.7s)
[11/440    103s] warm_s2_tard_P30_c3: best fixed MDD-TECT 2.832 oracle 2.728 (103.1s)
[12/440    105s] warm_s2_tard_P30_c4: best fixed EDD-ECT 0.000 oracle 0.000 (105.0s)
[13/440    109s] warm_s2_tard_P30_c1.5: best fixed SRT-ECT 52.601 oracle 51.525 (109.2s)
[14/440    111s] warm_s2_tard_P30_c6: best fixed SPT-ECT 0.000 oracle 0.000 (111.3s)
[15/440    112s] warm_s6_tard_P30_c3: best fixed PTWINQ-ECT 0.001 oracle 0.001 (20.7s)
[16/440    114s] warm_s6_tard_P30_c1.5: best fixed ATC-ECT 7.625 oracle 7.476 (28.1s)
[17/440    117s] warm_s3_tard_P30_c2: best fixed MDD-TECT 45.074 oracle 45.051 (116.7s)
[18/440    118s] warm_s6_tard_P30_c2: best fixed MDD-TECT 2.234 oracle 2.232 (27.7s)
[19/440    120s] warm_s3_tard_P30_c3: best fixed ATC-TECT 8.285 oracle 7.953 (119.8s)
[20/440    124s] warm_s3_tard_P30_c6: best fixed SRT-ECT 0.000 oracle 0.000 (123.8s)
[21/440    125s] warm_s6_tard_P30_c6: best fixed SPT-ECT 0.000 oracle 0.000 (21.5s)
[22/440    125s] warm_s3_tard_P30_c4: best fixed SLACK-ECT 0.497 oracle 0.020 (124.9s)
[23/440    126s] warm_s6_tard_P30_c4: best fixed SPT-ECT 0.000 oracle 0.000 (25.9s)
[24/440    127s] warm_s3_tard_P30_c1.5: best fixed MDD-ECT 75.816 oracle 75.249 (126.6s)
[25/440    130s] warm_s1_tard_P30_c2: best fixed ATC-TECT 6.631 oracle 5.895 (129.5s)
[26/440    135s] warm_s1_tard_P30_c1.5: best fixed MDD-ECT 23.156 oracle 22.207 (135.1s)
[27/440    137s] warm_s1_tard_P30_c3: best fixed SLACK-ECT 0.663 oracle 0.663 (136.8s)
[28/440    138s] warm_s1_tard_P30_c4: best fixed EDD-ECT 0.027 oracle 0.027 (138.3s)
[29/440    140s] warm_s4_tard_P30_c6: best fixed SPT-ECT 0.000 oracle 0.000 (71.2s)
[30/440    140s] warm_s1_tard_P30_c6: best fixed SPT-TECT 0.000 oracle 0.000 (139.9s)
[31/440    149s] warm_s5_tard_P30_c6: best fixed SPT-SRWT 0.000 oracle 0.000 (71.8s)
[32/440    152s] warm_s5_tard_P30_c1.5: best fixed MDD-ECT 35.390 oracle 35.107 (82.8s)
[33/440    158s] warm_s5_tard_P30_c2: best fixed MOD-ECT 16.380 oracle 14.183 (84.6s)
[34/440    160s] warm_s5_tard_P30_c3: best fixed MOD-TECT 2.952 oracle 1.840 (85.4s)
[35/440    164s] warm_s5_tard_P30_c4: best fixed CR-ECT 0.111 oracle 0.001 (88.2s)
[36/440    184s] warm_s9_tard_P30_c2: best fixed ATC-TECT 2.633 oracle 2.342 (58.2s)
[37/440    187s] warm_s9_tard_P30_c6: best fixed SPT-ECT 0.000 oracle 0.000 (52.0s)
[38/440    188s] warm_s9_tard_P30_c3: best fixed SLACK-ECT 0.000 oracle 0.000 (61.2s)
[39/440    189s] warm_s9_tard_P30_c1.5: best fixed ATC-ECT 13.925 oracle 12.500 (63.9s)
[40/440    194s] warm_s9_tard_P30_c4: best fixed SPT-ECT 0.000 oracle 0.000 (64.2s)
[41/440    194s] warm_s8_tard_P30_c3: best fixed MDD-ECT 1.919 oracle 1.500 (74.4s)
[42/440    198s] warm_s8_tard_P30_c6: best fixed SPT-ECT 0.000 oracle 0.000 (73.1s)
[43/440    201s] warm_s8_tard_P30_c4: best fixed SRT-TECT 0.000 oracle 0.000 (76.9s)
[44/440    205s] warm_s8_tard_P30_c2: best fixed MDD-TECT 30.019 oracle 28.968 (86.8s)
[45/440    206s] warm_s8_tard_P30_c1.5: best fixed SRT-TECT 56.441 oracle 55.885 (89.5s)
[46/440    231s] warm_s10_tard_P30_c1.5: best fixed ATC-ECT 33.011 oracle 32.502 (93.9s)
[47/440    232s] warm_s10_tard_P30_c6: best fixed SPT-ECT 0.000 oracle 0.000 (83.8s)
[48/440    234s] warm_s10_tard_P30_c3: best fixed ATC-TECT 0.870 oracle 0.667 (94.0s)
[49/440    236s] warm_s11_tard_P30_c3: best fixed ATC-ECT 7.850 oracle 7.697 (75.8s)
[50/440    238s] warm_s10_tard_P30_c2: best fixed SLACK-TECT 12.630 oracle 11.763 (99.3s)
[51/440    240s] warm_s11_tard_P30_c2: best fixed MDD-TECT 41.575 oracle 40.159 (82.1s)
[52/440    241s] warm_s10_tard_P30_c4: best fixed SLACK-SRWT 0.000 oracle 0.000 (101.5s)
[53/440    243s] warm_s11_tard_P30_c1.5: best fixed SRT-ECT 66.945 oracle 66.945 (90.2s)
[54/440    252s] warm_s11_tard_P30_c4: best fixed SLACK-ECT 0.084 oracle 0.000 (88.5s)
[55/440    273s] warm_s11_tard_P30_c6: best fixed SRT-ECT 0.000 oracle 0.000 (88.7s)
[56/440    281s] warm_s7_tard_P30_c4: best fixed ATC-ECT 23.985 oracle 20.801 (168.9s)
[57/440    288s] warm_s7_tard_P30_c1.5: best fixed MDD-ECT 143.448 oracle 140.857 (182.7s)
[58/440    291s] warm_s7_tard_P30_c6: best fixed EDD-SRWT 0.110 oracle 0.057 (177.6s)
[59/440    307s] warm_s7_tard_P30_c3: best fixed MDD-TECT 72.770 oracle 72.770 (195.3s)
[60/440    308s] warm_s7_tard_P30_c2: best fixed MDD-ECT 122.822 oracle 122.822 (198.4s)
[61/440    316s] warm_s14_tard_P30_c2: best fixed ATC-ECT 12.351 oracle 12.351 (81.8s)
[62/440    317s] warm_s14_tard_P30_c3: best fixed MDD-TECT 3.843 oracle 3.840 (81.2s)
[63/440    317s] warm_s14_tard_P30_c4: best fixed EDD-TECT 1.346 oracle 1.346 (79.4s)
[64/440    318s] warm_s14_tard_P30_c1.5: best fixed SRT-ECT 26.534 oracle 26.510 (85.3s)
[65/440    321s] warm_s15_tard_P30_c1.5: best fixed MDD-TECT 44.463 oracle 44.463 (79.1s)
[66/440    327s] warm_s12_tard_P30_c3: best fixed MDD-TECT 21.368 oracle 19.898 (138.5s)
[67/440    328s] warm_s15_tard_P30_c3: best fixed SLACK-ECT 0.138 oracle 0.000 (75.6s)
[68/440    329s] warm_s12_tard_P30_c1.5: best fixed MDD-ECT 104.241 oracle 102.612 (141.8s)
[69/440    329s] warm_s15_tard_P30_c2: best fixed MDD-ECT 20.227 oracle 20.119 (86.8s)
[70/440    331s] warm_s12_tard_P30_c6: best fixed EDD-ECT 0.000 oracle 0.000 (136.5s)
[71/440    331s] warm_s14_tard_P30_c6: best fixed EDD-ECT 0.300 oracle 0.300 (90.8s)
[72/440    332s] warm_s12_tard_P30_c2: best fixed MDD-ECT 71.406 oracle 70.853 (144.2s)
[73/440    345s] warm_s15_tard_P30_c6: best fixed SPT-ECT 0.000 oracle 0.000 (64.2s)
[74/440    348s] warm_s12_tard_P30_c4: best fixed ATC-SRWT 1.414 oracle 1.335 (153.9s)
[75/440    360s] warm_s15_tard_P30_c4: best fixed EDD-ECT 0.000 oracle 0.000 (87.7s)
[76/440    377s] warm_s19_tard_P30_c1.5: best fixed ATC-TECT 10.466 oracle 9.766 (44.5s)
[77/440    383s] warm_s13_tard_P30_c1.5: best fixed MDD-TECT 75.663 oracle 73.254 (184.8s)
[78/440    389s] warm_s13_tard_P30_c2: best fixed MDD-TECT 48.200 oracle 47.490 (188.1s)
[79/440    393s] warm_s19_tard_P30_c3: best fixed EDD-SRWT 0.594 oracle 0.270 (44.7s)
[80/440    394s] warm_s13_tard_P30_c3: best fixed MDD-TECT 11.300 oracle 11.274 (189.3s)
[81/440    395s] warm_s19_tard_P30_c2: best fixed SLACK-SRWT 3.583 oracle 3.127 (49.4s)
[82/440    397s] warm_s16_tard_P30_c1.5: best fixed SRT-ECT 19.486 oracle 19.440 (109.7s)
[83/440    398s] warm_s13_tard_P30_c4: best fixed ATC-ECT 0.051 oracle 0.051 (191.3s)
[84/440    400s] warm_s16_tard_P30_c2: best fixed MDD-ECT 16.651 oracle 15.898 (108.5s)
[85/440    402s] warm_s16_tard_P30_c6: best fixed SPT-SRWT 0.000 oracle 0.000 (86.5s)
[86/440    405s] warm_s19_tard_P30_c4: best fixed ATC-SRWT 0.215 oracle 0.135 (44.8s)
[87/440    407s] warm_s16_tard_P30_c3: best fixed ATC-TECT 7.946 oracle 7.867 (100.5s)
[88/440    408s] warm_s17_tard_P30_c1.5: best fixed MDD-TECT 75.531 oracle 75.517 (91.2s)
[89/440    413s] warm_s17_tard_P30_c2: best fixed MDD-TECT 43.637 oracle 43.083 (95.7s)
[90/440    415s] warm_s18_tard_P30_c6: best fixed EDD-ECT 0.000 oracle 0.000 (83.9s)
[91/440    416s] warm_s16_tard_P30_c4: best fixed CR-TECT 3.029 oracle 3.029 (108.2s)
[92/440    419s] warm_s17_tard_P30_c4: best fixed ATC-ECT 0.213 oracle 0.213 (98.4s)
[93/440    421s] warm_s13_tard_P30_c6: best fixed SRT-ECT 0.000 oracle 0.000 (189.9s)
[94/440    421s] warm_s17_tard_P30_c3: best fixed CR-TECT 4.428 oracle 4.298 (103.4s)
[95/440    423s] warm_s19_tard_P30_c6: best fixed EDD-TECT 0.043 oracle 0.000 (46.1s)
[96/440    428s] t0_s0_tard_P30_c1.5: best fixed MDD-TECT 43.925 oracle 43.238 (45.9s)
[97/440    431s] t0_s2_tard_P30_c3: best fixed SPT-ECT 0.000 oracle 0.000 (18.3s)
[98/440    431s] t0_s1_tard_P30_c3: best fixed SPT-ECT 0.000 oracle 0.000 (31.3s)
[99/440    431s] t0_s2_tard_P30_c1.5: best fixed SPT-TECT 0.262 oracle 0.262 (24.1s)
[100/440    432s] t0_s2_tard_P30_c2: best fixed SPT-ECT 0.000 oracle 0.000 (23.6s)
[101/440    433s] warm_s18_tard_P30_c1.5: best fixed MDD-ECT 81.722 oracle 81.540 (105.2s)
[102/440    435s] warm_s18_tard_P30_c2: best fixed MDD-ECT 48.752 oracle 48.430 (106.3s)
[103/440    436s] t0_s2_tard_P30_c4: best fixed SPT-ECT 0.000 oracle 0.000 (21.1s)
[104/440    436s] warm_s18_tard_P30_c3: best fixed MDD-TECT 14.365 oracle 11.428 (106.8s)
[105/440    439s] warm_s17_tard_P30_c6: best fixed SRT-ECT 0.000 oracle 0.000 (111.6s)
[106/440    442s] t0_s0_tard_P30_c6: best fixed SPT-ECT 0.000 oracle 0.000 (46.8s)
[107/440    442s] t0_s0_tard_P30_c2: best fixed EDD-TECT 21.546 oracle 21.336 (53.0s)
[108/440    444s] t0_s2_tard_P30_c6: best fixed SPT-ECT 0.000 oracle 0.000 (27.6s)
[109/440    445s] t0_s1_tard_P30_c1.5: best fixed EDD-TECT 1.106 oracle 1.058 (47.4s)
[110/440    445s] warm_s18_tard_P30_c4: best fixed MDD-ECT 1.320 oracle 1.199 (114.6s)
[111/440    446s] t0_s1_tard_P30_c2: best fixed MOD-TECT 0.030 oracle 0.030 (48.7s)
[112/440    448s] t0_s0_tard_P30_c4: best fixed SRT-TECT 0.000 oracle 0.000 (53.7s)
[113/440    449s] t0_s1_tard_P30_c6: best fixed SPT-ECT 0.000 oracle 0.000 (43.6s)
[114/440    449s] t0_s1_tard_P30_c4: best fixed SPT-ECT 0.000 oracle 0.000 (47.0s)
[115/440    449s] t0_s0_tard_P30_c3: best fixed SLACK-TECT 0.718 oracle 0.708 (56.9s)
[116/440    466s] t0_s4_tard_P30_c2: best fixed ATC-ECT 8.190 oracle 7.515 (35.2s)
[117/440    469s] t0_s4_tard_P30_c6: best fixed SPT-ECT 0.000 oracle 0.000 (35.5s)
[118/440    469s] t0_s6_tard_P30_c4: best fixed SPT-ECT 0.000 oracle 0.000 (24.1s)
[119/440    470s] t0_s6_tard_P30_c6: best fixed SPT-ECT 0.000 oracle 0.000 (23.9s)
[120/440    470s] t0_s6_tard_P30_c1.5: best fixed ATC-ECT 7.625 oracle 7.476 (28.3s)
[121/440    471s] t0_s6_tard_P30_c2: best fixed MDD-TECT 2.234 oracle 2.232 (27.0s)
[122/440    474s] t0_s4_tard_P30_c1.5: best fixed SPT-ECT 20.895 oracle 20.895 (42.6s)
[123/440    474s] t0_s4_tard_P30_c3: best fixed EDD-ECT 0.072 oracle 0.072 (42.8s)
[124/440    476s] t0_s6_tard_P30_c3: best fixed PTWINQ-ECT 0.001 oracle 0.001 (31.2s)
[125/440    478s] t0_s4_tard_P30_c4: best fixed SPT-ECT 0.000 oracle 0.000 (46.1s)
[126/440    482s] t0_s5_tard_P30_c1.5: best fixed ATC-ECT 15.853 oracle 15.356 (46.7s)
[127/440    485s] t0_s5_tard_P30_c4: best fixed EDD-TECT 0.023 oracle 0.000 (46.1s)
[128/440    489s] t0_s5_tard_P30_c2: best fixed ATC-TECT 5.100 oracle 5.100 (53.4s)
[129/440    492s] t0_s3_tard_P30_c4: best fixed SRT-ECT 0.000 oracle 0.000 (69.2s)
[130/440    497s] t0_s5_tard_P30_c3: best fixed SLACK-TECT 0.407 oracle 0.227 (60.5s)
[131/440    500s] t0_s3_tard_P30_c1.5: best fixed MDD-TECT 26.347 oracle 26.047 (81.3s)
[132/440    502s] t0_s3_tard_P30_c2: best fixed MDD-ECT 11.820 oracle 10.512 (81.2s)
[133/440    502s] t0_s5_tard_P30_c6: best fixed SPT-SRWT 0.000 oracle 0.000 (60.4s)
[134/440    502s] t0_s3_tard_P30_c6: best fixed SPT-ECT 0.000 oracle 0.000 (73.6s)
[135/440    503s] t0_s3_tard_P30_c3: best fixed MDD-TECT 0.555 oracle 0.414 (81.8s)
[136/440    513s] t0_s7_tard_P30_c3: best fixed SLACK-TECT 1.323 oracle 1.315 (63.3s)
[137/440    518s] t0_s7_tard_P30_c1.5: best fixed SRT-TECT 14.517 oracle 14.356 (70.4s)
[138/440    519s] t0_s9_tard_P30_c1.5: best fixed ATC-ECT 13.925 oracle 12.500 (45.9s)
[139/440    521s] t0_s9_tard_P30_c2: best fixed ATC-TECT 2.633 oracle 2.342 (46.6s)
[140/440    522s] t0_s7_tard_P30_c2: best fixed EDD-TECT 5.649 oracle 5.614 (73.1s)
[141/440    524s] t0_s7_tard_P30_c6: best fixed SRT-ECT 0.000 oracle 0.000 (57.2s)
[142/440    526s] t0_s7_tard_P30_c4: best fixed CR-ECT 0.422 oracle 0.287 (77.0s)
[143/440    530s] t0_s9_tard_P30_c3: best fixed SLACK-ECT 0.000 oracle 0.000 (54.3s)
[144/440    535s] t0_s9_tard_P30_c4: best fixed SPT-ECT 0.000 oracle 0.000 (56.8s)
[145/440    535s] t0_s10_tard_P30_c1.5: best fixed SLACK-ECT 13.539 oracle 13.309 (49.5s)
[146/440    539s] t0_s10_tard_P30_c3: best fixed EDD-ECT 0.077 oracle 0.051 (47.0s)
[147/440    539s] t0_s9_tard_P30_c6: best fixed SPT-ECT 0.000 oracle 0.000 (57.3s)
[148/440    543s] t0_s10_tard_P30_c2: best fixed SLACK-ECT 3.910 oracle 3.910 (53.8s)
[149/440    547s] t0_s8_tard_P30_c6: best fixed SPT-ECT 0.000 oracle 0.000 (76.4s)
[150/440    549s] t0_s8_tard_P30_c3: best fixed MDD-ECT 1.919 oracle 1.500 (78.3s)
[151/440    551s] t0_s10_tard_P30_c4: best fixed SPT-ECT 0.000 oracle 0.000 (54.1s)
[152/440    552s] t0_s8_tard_P30_c1.5: best fixed SRT-TECT 56.441 oracle 55.885 (83.3s)
[153/440    558s] t0_s8_tard_P30_c2: best fixed MDD-TECT 30.019 oracle 28.968 (88.9s)
[154/440    558s] t0_s10_tard_P30_c6: best fixed SPT-ECT 0.000 oracle 0.000 (58.0s)
[155/440    560s] t0_s11_tard_P30_c3: best fixed SLACK-TECT 2.340 oracle 2.245 (57.5s)
[156/440    560s] t0_s8_tard_P30_c4: best fixed SRT-TECT 0.000 oracle 0.000 (89.7s)
[157/440    566s] t0_s11_tard_P30_c1.5: best fixed SRT-TECT 25.135 oracle 25.135 (64.1s)
[158/440    568s] t0_s11_tard_P30_c2: best fixed MDD-TECT 10.734 oracle 10.127 (65.9s)
[159/440    572s] t0_s11_tard_P30_c6: best fixed EDD-TECT 0.000 oracle 0.000 (59.2s)
[160/440    573s] t0_s11_tard_P30_c4: best fixed ATC-TECT 0.326 oracle 0.264 (70.1s)
[161/440    583s] t0_s12_tard_P30_c1.5: best fixed MDD-ECT 26.805 oracle 26.389 (65.3s)
[162/440    584s] t0_s13_tard_P30_c3: best fixed SRT-ECT 0.000 oracle 0.000 (49.7s)
[163/440    587s] t0_s13_tard_P30_c6: best fixed SPT-ECT 0.000 oracle 0.000 (48.3s)
[164/440    587s] t0_s12_tard_P30_c4: best fixed SRT-TECT 0.000 oracle 0.000 (65.5s)
[165/440    590s] t0_s12_tard_P30_c3: best fixed SLACK-TECT 0.027 oracle 0.026 (69.0s)
[166/440    590s] t0_s12_tard_P30_c2: best fixed SLACK-TECT 9.858 oracle 8.769 (70.8s)
[167/440    591s] t0_s13_tard_P30_c2: best fixed CR-TECT 1.281 oracle 1.118 (60.9s)
[168/440    593s] t0_s15_tard_P30_c1.5: best fixed SRT-TECT 8.516 oracle 8.504 (40.7s)
[169/440    597s] t0_s13_tard_P30_c1.5: best fixed MDD-TECT 9.584 oracle 9.584 (70.2s)
[170/440    598s] t0_s12_tard_P30_c6: best fixed SPT-ECT 0.000 oracle 0.000 (74.5s)
[171/440    601s] t0_s15_tard_P30_c3: best fixed SPT-ECT 0.000 oracle 0.000 (42.7s)
[172/440    601s] t0_s15_tard_P30_c2: best fixed SLACK-TECT 1.710 oracle 1.597 (43.0s)
[173/440    603s] t0_s14_tard_P30_c1.5: best fixed MDD-ECT 18.733 oracle 18.618 (63.2s)
[174/440    603s] t0_s15_tard_P30_c4: best fixed SPT-ECT 0.000 oracle 0.000 (43.1s)
[175/440    604s] t0_s13_tard_P30_c4: best fixed SPT-ECT 0.000 oracle 0.000 (68.8s)
[176/440    605s] t0_s15_tard_P30_c6: best fixed SPT-ECT 0.000 oracle 0.000 (44.7s)
[177/440    612s] t0_s14_tard_P30_c4: best fixed ATC-TECT 0.028 oracle 0.000 (63.2s)
[178/440    614s] t0_s14_tard_P30_c3: best fixed ATC-TECT 0.337 oracle 0.149 (66.9s)
[179/440    615s] t0_s14_tard_P30_c2: best fixed EDD-TECT 7.113 oracle 7.021 (71.8s)
[180/440    617s] t0_s14_tard_P30_c6: best fixed SRT-ECT 0.000 oracle 0.000 (65.9s)
[181/440    626s] t0_s16_tard_P30_c2: best fixed SRT-ECT 37.892 oracle 37.256 (58.0s)
[182/440    630s] t0_s16_tard_P30_c1.5: best fixed SRT-ECT 59.506 oracle 59.358 (64.0s)
[183/440    637s] t0_s16_tard_P30_c3: best fixed EDD-TECT 5.094 oracle 4.439 (64.7s)
[184/440    638s] t0_s16_tard_P30_c4: best fixed EDD-ECT 0.000 oracle 0.000 (64.6s)
[185/440    640s] t0_s19_tard_P30_c1.5: best fixed ATC-TECT 10.466 oracle 9.766 (38.8s)
[186/440    643s] t0_s17_tard_P30_c2: best fixed SLACK-ECT 6.850 oracle 6.395 (56.0s)
[187/440    648s] t0_s19_tard_P30_c3: best fixed EDD-SRWT 0.594 oracle 0.270 (45.0s)
[188/440    648s] t0_s17_tard_P30_c4: best fixed EDD-ECT 0.000 oracle 0.000 (58.1s)
[189/440    649s] t0_s16_tard_P30_c6: best fixed SRT-ECT 0.000 oracle 0.000 (66.1s)
[190/440    649s] warm_s0_tis_P12_c2: best fixed SRT-TECT 127.149 oracle 127.149 (37.6s)
[191/440    650s] t0_s17_tard_P30_c6: best fixed SPT-ECT 0.000 oracle 0.000 (59.6s)
[192/440    650s] warm_s0_tard_P12_c2: best fixed SRT-TECT 17.712 oracle 17.492 (34.9s)
[193/440    650s] t0_s17_tard_P30_c1.5: best fixed MDD-ECT 25.588 oracle 23.888 (65.8s)
[194/440    651s] t0_s19_tard_P30_c2: best fixed SLACK-SRWT 3.583 oracle 3.127 (48.2s)
[195/440    651s] t0_s19_tard_P30_c4: best fixed ATC-SRWT 0.215 oracle 0.135 (47.5s)
[196/440    653s] t0_s17_tard_P30_c3: best fixed ATC-ECT 0.068 oracle 0.022 (66.1s)
[197/440    655s] warm_s0_tard_P12_c3: best fixed SRT-TECT 4.047 oracle 4.047 (38.7s)
[198/440    655s] warm_s0_tard_P12_c1.5: best fixed SRT-TECT 30.856 oracle 30.825 (41.5s)
[199/440    657s] t0_s19_tard_P30_c6: best fixed EDD-TECT 0.043 oracle 0.000 (52.5s)
[200/440    659s] t0_s18_tard_P30_c2: best fixed MDD-ECT 16.084 oracle 16.079 (66.8s)
[201/440    660s] warm_s0_tard_P12_c4: best fixed SRT-ECT 0.000 oracle 0.000 (34.5s)
[202/440    661s] warm_s0_tard_P12_c6: best fixed SPT-ECT 0.000 oracle 0.000 (31.3s)
[203/440    667s] t0_s18_tard_P30_c1.5: best fixed SRT-TECT 34.815 oracle 34.589 (76.0s)
[204/440    676s] t0_s18_tard_P30_c3: best fixed SLACK-ECT 0.825 oracle 0.692 (79.2s)
[205/440    684s] warm_s2_tard_P12_c6: best fixed SPT-ECT 0.000 oracle 0.000 (33.6s)
[206/440    685s] t0_s18_tard_P30_c4: best fixed SRT-ECT 0.025 oracle 0.000 (86.7s)
[207/440    686s] t0_s18_tard_P30_c6: best fixed SRT-ECT 0.000 oracle 0.000 (84.8s)
[208/440    687s] warm_s4_tard_P12_c1.5: best fixed SRT-TECT 3.982 oracle 3.839 (25.4s)
[209/440    688s] warm_s2_tard_P12_c4: best fixed FIFO-ECT 0.301 oracle 0.000 (38.3s)
[210/440    692s] warm_s4_tis_P12_c2: best fixed SRT-TECT 42.132 oracle 42.119 (31.4s)
[211/440    692s] warm_s2_tard_P12_c1.5: best fixed SRT-ECT 52.601 oracle 52.601 (43.0s)
[212/440    693s] warm_s2_tard_P12_c2: best fixed SRT-SRWT 27.743 oracle 25.140 (43.1s)
[213/440    694s] warm_s4_tard_P12_c2: best fixed SRT-ECT 2.516 oracle 2.516 (26.5s)
[214/440    694s] warm_s2_tis_P12_c2: best fixed SRT-ECT 155.941 oracle 155.941 (44.6s)
[215/440    696s] warm_s2_tard_P12_c3: best fixed FIFO-ECT 6.805 oracle 3.795 (46.1s)
[216/440    698s] warm_s3_tard_P12_c6: best fixed SRT-ECT 0.000 oracle 0.000 (38.6s)
[217/440    699s] warm_s1_tard_P12_c6: best fixed SPT-TECT 0.000 oracle 0.000 (50.6s)
[218/440    700s] warm_s1_tard_P12_c2: best fixed PTWINQ-TECT 6.735 oracle 5.783 (60.2s)
[219/440    702s] warm_s1_tard_P12_c1.5: best fixed PTWINQ-ECT 23.543 oracle 22.699 (63.7s)
[220/440    702s] warm_s4_tard_P12_c3: best fixed SPT-ECT 1.498 oracle 1.498 (26.2s)
[221/440    702s] warm_s1_tis_P12_c2: best fixed PTWINQ-ECT 118.437 oracle 117.579 (65.4s)
[222/440    703s] warm_s6_tis_P12_c2: best fixed SRT-TECT 51.718 oracle 51.543 (9.5s)
[223/440    704s] warm_s3_tis_P12_c2: best fixed SRT-TECT 183.631 oracle 183.631 (52.7s)
[224/440    706s] warm_s6_tard_P12_c1.5: best fixed SRT-TECT 7.852 oracle 7.787 (12.4s)
[225/440    707s] warm_s1_tard_P12_c4: best fixed FIFO-ECT 0.144 oracle 0.027 (59.2s)
[226/440    707s] warm_s3_tard_P12_c4: best fixed SRT-ECT 4.976 oracle 4.959 (49.8s)
[227/440    708s] warm_s3_tard_P12_c3: best fixed SRT-TECT 15.814 oracle 15.727 (52.1s)
[228/440    708s] warm_s6_tard_P12_c2: best fixed SRT-TECT 2.235 oracle 2.234 (12.1s)
[229/440    708s] warm_s3_tard_P12_c2: best fixed SRT-TECT 46.615 oracle 46.615 (52.8s)
[230/440    708s] warm_s1_tard_P12_c3: best fixed SRT-ECT 1.132 oracle 1.075 (64.9s)
[231/440    709s] warm_s3_tard_P12_c1.5: best fixed SRT-TECT 77.666 oracle 77.666 (55.9s)
[232/440    710s] warm_s6_tard_P12_c3: best fixed PTWINQ-ECT 0.001 oracle 0.001 (12.3s)
[233/440    711s] warm_s6_tard_P12_c4: best fixed SPT-ECT 0.000 oracle 0.000 (12.1s)
[234/440    712s] warm_s6_tard_P12_c6: best fixed SPT-ECT 0.000 oracle 0.000 (12.2s)
[235/440    714s] warm_s4_tard_P12_c4: best fixed SPT-ECT 1.160 oracle 1.160 (29.7s)
[236/440    716s] warm_s4_tard_P12_c6: best fixed SPT-ECT 0.000 oracle 0.000 (30.8s)
[237/440    718s] warm_s5_tard_P12_c4: best fixed SRT-SRWT 0.910 oracle 0.042 (25.4s)
[238/440    719s] warm_s5_tard_P12_c2: best fixed SRT-SRWT 19.660 oracle 17.700 (30.9s)
[239/440    719s] warm_s5_tard_P12_c1.5: best fixed SRT-ECT 36.856 oracle 33.697 (32.7s)
[240/440    722s] warm_s5_tis_P12_c2: best fixed SRT-TECT 135.884 oracle 132.756 (35.9s)
[241/440    727s] warm_s5_tard_P12_c6: best fixed SPT-SRWT 0.000 oracle 0.000 (34.3s)
[242/440    727s] warm_s5_tard_P12_c3: best fixed SRT-SRWT 4.495 oracle 2.809 (35.7s)
[243/440    735s] warm_s9_tis_P12_c2: best fixed SRT-TECT 112.245 oracle 111.784 (25.7s)
[244/440    736s] warm_s9_tard_P12_c1.5: best fixed SRT-ECT 15.111 oracle 14.404 (25.9s)
[245/440    737s] warm_s8_tard_P12_c4: best fixed SRT-TECT 0.000 oracle 0.000 (28.6s)
[246/440    737s] warm_s9_tard_P12_c2: best fixed SRT-ECT 4.273 oracle 3.636 (26.2s)
[247/440    738s] warm_s8_tard_P12_c1.5: best fixed SRT-TECT 56.441 oracle 56.321 (30.6s)
[248/440    738s] warm_s8_tis_P12_c2: best fixed SRT-TECT 172.861 oracle 172.742 (31.0s)
[249/440    739s] warm_s8_tard_P12_c3: best fixed SRT-TECT 4.163 oracle 3.970 (30.7s)
[250/440    740s] warm_s9_tard_P12_c3: best fixed SRT-ECT 0.178 oracle 0.173 (27.1s)
[251/440    740s] warm_s9_tard_P12_c4: best fixed SPT-ECT 0.000 oracle 0.000 (25.6s)
[252/440    740s] warm_s8_tard_P12_c2: best fixed SRT-TECT 30.436 oracle 30.316 (32.5s)
[253/440    742s] warm_s9_tard_P12_c6: best fixed SPT-ECT 0.000 oracle 0.000 (26.4s)
[254/440    746s] warm_s8_tard_P12_c6: best fixed SPT-ECT 0.000 oracle 0.000 (38.0s)
[255/440    749s] warm_s10_tard_P12_c1.5: best fixed SPT-TECT 33.383 oracle 32.844 (29.9s)
[256/440    751s] warm_s10_tis_P12_c2: best fixed SPT-TECT 120.432 oracle 119.700 (33.5s)
[257/440    756s] warm_s10_tard_P12_c2: best fixed SPT-TECT 14.934 oracle 14.930 (36.3s)
[258/440    761s] warm_s10_tard_P12_c3: best fixed SRT-ECT 1.465 oracle 1.465 (39.2s)
[259/440    764s] warm_s11_tis_P12_c2: best fixed SRT-ECT 134.963 oracle 134.963 (28.4s)
[260/440    766s] warm_s10_tard_P12_c4: best fixed SRT-TECT 0.144 oracle 0.012 (38.5s)
[261/440    766s] warm_s11_tard_P12_c4: best fixed SRT-SRWT 1.819 oracle 0.995 (28.5s)
[262/440    768s] warm_s10_tard_P12_c6: best fixed SPT-ECT 0.000 oracle 0.000 (40.3s)
[263/440    768s] warm_s11_tard_P12_c6: best fixed SRT-ECT 0.000 oracle 0.000 (30.0s)
[264/440    770s] warm_s11_tard_P12_c2: best fixed SRT-ECT 41.939 oracle 41.899 (33.1s)
[265/440    771s] warm_s11_tard_P12_c3: best fixed SPT-ECT 10.896 oracle 10.805 (33.8s)
[266/440    771s] warm_s7_tis_P12_c2: best fixed SRT-ECT 224.505 oracle 224.505 (69.8s)
[267/440    773s] warm_s11_tard_P12_c1.5: best fixed SRT-ECT 66.945 oracle 66.945 (37.1s)
[268/440    779s] warm_s7_tard_P12_c1.5: best fixed SRT-ECT 147.666 oracle 147.666 (76.8s)
[269/440    780s] warm_s7_tard_P12_c6: best fixed SPT-TECT 7.318 oracle 5.443 (73.1s)
[270/440    783s] warm_s7_tard_P12_c2: best fixed SRT-TECT 124.765 oracle 124.765 (81.3s)
[271/440    784s] warm_s7_tard_P12_c3: best fixed SRT-TECT 77.592 oracle 77.592 (80.9s)
[272/440    785s] warm_s7_tard_P12_c4: best fixed SRT-TECT 39.916 oracle 39.916 (80.8s)
[273/440    797s] warm_s12_tard_P12_c2: best fixed SRT-ECT 75.389 oracle 74.834 (57.3s)
[274/440    797s] warm_s12_tard_P12_c6: best fixed SRT-SRWT 1.455 oracle 0.000 (51.1s)
[275/440    799s] warm_s14_tis_P12_c2: best fixed SRT-ECT 74.840 oracle 74.770 (33.2s)
[276/440    800s] warm_s14_tard_P12_c1.5: best fixed SRT-ECT 26.534 oracle 26.397 (32.4s)
[277/440    800s] warm_s12_tard_P12_c3: best fixed SRT-SRWT 34.799 oracle 29.276 (60.1s)
[278/440    802s] warm_s14_tard_P12_c2: best fixed SRT-ECT 13.630 oracle 12.956 (34.4s)
[279/440    803s] warm_s12_tard_P12_c1.5: best fixed SRT-ECT 104.622 oracle 104.622 (63.1s)
[280/440    803s] warm_s14_tard_P12_c3: best fixed SRT-ECT 4.030 oracle 4.030 (32.8s)
[281/440    803s] warm_s12_tis_P12_c2: best fixed SRT-TECT 200.639 oracle 200.639 (64.0s)
[282/440    804s] warm_s12_tard_P12_c4: best fixed SRT-ECT 11.922 oracle 9.069 (62.1s)
[283/440    805s] warm_s14_tard_P12_c6: best fixed SPT-ECT 0.372 oracle 0.300 (34.1s)
[284/440    807s] warm_s15_tis_P12_c2: best fixed SRT-ECT 146.951 oracle 146.641 (33.3s)
[285/440    807s] warm_s14_tard_P12_c4: best fixed SRT-ECT 1.670 oracle 1.670 (36.4s)
[286/440    809s] warm_s15_tard_P12_c3: best fixed SRT-ECT 3.502 oracle 1.331 (25.4s)
[287/440    812s] warm_s15_tard_P12_c1.5: best fixed SRT-ECT 44.822 oracle 44.023 (33.1s)
[288/440    814s] warm_s15_tard_P12_c2: best fixed SRT-ECT 21.566 oracle 20.275 (34.7s)
[289/440    816s] warm_s15_tard_P12_c6: best fixed SPT-ECT 0.000 oracle 0.000 (31.9s)
[290/440    821s] warm_s15_tard_P12_c4: best fixed SRT-ECT 0.047 oracle 0.000 (37.1s)
[291/440    822s] warm_s13_tis_P12_c2: best fixed SRT-TECT 184.726 oracle 184.726 (72.8s)
[292/440    822s] warm_s13_tard_P12_c1.5: best fixed SRT-TECT 75.762 oracle 75.762 (71.0s)
[293/440    825s] warm_s13_tard_P12_c2: best fixed SRT-TECT 48.371 oracle 48.371 (68.9s)
[294/440    828s] warm_s13_tard_P12_c4: best fixed SRT-TECT 1.317 oracle 1.239 (64.6s)
[295/440    832s] warm_s16_tard_P12_c1.5: best fixed SRT-ECT 19.486 oracle 19.440 (34.1s)
[296/440    837s] warm_s16_tard_P12_c2: best fixed SRT-ECT 16.720 oracle 16.125 (37.6s)
[297/440    837s] warm_s16_tard_P12_c3: best fixed SRT-ECT 7.977 oracle 7.916 (37.1s)
[298/440    838s] warm_s17_tis_P12_c2: best fixed SRT-ECT 171.144 oracle 171.133 (34.9s)
[299/440    840s] warm_s16_tard_P12_c4: best fixed SRT-ECT 3.036 oracle 3.036 (40.1s)
[300/440    841s] warm_s17_tard_P12_c3: best fixed SRT-ECT 12.763 oracle 12.763 (36.4s)
[301/440    842s] warm_s19_tard_P12_c1.5: best fixed SRT-ECT 10.768 oracle 10.576 (19.5s)
[302/440    842s] warm_s16_tis_P12_c2: best fixed SRT-TECT 71.255 oracle 71.057 (45.2s)
[303/440    843s] warm_s17_tard_P12_c2: best fixed SRT-ECT 46.411 oracle 46.376 (39.8s)
[304/440    844s] warm_s13_tard_P12_c3: best fixed SRT-TECT 12.587 oracle 12.587 (83.3s)
[305/440    845s] warm_s13_tard_P12_c6: best fixed SRT-ECT 0.000 oracle 0.000 (78.9s)
[306/440    845s] warm_s19_tis_P12_c2: best fixed SRT-ECT 102.014 oracle 101.619 (23.0s)
[307/440    845s] warm_s17_tard_P12_c1.5: best fixed SRT-ECT 75.618 oracle 75.542 (42.5s)
[308/440    846s] warm_s18_tis_P12_c2: best fixed SRT-TECT 216.877 oracle 216.877 (39.0s)
[309/440    847s] warm_s17_tard_P12_c6: best fixed SRT-ECT 0.000 oracle 0.000 (40.2s)
[310/440    847s] warm_s19_tard_P12_c2: best fixed SRT-ECT 4.469 oracle 3.344 (22.7s)
[311/440    848s] warm_s17_tard_P12_c4: best fixed SRT-ECT 1.682 oracle 1.309 (42.7s)
[312/440    849s] warm_s19_tard_P12_c3: best fixed PTWINQ-SRWT 1.231 oracle 0.997 (20.5s)
[313/440    849s] warm_s16_tard_P12_c6: best fixed SPT-SRWT 0.000 oracle 0.000 (46.7s)
[314/440    850s] warm_s19_tard_P12_c4: best fixed PTWINQ-SRWT 0.468 oracle 0.272 (18.3s)
[315/440    851s] warm_s18_tard_P12_c1.5: best fixed SRT-TECT 86.955 oracle 86.955 (41.9s)
[316/440    851s] warm_s18_tard_P12_c4: best fixed SRT-TECT 5.472 oracle 5.171 (34.8s)
[317/440    854s] warm_s18_tard_P12_c3: best fixed SRT-TECT 16.259 oracle 16.246 (40.0s)
[318/440    855s] warm_s19_tard_P12_c6: best fixed SPT-SRWT 0.094 oracle 0.000 (17.7s)
[319/440    855s] t0_s2_tard_P12_c1.5: best fixed SPT-TECT 0.262 oracle 0.262 (7.8s)
[320/440    855s] t0_s2_tard_P12_c2: best fixed SPT-ECT 0.000 oracle 0.000 (7.3s)
[321/440    857s] t0_s2_tis_P12_c2: best fixed SPT-ECT 41.115 oracle 41.062 (9.6s)
[322/440    857s] t0_s0_tard_P12_c3: best fixed SRT-TECT 0.941 oracle 0.831 (16.7s)
[323/440    858s] t0_s1_tis_P12_c2: best fixed SRT-ECT 46.453 oracle 46.264 (15.2s)
[324/440    858s] t0_s2_tard_P12_c6: best fixed SPT-ECT 0.000 oracle 0.000 (8.1s)
[325/440    858s] t0_s1_tard_P12_c6: best fixed SPT-ECT 0.000 oracle 0.000 (11.9s)
[326/440    859s] t0_s2_tard_P12_c3: best fixed SPT-ECT 0.000 oracle 0.000 (10.8s)
[327/440    860s] t0_s0_tis_P12_c2: best fixed SRT-TECT 138.238 oracle 137.140 (22.5s)
[328/440    860s] t0_s2_tard_P12_c4: best fixed SPT-ECT 0.000 oracle 0.000 (10.8s)
[329/440    861s] warm_s18_tard_P12_c2: best fixed SRT-TECT 52.127 oracle 52.127 (49.0s)
[330/440    862s] t0_s0_tard_P12_c1.5: best fixed SRT-TECT 44.103 oracle 42.833 (24.5s)
[331/440    863s] t0_s1_tard_P12_c3: best fixed SPT-ECT 0.000 oracle 0.000 (18.0s)
[332/440    864s] t0_s1_tard_P12_c2: best fixed SRT-ECT 0.323 oracle 0.288 (19.1s)
[333/440    864s] t0_s1_tard_P12_c1.5: best fixed SPT-TECT 1.202 oracle 1.173 (19.8s)
[334/440    864s] t0_s0_tard_P12_c2: best fixed SRT-TECT 22.063 oracle 20.636 (24.0s)
[335/440    865s] t0_s0_tard_P12_c4: best fixed SRT-TECT 0.000 oracle 0.000 (22.8s)
[336/440    865s] t0_s1_tard_P12_c4: best fixed SPT-ECT 0.000 oracle 0.000 (19.8s)
[337/440    867s] t0_s0_tard_P12_c6: best fixed SPT-ECT 0.000 oracle 0.000 (25.1s)
[338/440    869s] warm_s18_tard_P12_c6: best fixed SRT-ECT 0.197 oracle 0.000 (47.8s)
[339/440    872s] t0_s4_tard_P12_c4: best fixed SPT-ECT 0.000 oracle 0.000 (13.7s)
[340/440    874s] t0_s4_tard_P12_c2: best fixed SPT-ECT 8.803 oracle 8.491 (15.7s)
[341/440    874s] t0_s4_tard_P12_c1.5: best fixed SPT-ECT 20.895 oracle 20.895 (16.3s)
[342/440    874s] t0_s4_tard_P12_c3: best fixed SRT-ECT 0.166 oracle 0.166 (15.7s)
[343/440    874s] t0_s6_tard_P12_c2: best fixed SRT-TECT 2.235 oracle 2.234 (9.6s)
[344/440    875s] t0_s6_tis_P12_c2: best fixed SRT-TECT 51.718 oracle 51.543 (11.3s)
[345/440    876s] t0_s6_tard_P12_c3: best fixed PTWINQ-ECT 0.001 oracle 0.001 (10.6s)
[346/440    876s] t0_s4_tis_P12_c2: best fixed SRT-TECT 71.414 oracle 71.414 (19.5s)
[347/440    876s] t0_s4_tard_P12_c6: best fixed SPT-ECT 0.000 oracle 0.000 (16.8s)
[348/440    876s] t0_s6_tard_P12_c1.5: best fixed SRT-TECT 7.852 oracle 7.787 (12.1s)
[349/440    879s] t0_s3_tard_P12_c2: best fixed SRT-TECT 12.072 oracle 10.997 (24.2s)
[350/440    879s] t0_s3_tard_P12_c1.5: best fixed SRT-ECT 27.125 oracle 26.562 (27.9s)
[351/440    880s] t0_s6_tard_P12_c4: best fixed SPT-ECT 0.000 oracle 0.000 (12.1s)
[352/440    880s] t0_s3_tard_P12_c4: best fixed SRT-ECT 0.000 oracle 0.000 (24.5s)
[353/440    881s] t0_s3_tard_P12_c6: best fixed SPT-ECT 0.000 oracle 0.000 (25.5s)
[354/440    881s] t0_s3_tis_P12_c2: best fixed SRT-TECT 125.400 oracle 125.306 (30.6s)
[355/440    882s] t0_s6_tard_P12_c6: best fixed SPT-ECT 0.000 oracle 0.000 (12.5s)
[356/440    882s] t0_s5_tis_P12_c2: best fixed SRT-ECT 105.507 oracle 105.120 (21.9s)
[357/440    883s] t0_s5_tard_P12_c6: best fixed SPT-SRWT 0.000 oracle 0.000 (18.8s)
[358/440    883s] t0_s5_tard_P12_c2: best fixed SPT-ECT 7.925 oracle 7.000 (21.8s)
[359/440    885s] t0_s5_tard_P12_c3: best fixed SRT-ECT 0.579 oracle 0.348 (22.8s)
[360/440    886s] t0_s5_tard_P12_c1.5: best fixed SRT-ECT 17.772 oracle 17.268 (25.6s)
[361/440    887s] t0_s5_tard_P12_c4: best fixed SRT-ECT 0.027 oracle 0.015 (23.6s)
[362/440    890s] t0_s3_tard_P12_c3: best fixed SRT-TECT 1.636 oracle 1.636 (35.0s)
[363/440    894s] t0_s7_tard_P12_c2: best fixed SRT-TECT 6.298 oracle 5.761 (20.5s)
[364/440    896s] t0_s7_tis_P12_c2: best fixed SRT-TECT 102.304 oracle 102.154 (24.1s)
[365/440    897s] t0_s9_tard_P12_c2: best fixed SRT-ECT 4.273 oracle 3.636 (16.5s)
[366/440    898s] t0_s7_tard_P12_c6: best fixed SRT-ECT 0.000 oracle 0.000 (22.7s)
[367/440    899s] t0_s10_tis_P12_c2: best fixed PTWINQ-TECT 94.036 oracle 92.487 (15.9s)
[368/440    901s] t0_s7_tard_P12_c3: best fixed SRT-TECT 1.799 oracle 1.630 (27.4s)
[369/440    901s] t0_s7_tard_P12_c4: best fixed SRT-ECT 0.510 oracle 0.416 (27.0s)
[370/440    902s] t0_s8_tard_P12_c1.5: best fixed SRT-TECT 56.441 oracle 56.321 (25.5s)
[371/440    902s] t0_s8_tis_P12_c2: best fixed SRT-TECT 172.861 oracle 172.742 (26.1s)
[372/440    904s] t0_s10_tard_P12_c1.5: best fixed PTWINQ-ECT 15.235 oracle 13.539 (21.1s)
[373/440    905s] t0_s9_tard_P12_c1.5: best fixed SRT-ECT 15.111 oracle 14.404 (25.3s)
[374/440    906s] t0_s9_tis_P12_c2: best fixed SRT-TECT 112.245 oracle 111.784 (26.4s)
[375/440    906s] t0_s7_tard_P12_c1.5: best fixed SRT-TECT 14.517 oracle 14.356 (32.4s)
[376/440    906s] t0_s9_tard_P12_c4: best fixed SPT-ECT 0.000 oracle 0.000 (24.6s)
[377/440    907s] t0_s8_tard_P12_c3: best fixed SRT-TECT 4.163 oracle 3.970 (30.4s)
[378/440    908s] t0_s9_tard_P12_c3: best fixed SRT-ECT 0.178 oracle 0.173 (27.0s)
[379/440    908s] t0_s9_tard_P12_c6: best fixed SPT-ECT 0.000 oracle 0.000 (26.7s)
[380/440    908s] t0_s10_tard_P12_c2: best fixed SRT-ECT 5.502 oracle 5.502 (23.6s)
[381/440    909s] t0_s10_tard_P12_c3: best fixed PTWINQ-ECT 0.448 oracle 0.375 (23.7s)
[382/440    911s] t0_s10_tard_P12_c4: best fixed SPT-ECT 0.000 oracle 0.000 (23.7s)
[383/440    912s] t0_s10_tard_P12_c6: best fixed SPT-ECT 0.000 oracle 0.000 (22.6s)
[384/440    913s] t0_s8_tard_P12_c2: best fixed SRT-TECT 30.436 oracle 30.316 (36.3s)
[385/440    914s] t0_s8_tard_P12_c6: best fixed SPT-ECT 0.000 oracle 0.000 (34.3s)
[386/440    915s] t0_s11_tard_P12_c1.5: best fixed SRT-TECT 25.135 oracle 25.135 (18.7s)
[387/440    915s] t0_s11_tis_P12_c2: best fixed SRT-TECT 129.908 oracle 129.908 (21.0s)
[388/440    916s] t0_s8_tard_P12_c4: best fixed SRT-TECT 0.000 oracle 0.000 (37.1s)
[389/440    921s] t0_s11_tard_P12_c2: best fixed SRT-TECT 10.838 oracle 10.838 (23.5s)
[390/440    923s] t0_s11_tard_P12_c3: best fixed SRT-TECT 3.327 oracle 3.315 (24.5s)
[391/440    923s] t0_s12_tis_P12_c2: best fixed SRT-ECT 148.548 oracle 148.245 (21.7s)
[392/440    926s] t0_s11_tard_P12_c6: best fixed PTWINQ-TECT 0.045 oracle 0.000 (24.5s)
[393/440    927s] t0_s11_tard_P12_c4: best fixed SRT-TECT 1.352 oracle 0.966 (27.9s)
[394/440    928s] t0_s13_tard_P12_c6: best fixed SPT-ECT 0.000 oracle 0.000 (19.4s)
[395/440    928s] t0_s13_tis_P12_c2: best fixed SRT-ECT 85.095 oracle 84.978 (22.3s)
[396/440    929s] t0_s13_tard_P12_c2: best fixed SRT-TECT 2.220 oracle 1.853 (22.6s)
[397/440    931s] t0_s12_tard_P12_c1.5: best fixed SRT-ECT 28.691 oracle 28.381 (29.3s)
[398/440    931s] t0_s12_tard_P12_c4: best fixed SRT-TECT 0.000 oracle 0.000 (25.8s)
[399/440    931s] t0_s12_tard_P12_c2: best fixed SRT-ECT 11.326 oracle 10.867 (29.4s)
[400/440    931s] t0_s13_tard_P12_c1.5: best fixed SRT-TECT 9.965 oracle 9.838 (25.1s)
[401/440    933s] t0_s13_tard_P12_c3: best fixed SRT-ECT 0.000 oracle 0.000 (24.8s)
[402/440    933s] t0_s15_tard_P12_c1.5: best fixed SRT-TECT 8.516 oracle 8.516 (17.5s)
[403/440    934s] t0_s14_tard_P12_c2: best fixed SRT-ECT 9.462 oracle 8.429 (21.7s)
[404/440    934s] t0_s15_tis_P12_c2: best fixed SRT-TECT 82.416 oracle 82.394 (19.0s)
[405/440    936s] t0_s12_tard_P12_c3: best fixed SRT-TECT 0.494 oracle 0.099 (32.0s)
[406/440    936s] t0_s15_tard_P12_c3: best fixed SPT-ECT 0.000 oracle 0.000 (13.2s)
[407/440    937s] t0_s13_tard_P12_c4: best fixed SPT-ECT 0.000 oracle 0.000 (28.6s)
[408/440    937s] t0_s12_tard_P12_c6: best fixed SPT-ECT 0.000 oracle 0.000 (31.3s)
[409/440    938s] t0_s15_tard_P12_c6: best fixed SPT-ECT 0.000 oracle 0.000 (12.6s)
[410/440    940s] t0_s14_tis_P12_c2: best fixed SRT-TECT 95.670 oracle 95.631 (30.3s)
[411/440    940s] t0_s14_tard_P12_c1.5: best fixed SRT-TECT 19.293 oracle 19.290 (29.4s)
[412/440    940s] t0_s14_tard_P12_c3: best fixed SRT-ECT 1.841 oracle 1.039 (27.7s)
[413/440    940s] t0_s15_tard_P12_c4: best fixed SPT-ECT 0.000 oracle 0.000 (17.4s)
[414/440    941s] t0_s15_tard_P12_c2: best fixed SRT-TECT 2.119 oracle 1.898 (19.5s)
[415/440    941s] t0_s14_tard_P12_c4: best fixed SRT-ECT 0.187 oracle 0.000 (27.1s)
[416/440    944s] t0_s14_tard_P12_c6: best fixed SRT-ECT 0.000 oracle 0.000 (29.3s)
[417/440    949s] t0_s16_tard_P12_c3: best fixed SRT-ECT 7.256 oracle 7.174 (19.3s)
[418/440    950s] t0_s16_tard_P12_c1.5: best fixed SRT-ECT 59.506 oracle 59.358 (21.7s)
[419/440    952s] t0_s17_tard_P12_c1.5: best fixed SRT-ECT 26.098 oracle 26.098 (21.0s)
[420/440    953s] t0_s16_tard_P12_c4: best fixed SRT-ECT 0.205 oracle 0.000 (21.9s)
[421/440    953s] t0_s16_tis_P12_c2: best fixed SRT-ECT 134.203 oracle 134.020 (26.9s)
[422/440    954s] t0_s17_tard_P12_c3: best fixed PTWINQ-SRWT 1.377 oracle 0.344 (21.2s)
[423/440    955s] t0_s19_tard_P12_c4: best fixed PTWINQ-SRWT 0.468 oracle 0.272 (14.3s)
[424/440    956s] t0_s19_tard_P12_c1.5: best fixed SRT-ECT 10.768 oracle 10.576 (15.1s)
[425/440    956s] t0_s16_tard_P12_c2: best fixed SRT-ECT 37.892 oracle 37.767 (27.4s)
[426/440    956s] t0_s16_tard_P12_c6: best fixed SRT-ECT 0.000 oracle 0.000 (24.8s)
[427/440    956s] t0_s19_tard_P12_c2: best fixed SRT-ECT 4.469 oracle 3.344 (15.3s)
[428/440    956s] t0_s19_tis_P12_c2: best fixed SRT-ECT 102.014 oracle 101.619 (16.3s)
[429/440    957s] t0_s17_tard_P12_c4: best fixed SRT-SRWT 0.175 oracle 0.000 (23.0s)
[430/440    957s] t0_s17_tis_P12_c2: best fixed SRT-ECT 137.892 oracle 137.892 (26.0s)
[431/440    958s] t0_s19_tard_P12_c6: best fixed SPT-SRWT 0.094 oracle 0.000 (13.7s)
[432/440    958s] t0_s17_tard_P12_c6: best fixed SPT-ECT 0.000 oracle 0.000 (23.9s)
[433/440    958s] t0_s17_tard_P12_c2: best fixed SRT-ECT 9.953 oracle 7.494 (25.2s)
[434/440    959s] t0_s19_tard_P12_c3: best fixed PTWINQ-SRWT 1.231 oracle 0.997 (18.6s)
[435/440    962s] t0_s18_tis_P12_c2: best fixed SRT-TECT 147.942 oracle 147.791 (26.4s)
[436/440    963s] t0_s18_tard_P12_c1.5: best fixed SRT-TECT 34.815 oracle 34.589 (27.3s)
[437/440    964s] t0_s18_tard_P12_c6: best fixed SRT-ECT 0.000 oracle 0.000 (24.1s)
[438/440    965s] t0_s18_tard_P12_c2: best fixed SRT-TECT 16.552 oracle 16.352 (27.6s)
[439/440    965s] t0_s18_tard_P12_c3: best fixed SRT-ECT 1.600 oracle 1.559 (27.9s)
[440/440    966s] t0_s18_tard_P12_c4: best fixed SRT-ECT 0.025 oracle 0.025 (28.1s)
