[1/440      0s] warm_s0_tard_P30_c2: skip (0.0s)
[2/440      0s] warm_s0_tard_P30_c3: skip (0.0s)
[3/440      0s] warm_s0_tard_P30_c4: skip (0.0s)
[4/440      0s] warm_s0_tard_P30_c6: skip (0.0s)
[5/440      0s] warm_s1_tard_P30_c2: skip (0.0s)
[6/440      0s] warm_s1_tard_P30_c3: skip (0.0s)
[7/440      0s] warm_s1_tard_P30_c4: skip (0.0s)
[8/440      0s] warm_s1_tard_P30_c6: skip (0.0s)
[9/440      0s] warm_s2_tard_P30_c2: skip (0.0s)
[10/440      0s] warm_s2_tard_P30_c3: skip (0.0s)
[11/440      0s] warm_s3_tard_P30_c3: skip (0.0s)
[12/440      0s] warm_s2_tard_P30_c4: skip (0.0s)
[13/440      0s] warm_s2_tard_P30_c6: skip (0.0s)
[14/440      0s] warm_s3_tard_P30_c2: skip (0.0s)
[15/440      0s] warm_s3_tard_P30_c4: skip (0.0s)
[16/440      0s] warm_s4_tard_P30_c4: skip (0.0s)
[17/440      0s] warm_s3_tard_P30_c6: skip (0.0s)
[18/440      0s] warm_s5_tard_P30_c3: skip (0.0s)
[19/440      0s] warm_s5_tard_P30_c2: skip (0.0s)
[20/440      0s] warm_s4_tard_P30_c2: skip (0.0s)
[21/440      0s] warm_s5_tard_P30_c6: skip (0.0s)
[22/440      0s] warm_s5_tard_P30_c4: skip (0.0s)
[23/440      0s] warm_s6_tard_P30_c2: skip (0.0s)
[24/440      0s] warm_s6_tard_P30_c3: skip (0.0s)
[25/440      0s] warm_s4_tard_P30_c3: skip (0.0s)
[26/440      0s] warm_s7_tard_P30_c2: skip (0.0s)
[27/440      0s] warm_s6_tard_P30_c4: skip (0.0s)
[28/440      0s] warm_s6_tard_P30_c6: skip (0.0s)
[29/440      0s] warm_s7_tard_P30_c3: skip (0.0s)
[30/440      0s] warm_s7_tard_P30_c6: skip (0.0s)
[31/440      0s] warm_s7_tard_P30_c4: skip (0.0s)
[32/440      0s] warm_s4_tard_P30_c6: skip (0.0s)
[33/440      0s] warm_s8_tard_P30_c4: skip (0.0s)
[34/440      0s] warm_s8_tard_P30_c3: skip (0.0s)
[35/440      0s] warm_s8_tard_P30_c2: skip (0.0s)
[36/440      0s] warm_s8_tard_P30_c6: skip (0.0s)
[37/440      0s] warm_s9_tard_P30_c4: skip (0.0s)
[38/440      0s] warm_s9_tard_P30_c6: skip (0.0s)
[39/440      0s] warm_s9_tard_P30_c3: skip (0.0s)
[40/440      0s] warm_s9_tard_P30_c2: skip (0.0s)
[41/440      0s] warm_s10_tard_P30_c2: skip (0.0s)
[42/440      0s] warm_s10_tard_P30_c4: skip (0.0s)
[43/440      0s] warm_s10_tard_P30_c3: skip (0.0s)
[44/440      0s] warm_s11_tard_P30_c3: skip (0.0s)
[45/440      0s] warm_s11_tard_P30_c2: skip (0.0s)
[46/440      0s] warm_s11_tard_P30_c6: skip (0.0s)
[47/440      0s] warm_s11_tard_P30_c4: skip (0.0s)
[48/440      0s] warm_s12_tard_P30_c3: skip (0.0s)
[49/440      0s] warm_s12_tard_P30_c4: skip (0.0s)
[50/440      0s] warm_s12_tard_P30_c6: skip (0.0s)
[51/440      0s] warm_s12_tard_P30_c2: skip (0.0s)
[52/440      0s] warm_s13_tard_P30_c2: skip (0.0s)
[53/440      0s] warm_s13_tard_P30_c4: skip (0.0s)
[54/440      0s] warm_s13_tard_P30_c6: skip (0.0s)
[55/440      0s] warm_s14_tard_P30_c2: skip (0.0s)
[56/440      0s] warm_s14_tard_P30_c4: skip (0.0s)
[57/440      0s] warm_s13_tard_P30_c3: skip (0.0s)
[58/440      0s] warm_s14_tard_P30_c3: skip (0.0s)
[59/440      0s] warm_s15_tard_P30_c3: skip (0.0s)
[60/440      0s] warm_s15_tard_P30_c4: skip (0.0s)
[61/440      0s] warm_s14_tard_P30_c6: skip (0.0s)
[62/440      0s] warm_s15_tard_P30_c6: skip (0.0s)
[63/440      0s] warm_s15_tard_P30_c2: skip (0.0s)
[64/440      0s] warm_s16_tard_P30_c3: skip (0.0s)
[65/440      0s] warm_s10_tard_P30_c6: skip (0.0s)
[66/440      0s] warm_s16_tard_P30_c6: skip (0.0s)
[67/440      0s] warm_s16_tard_P30_c4: skip (0.0s)
[68/440      0s] warm_s17_tard_P30_c2: skip (0.0s)
[69/440      0s] warm_s17_tard_P30_c4: skip (0.0s)
[70/440      0s] warm_s17_tard_P30_c6: skip (0.0s)
[71/440      0s] warm_s17_tard_P30_c3: skip (0.0s)
[72/440      0s] warm_s18_tard_P30_c2: skip (0.0s)
[73/440      0s] warm_s18_tard_P30_c3: skip (0.0s)
[74/440      0s] warm_s18_tard_P30_c4: skip (0.0s)
[75/440      0s] warm_s18_tard_P30_c6: skip (0.0s)
[76/440      0s] warm_s19_tard_P30_c2: skip (0.0s)
[77/440      0s] warm_s19_tard_P30_c3: skip (0.0s)
[78/440      0s] warm_s19_tard_P30_c4: skip (0.0s)
[79/440      0s] warm_s19_tard_P30_c6: skip (0.0s)
[80/440      0s] t0_s0_tard_P30_c2: skip (0.0s)
[81/440      0s] t0_s0_tard_P30_c3: skip (0.0s)
[82/440      0s] t0_s0_tard_P30_c4: skip (0.0s)
[83/440      0s] t0_s0_tard_P30_c6: skip (0.0s)
[84/440      0s] warm_s16_tard_P30_c2: skip (0.0s)
[85/440      0s] t0_s1_tard_P30_c2: skip (0.0s)
[86/440      0s] t0_s1_tard_P30_c3: skip (0.0s)
[87/440      0s] t0_s1_tard_P30_c4: skip (0.0s)
[88/440      0s] t0_s1_tard_P30_c6: skip (0.0s)
[89/440      0s] t0_s2_tard_P30_c2: skip (0.0s)
[90/440      0s] t0_s2_tard_P30_c3: skip (0.0s)
[91/440      0s] t0_s2_tard_P30_c4: skip (0.0s)
[92/440      0s] t0_s2_tard_P30_c6: skip (0.0s)
[93/440     25s] t0_s2_tard_P30_c1.5: best fixed SPT-TECT 0.262 oracle 0.262 (24.6s)
[94/440     25s] t0_s3_tard_P30_c2: skip (0.0s)
[95/440     25s] t0_s3_tard_P30_c3: skip (0.0s)
[96/440     25s] t0_s3_tard_P30_c4: skip (0.0s)
[97/440     25s] t0_s3_tard_P30_c6: skip (0.0s)
[98/440     30s] warm_s6_tard_P30_c1.5: best fixed ATC-ECT 7.625 oracle 7.476 (30.2s)
[99/440     30s] t0_s4_tard_P30_c2: skip (0.0s)
[100/440     30s] t0_s4_tard_P30_c3: skip (0.0s)
[101/440     30s] t0_s4_tard_P30_c4: skip (0.0s)
[102/440     30s] t0_s4_tard_P30_c6: skip (0.0s)
[103/440     39s] t0_s1_tard_P30_c1.5: best fixed EDD-TECT 1.106 oracle 1.058 (38.8s)
[104/440     39s] t0_s5_tard_P30_c2: skip (0.0s)
[105/440     39s] t0_s5_tard_P30_c3: skip (0.0s)
[106/440     39s] t0_s5_tard_P30_c4: skip (0.0s)
[107/440     39s] t0_s5_tard_P30_c6: skip (0.0s)
[108/440     46s] warm_s19_tard_P30_c1.5: best fixed ATC-TECT 10.466 oracle 9.766 (45.9s)
[109/440     46s] t0_s6_tard_P30_c2: skip (0.0s)
[110/440     46s] t0_s6_tard_P30_c3: skip (0.0s)
[111/440     46s] t0_s6_tard_P30_c4: skip (0.0s)
[112/440     46s] t0_s6_tard_P30_c6: skip (0.0s)
[113/440     46s] t0_s0_tard_P30_c1.5: best fixed MDD-TECT 43.925 oracle 43.238 (46.1s)
[114/440     46s] t0_s7_tard_P30_c2: skip (0.0s)
[115/440     46s] t0_s7_tard_P30_c3: skip (0.0s)
[116/440     46s] t0_s7_tard_P30_c4: skip (0.0s)
[117/440     46s] t0_s7_tard_P30_c6: skip (0.0s)
[118/440     57s] warm_s9_tard_P30_c1.5: best fixed ATC-ECT 13.925 oracle 12.500 (57.1s)
[119/440     57s] t0_s8_tard_P30_c2: skip (0.0s)
[120/440     57s] t0_s8_tard_P30_c3: skip (0.0s)
[121/440     57s] t0_s8_tard_P30_c4: skip (0.0s)
[122/440     57s] t0_s8_tard_P30_c6: skip (0.0s)
[123/440     59s] t0_s6_tard_P30_c1.5: best fixed ATC-ECT 7.625 oracle 7.476 (20.5s)
[124/440     59s] t0_s9_tard_P30_c2: skip (0.0s)
[125/440     59s] t0_s9_tard_P30_c3: skip (0.0s)
[126/440     59s] t0_s9_tard_P30_c4: skip (0.0s)
[127/440     59s] t0_s9_tard_P30_c6: skip (0.0s)
[128/440     65s] t0_s4_tard_P30_c1.5: best fixed SPT-ECT 20.895 oracle 20.895 (39.9s)
[129/440     65s] t0_s10_tard_P30_c2: skip (0.0s)
[130/440     65s] t0_s10_tard_P30_c3: skip (0.0s)
[131/440     65s] t0_s10_tard_P30_c4: skip (0.0s)
[132/440     65s] t0_s10_tard_P30_c6: skip (0.0s)
[133/440     69s] warm_s4_tard_P30_c1.5: best fixed MDD-TECT 3.912 oracle 3.839 (68.6s)
[134/440     69s] t0_s11_tard_P30_c2: skip (0.0s)
[135/440     69s] t0_s11_tard_P30_c3: skip (0.0s)
[136/440     69s] t0_s11_tard_P30_c4: skip (0.0s)
[137/440     69s] t0_s11_tard_P30_c6: skip (0.0s)
[138/440     74s] t0_s3_tard_P30_c1.5: best fixed MDD-TECT 26.347 oracle 26.047 (73.3s)
[139/440     74s] t0_s12_tard_P30_c2: skip (0.0s)
[140/440     74s] t0_s12_tard_P30_c3: skip (0.0s)
[141/440     74s] t0_s12_tard_P30_c4: skip (0.0s)
[142/440     74s] t0_s12_tard_P30_c6: skip (0.0s)
[143/440     74s] warm_s8_tard_P30_c1.5: best fixed SRT-TECT 56.441 oracle 55.885 (74.1s)
[144/440     74s] t0_s13_tard_P30_c2: skip (0.0s)
[145/440     74s] t0_s13_tard_P30_c3: skip (0.0s)
[146/440     74s] t0_s13_tard_P30_c4: skip (0.0s)
[147/440     74s] t0_s13_tard_P30_c6: skip (0.0s)
[148/440     81s] warm_s10_tard_P30_c1.5: best fixed ATC-ECT 33.011 oracle 32.502 (81.0s)
[149/440     81s] t0_s14_tard_P30_c2: skip (0.0s)
[150/440     81s] t0_s14_tard_P30_c3: skip (0.0s)
[151/440     81s] t0_s14_tard_P30_c4: skip (0.0s)
[152/440     81s] t0_s14_tard_P30_c6: skip (0.0s)
[153/440     83s] warm_s11_tard_P30_c1.5: best fixed SRT-ECT 66.945 oracle 66.945 (83.0s)
[154/440     83s] t0_s15_tard_P30_c2: skip (0.0s)
[155/440     83s] t0_s15_tard_P30_c3: skip (0.0s)
[156/440     83s] t0_s15_tard_P30_c4: skip (0.0s)
[157/440     83s] t0_s15_tard_P30_c6: skip (0.0s)
[158/440     84s] warm_s14_tard_P30_c1.5: best fixed SRT-ECT 26.534 oracle 26.510 (84.2s)
[159/440     84s] t0_s16_tard_P30_c2: skip (0.0s)
[160/440     84s] t0_s16_tard_P30_c3: skip (0.0s)
[161/440     84s] t0_s16_tard_P30_c4: skip (0.0s)
[162/440     84s] t0_s16_tard_P30_c6: skip (0.0s)
[163/440     84s] warm_s5_tard_P30_c1.5: best fixed MDD-ECT 35.390 oracle 35.107 (84.2s)
[164/440     84s] t0_s17_tard_P30_c2: skip (0.0s)
[165/440     84s] t0_s17_tard_P30_c3: skip (0.0s)
[166/440     84s] t0_s17_tard_P30_c4: skip (0.0s)
[167/440     84s] t0_s17_tard_P30_c6: skip (0.0s)
[168/440     85s] warm_s0_tard_P30_c1.5: best fixed SRT-TECT 30.856 oracle 30.825 (85.2s)
[169/440     85s] t0_s18_tard_P30_c2: skip (0.0s)
[170/440     85s] t0_s18_tard_P30_c3: skip (0.0s)
[171/440     85s] t0_s18_tard_P30_c4: skip (0.0s)
[172/440     85s] t0_s18_tard_P30_c6: skip (0.0s)
[173/440     86s] warm_s15_tard_P30_c1.5: best fixed MDD-TECT 44.463 oracle 44.463 (86.1s)
[174/440     86s] t0_s19_tard_P30_c2: skip (0.0s)
[175/440     86s] t0_s19_tard_P30_c3: skip (0.0s)
[176/440     86s] t0_s19_tard_P30_c4: skip (0.0s)
[177/440     86s] t0_s19_tard_P30_c6: skip (0.0s)
[178/440     86s] warm_s0_tis_P12_c2: skip (0.0s)
[179/440     89s] t0_s5_tard_P30_c1.5: best fixed ATC-ECT 15.853 oracle 15.356 (59.0s)
[180/440     89s] warm_s0_tard_P12_c2: skip (0.0s)
[181/440     89s] warm_s0_tard_P12_c3: skip (0.0s)
[182/440     89s] warm_s0_tard_P12_c4: skip (0.0s)
[183/440     89s] warm_s0_tard_P12_c6: skip (0.0s)
[184/440     89s] warm_s1_tis_P12_c2: skip (0.0s)
[185/440    102s] warm_s17_tard_P30_c1.5: best fixed MDD-TECT 75.531 oracle 75.517 (101.8s)
[186/440    102s] warm_s1_tard_P12_c2: skip (0.0s)
[187/440    102s] warm_s1_tard_P12_c3: skip (0.0s)
[188/440    102s] warm_s1_tard_P12_c4: skip (0.0s)
[189/440    102s] warm_s1_tard_P12_c6: skip (0.0s)
[190/440    102s] warm_s2_tis_P12_c2: skip (0.0s)
[191/440    108s] warm_s18_tard_P30_c1.5: best fixed MDD-ECT 81.722 oracle 81.540 (107.4s)
[192/440    108s] warm_s2_tard_P12_c2: skip (0.0s)
[193/440    108s] warm_s2_tard_P12_c3: skip (0.0s)
[194/440    108s] warm_s2_tard_P12_c4: skip (0.0s)
[195/440    108s] warm_s2_tard_P12_c6: skip (0.0s)
[196/440    108s] warm_s3_tis_P12_c2: skip (0.0s)
[197/440    108s] t0_s7_tard_P30_c1.5: best fixed SRT-TECT 14.517 oracle 14.356 (62.4s)
[198/440    108s] warm_s3_tard_P12_c2: skip (0.0s)
[199/440    108s] warm_s3_tard_P12_c3: skip (0.0s)
[200/440    108s] warm_s3_tard_P12_c4: skip (0.0s)
[201/440    108s] warm_s3_tard_P12_c6: skip (0.0s)
[202/440    108s] warm_s4_tis_P12_c2: skip (0.0s)
[203/440    108s] t0_s9_tard_P30_c1.5: best fixed ATC-ECT 13.925 oracle 12.500 (51.3s)
[204/440    108s] warm_s4_tard_P12_c2: skip (0.0s)
[205/440    108s] warm_s4_tard_P12_c3: skip (0.0s)
[206/440    108s] warm_s4_tard_P12_c4: skip (0.0s)
[207/440    108s] warm_s4_tard_P12_c6: skip (0.0s)
[208/440    108s] warm_s5_tis_P12_c2: skip (0.0s)
[209/440    110s] warm_s16_tard_P30_c1.5: best fixed SRT-ECT 19.486 oracle 19.440 (110.0s)
[210/440    110s] warm_s5_tard_P12_c2: skip (0.0s)
[211/440    110s] warm_s5_tard_P12_c3: skip (0.0s)
[212/440    110s] warm_s5_tard_P12_c4: skip (0.0s)
[213/440    110s] warm_s5_tard_P12_c6: skip (0.0s)
[214/440    110s] warm_s6_tis_P12_c2: skip (0.0s)
[215/440    111s] warm_s2_tard_P30_c1.5: best fixed SRT-ECT 52.601 oracle 51.525 (110.7s)
[216/440    111s] warm_s6_tard_P12_c2: skip (0.0s)
[217/440    111s] warm_s6_tard_P12_c3: skip (0.0s)
[218/440    111s] warm_s6_tard_P12_c4: skip (0.0s)
[219/440    111s] warm_s6_tard_P12_c6: skip (0.0s)
[220/440    111s] warm_s7_tis_P12_c2: skip (0.0s)
[221/440    112s] t0_s10_tard_P30_c1.5: best fixed SLACK-ECT 13.539 oracle 13.309 (52.6s)
[222/440    112s] warm_s7_tard_P12_c2: skip (0.0s)
[223/440    112s] warm_s7_tard_P12_c3: skip (0.0s)
[224/440    112s] warm_s7_tard_P12_c4: skip (0.0s)
[225/440    112s] warm_s7_tard_P12_c6: skip (0.0s)
[226/440    112s] warm_s8_tis_P12_c2: skip (0.0s)
[227/440    114s] t0_s8_tard_P30_c1.5: best fixed SRT-TECT 56.441 oracle 55.885 (68.2s)
[228/440    114s] warm_s8_tard_P12_c2: skip (0.0s)
[229/440    114s] warm_s8_tard_P12_c3: skip (0.0s)
[230/440    114s] warm_s8_tard_P12_c4: skip (0.0s)
[231/440    114s] warm_s8_tard_P12_c6: skip (0.0s)
[232/440    114s] warm_s9_tis_P12_c2: skip (0.0s)
[233/440    117s] warm_s3_tard_P30_c1.5: best fixed MDD-ECT 75.816 oracle 75.249 (117.2s)
[234/440    117s] warm_s9_tard_P12_c2: skip (0.0s)
[235/440    117s] warm_s9_tard_P12_c3: skip (0.0s)
[236/440    117s] warm_s9_tard_P12_c4: skip (0.0s)
[237/440    117s] warm_s9_tard_P12_c6: skip (0.0s)
[238/440    117s] warm_s10_tis_P12_c2: skip (0.0s)
[239/440    118s] t0_s15_tard_P30_c1.5: best fixed SRT-TECT 8.516 oracle 8.504 (37.0s)
[240/440    118s] warm_s10_tard_P12_c2: skip (0.0s)
[241/440    118s] warm_s10_tard_P12_c3: skip (0.0s)
[242/440    118s] warm_s10_tard_P12_c4: skip (0.0s)
[243/440    118s] warm_s10_tard_P12_c6: skip (0.0s)
[244/440    118s] warm_s11_tis_P12_c2: skip (0.0s)
[245/440    120s] warm_s6_tard_P12_c1.5: best fixed SRT-TECT 7.852 oracle 7.787 (9.8s)
[246/440    120s] warm_s11_tard_P12_c2: skip (0.0s)
[247/440    120s] warm_s11_tard_P12_c3: skip (0.0s)
[248/440    120s] warm_s11_tard_P12_c4: skip (0.0s)
[249/440    120s] warm_s11_tard_P12_c6: skip (0.0s)
[250/440    120s] warm_s12_tis_P12_c2: skip (0.0s)
[251/440    126s] warm_s0_tard_P12_c1.5: best fixed SRT-TECT 30.856 oracle 30.825 (39.7s)
[252/440    126s] warm_s12_tard_P12_c2: skip (0.0s)
[253/440    126s] warm_s12_tard_P12_c3: skip (0.0s)
[254/440    126s] warm_s12_tard_P12_c4: skip (0.0s)
[255/440    126s] warm_s12_tard_P12_c6: skip (0.0s)
[256/440    126s] warm_s13_tis_P12_c2: skip (0.0s)
[257/440    127s] t0_s11_tard_P30_c1.5: best fixed SRT-TECT 25.135 oracle 25.135 (62.3s)
[258/440    127s] warm_s13_tard_P12_c2: skip (0.0s)
[259/440    127s] warm_s13_tard_P12_c3: skip (0.0s)
[260/440    127s] warm_s13_tard_P12_c4: skip (0.0s)
[261/440    127s] warm_s13_tard_P12_c6: skip (0.0s)
[262/440    127s] warm_s14_tis_P12_c2: skip (0.0s)
[263/440    136s] t0_s19_tard_P30_c1.5: best fixed ATC-TECT 10.466 oracle 9.766 (50.7s)
[264/440    136s] warm_s14_tard_P12_c2: skip (0.0s)
[265/440    136s] warm_s14_tard_P12_c3: skip (0.0s)
[266/440    136s] warm_s14_tard_P12_c4: skip (0.0s)
[267/440    136s] warm_s14_tard_P12_c6: skip (0.0s)
[268/440    136s] warm_s15_tis_P12_c2: skip (0.0s)
[269/440    138s] t0_s13_tard_P30_c1.5: best fixed MDD-TECT 9.584 oracle 9.584 (64.5s)
[270/440    138s] warm_s15_tard_P12_c2: skip (0.0s)
[271/440    138s] warm_s15_tard_P12_c3: skip (0.0s)
[272/440    138s] warm_s15_tard_P12_c4: skip (0.0s)
[273/440    138s] warm_s15_tard_P12_c6: skip (0.0s)
[274/440    138s] warm_s16_tis_P12_c2: skip (0.0s)
[275/440    139s] warm_s4_tard_P12_c1.5: best fixed SRT-TECT 3.982 oracle 3.839 (30.4s)
[276/440    139s] warm_s16_tard_P12_c2: skip (0.0s)
[277/440    139s] warm_s16_tard_P12_c3: skip (0.0s)
[278/440    139s] warm_s16_tard_P12_c4: skip (0.0s)
[279/440    139s] warm_s16_tard_P12_c6: skip (0.0s)
[280/440    139s] warm_s17_tis_P12_c2: skip (0.0s)
[281/440    140s] t0_s14_tard_P30_c1.5: best fixed MDD-ECT 18.733 oracle 18.618 (66.1s)
[282/440    140s] warm_s17_tard_P12_c2: skip (0.0s)
[283/440    140s] warm_s17_tard_P12_c3: skip (0.0s)
[284/440    140s] warm_s17_tard_P12_c4: skip (0.0s)
[285/440    140s] warm_s17_tard_P12_c6: skip (0.0s)
[286/440    140s] warm_s18_tis_P12_c2: skip (0.0s)
[287/440    140s] warm_s9_tard_P12_c1.5: best fixed SRT-ECT 15.111 oracle 14.404 (26.0s)
[288/440    140s] warm_s18_tard_P12_c2: skip (0.0s)
[289/440    140s] warm_s18_tard_P12_c3: skip (0.0s)
[290/440    140s] warm_s18_tard_P12_c4: skip (0.0s)
[291/440    140s] warm_s18_tard_P12_c6: skip (0.0s)
[292/440    140s] warm_s19_tis_P12_c2: skip (0.0s)
[293/440    141s] warm_s5_tard_P12_c1.5: best fixed SRT-ECT 36.856 oracle 33.697 (32.5s)
[294/440    141s] warm_s19_tard_P12_c2: skip (0.0s)
[295/440    141s] warm_s19_tard_P12_c3: skip (0.0s)
[296/440    141s] warm_s19_tard_P12_c4: skip (0.0s)
[297/440    141s] warm_s19_tard_P12_c6: skip (0.0s)
[298/440    141s] t0_s0_tis_P12_c2: skip (0.0s)
[299/440    142s] t0_s12_tard_P30_c1.5: best fixed MDD-ECT 26.805 oracle 26.389 (73.3s)
[300/440    142s] t0_s0_tard_P12_c2: skip (0.0s)
[301/440    142s] t0_s0_tard_P12_c3: skip (0.0s)
[302/440    142s] t0_s0_tard_P12_c4: skip (0.0s)
[303/440    142s] t0_s0_tard_P12_c6: skip (0.0s)
[304/440    142s] t0_s1_tis_P12_c2: skip (0.0s)
[305/440    143s] t0_s17_tard_P30_c1.5: best fixed MDD-ECT 25.588 oracle 23.888 (58.4s)
[306/440    143s] t0_s1_tard_P12_c2: skip (0.0s)
[307/440    143s] t0_s1_tard_P12_c3: skip (0.0s)
[308/440    143s] t0_s1_tard_P12_c4: skip (0.0s)
[309/440    143s] t0_s1_tard_P12_c6: skip (0.0s)
[310/440    143s] t0_s2_tis_P12_c2: skip (0.0s)
[311/440    144s] warm_s2_tard_P12_c1.5: best fixed SRT-ECT 52.601 oracle 52.601 (42.2s)
[312/440    144s] t0_s2_tard_P12_c2: skip (0.0s)
[313/440    144s] t0_s2_tard_P12_c3: skip (0.0s)
[314/440    144s] t0_s2_tard_P12_c4: skip (0.0s)
[315/440    144s] t0_s2_tard_P12_c6: skip (0.0s)
[316/440    144s] t0_s3_tis_P12_c2: skip (0.0s)
[317/440    144s] warm_s8_tard_P12_c1.5: best fixed SRT-TECT 56.441 oracle 56.321 (32.1s)
[318/440    144s] t0_s3_tard_P12_c2: skip (0.0s)
[319/440    144s] t0_s3_tard_P12_c3: skip (0.0s)
[320/440    144s] t0_s3_tard_P12_c4: skip (0.0s)
[321/440    144s] t0_s3_tard_P12_c6: skip (0.0s)
[322/440    144s] t0_s4_tis_P12_c2: skip (0.0s)
[323/440    144s] t0_s16_tard_P30_c1.5: best fixed SRT-ECT 59.506 oracle 59.358 (61.2s)
[324/440    144s] t0_s4_tard_P12_c2: skip (0.0s)
[325/440    144s] t0_s4_tard_P12_c3: skip (0.0s)
[326/440    144s] t0_s4_tard_P12_c4: skip (0.0s)
[327/440    144s] t0_s4_tard_P12_c6: skip (0.0s)
[328/440    144s] t0_s5_tis_P12_c2: skip (0.0s)
[329/440    148s] warm_s1_tard_P12_c1.5: best fixed PTWINQ-ECT 23.543 oracle 22.699 (58.9s)
[330/440    148s] t0_s5_tard_P12_c2: skip (0.0s)
[331/440    148s] t0_s5_tard_P12_c3: skip (0.0s)
[332/440    148s] t0_s5_tard_P12_c4: skip (0.0s)
[333/440    148s] t0_s5_tard_P12_c6: skip (0.0s)
[334/440    148s] t0_s6_tis_P12_c2: skip (0.0s)
[335/440    152s] t0_s2_tard_P12_c1.5: best fixed SPT-TECT 0.262 oracle 0.262 (9.4s)
[336/440    152s] t0_s6_tard_P12_c2: skip (0.0s)
[337/440    152s] t0_s6_tard_P12_c3: skip (0.0s)
[338/440    152s] t0_s6_tard_P12_c4: skip (0.0s)
[339/440    152s] t0_s6_tard_P12_c6: skip (0.0s)
[340/440    152s] t0_s7_tis_P12_c2: skip (0.0s)
[341/440    154s] warm_s11_tard_P12_c1.5: best fixed SRT-ECT 66.945 oracle 66.945 (35.4s)
[342/440    154s] t0_s7_tard_P12_c2: skip (0.0s)
[343/440    154s] t0_s7_tard_P12_c3: skip (0.0s)
[344/440    154s] t0_s7_tard_P12_c4: skip (0.0s)
[345/440    154s] t0_s7_tard_P12_c6: skip (0.0s)
[346/440    154s] t0_s8_tis_P12_c2: skip (0.0s)
[347/440    155s] warm_s1_tard_P30_c1.5: best fixed MDD-ECT 23.156 oracle 22.207 (154.5s)
[348/440    155s] t0_s8_tard_P12_c2: skip (0.0s)
[349/440    155s] t0_s8_tard_P12_c3: skip (0.0s)
[350/440    155s] t0_s8_tard_P12_c4: skip (0.0s)
[351/440    155s] t0_s8_tard_P12_c6: skip (0.0s)
[352/440    155s] t0_s9_tis_P12_c2: skip (0.0s)
[353/440    158s] warm_s14_tard_P12_c1.5: best fixed SRT-ECT 26.534 oracle 26.397 (30.7s)
[354/440    158s] t0_s9_tard_P12_c2: skip (0.0s)
[355/440    158s] t0_s9_tard_P12_c3: skip (0.0s)
[356/440    158s] t0_s9_tard_P12_c4: skip (0.0s)
[357/440    158s] t0_s9_tard_P12_c6: skip (0.0s)
[358/440    158s] t0_s10_tis_P12_c2: skip (0.0s)
[359/440    160s] warm_s3_tard_P12_c1.5: best fixed SRT-TECT 77.666 oracle 77.666 (52.0s)
[360/440    160s] t0_s10_tard_P12_c2: skip (0.0s)
[361/440    160s] t0_s10_tard_P12_c3: skip (0.0s)
[362/440    160s] t0_s10_tard_P12_c4: skip (0.0s)
[363/440    160s] t0_s10_tard_P12_c6: skip (0.0s)
[364/440    160s] t0_s11_tis_P12_c2: skip (0.0s)
[365/440    160s] t0_s4_tard_P12_c1.5: best fixed SPT-ECT 20.895 oracle 20.895 (15.7s)
[366/440    160s] t0_s11_tard_P12_c2: skip (0.0s)
[367/440    160s] t0_s11_tard_P12_c3: skip (0.0s)
[368/440    160s] t0_s11_tard_P12_c4: skip (0.0s)
[369/440    160s] t0_s11_tard_P12_c6: skip (0.0s)
[370/440    160s] t0_s12_tis_P12_c2: skip (0.0s)
[371/440    160s] warm_s10_tard_P12_c1.5: best fixed SPT-TECT 33.383 oracle 32.844 (43.0s)
[372/440    160s] t0_s12_tard_P12_c2: skip (0.0s)
[373/440    160s] t0_s12_tard_P12_c3: skip (0.0s)
[374/440    160s] t0_s12_tard_P12_c4: skip (0.0s)
[375/440    160s] t0_s12_tard_P12_c6: skip (0.0s)
[376/440    160s] t0_s13_tis_P12_c2: skip (0.0s)
[377/440    161s] t0_s6_tard_P12_c1.5: best fixed SRT-TECT 7.852 oracle 7.787 (12.5s)
[378/440    161s] t0_s13_tard_P12_c2: skip (0.0s)
[379/440    161s] t0_s13_tard_P12_c3: skip (0.0s)
[380/440    161s] t0_s13_tard_P12_c4: skip (0.0s)
[381/440    161s] t0_s13_tard_P12_c6: skip (0.0s)
[382/440    161s] t0_s14_tis_P12_c2: skip (0.0s)
[383/440    162s] t0_s0_tard_P12_c1.5: best fixed SRT-TECT 44.103 oracle 42.833 (20.6s)
[384/440    162s] t0_s14_tard_P12_c2: skip (0.0s)
[385/440    162s] t0_s14_tard_P12_c3: skip (0.0s)
[386/440    162s] t0_s14_tard_P12_c4: skip (0.0s)
[387/440    162s] t0_s14_tard_P12_c6: skip (0.0s)
[388/440    162s] t0_s15_tis_P12_c2: skip (0.0s)
[389/440    162s] t0_s1_tard_P12_c1.5: best fixed SPT-TECT 1.202 oracle 1.173 (19.9s)
[390/440    162s] t0_s15_tard_P12_c2: skip (0.0s)
[391/440    162s] t0_s15_tard_P12_c3: skip (0.0s)
[392/440    162s] t0_s15_tard_P12_c4: skip (0.0s)
[393/440    162s] t0_s15_tard_P12_c6: skip (0.0s)
[394/440    162s] t0_s16_tis_P12_c2: skip (0.0s)
[395/440    162s] warm_s12_tard_P30_c1.5: best fixed MDD-ECT 104.241 oracle 102.612 (162.2s)
[396/440    162s] t0_s16_tard_P12_c2: skip (0.0s)
[397/440    162s] t0_s16_tard_P12_c3: skip (0.0s)
[398/440    162s] t0_s16_tard_P12_c4: skip (0.0s)
[399/440    162s] t0_s16_tard_P12_c6: skip (0.0s)
[400/440    162s] t0_s17_tis_P12_c2: skip (0.0s)
[401/440    163s] warm_s19_tard_P12_c1.5: best fixed SRT-ECT 10.768 oracle 10.576 (22.1s)
[402/440    163s] t0_s17_tard_P12_c2: skip (0.0s)
[403/440    163s] t0_s17_tard_P12_c3: skip (0.0s)
[404/440    163s] t0_s17_tard_P12_c4: skip (0.0s)
[405/440    163s] t0_s17_tard_P12_c6: skip (0.0s)
[406/440    163s] t0_s18_tis_P12_c2: skip (0.0s)
[407/440    164s] t0_s18_tard_P30_c1.5: best fixed SRT-TECT 34.815 oracle 34.589 (79.2s)
[408/440    164s] t0_s18_tard_P12_c2: skip (0.0s)
[409/440    164s] t0_s18_tard_P12_c3: skip (0.0s)
[410/440    164s] t0_s18_tard_P12_c4: skip (0.0s)
[411/440    164s] t0_s18_tard_P12_c6: skip (0.0s)
[412/440    164s] t0_s19_tis_P12_c2: skip (0.0s)
[413/440    166s] t0_s5_tard_P12_c1.5: best fixed SRT-ECT 17.772 oracle 17.268 (21.7s)
[414/440    166s] t0_s19_tard_P12_c2: skip (0.0s)
[415/440    166s] t0_s19_tard_P12_c3: skip (0.0s)
[416/440    166s] t0_s19_tard_P12_c4: skip (0.0s)
[417/440    166s] t0_s19_tard_P12_c6: skip (0.0s)
[418/440    168s] warm_s15_tard_P12_c1.5: best fixed SRT-ECT 44.822 oracle 44.023 (32.2s)
[419/440    171s] t0_s3_tard_P12_c1.5: best fixed SRT-ECT 27.125 oracle 26.562 (26.4s)
[420/440    173s] warm_s16_tard_P12_c1.5: best fixed SRT-ECT 19.486 oracle 19.440 (34.6s)
[421/440    174s] t0_s15_tard_P12_c1.5: best fixed SRT-TECT 8.516 oracle 8.516 (12.5s)
[422/440    174s] t0_s7_tard_P12_c1.5: best fixed SRT-TECT 14.517 oracle 14.356 (22.1s)
[423/440    177s] t0_s10_tard_P12_c1.5: best fixed PTWINQ-ECT 15.235 oracle 13.539 (19.6s)
[424/440    177s] warm_s17_tard_P12_c1.5: best fixed SRT-ECT 75.618 oracle 75.542 (38.6s)
[425/440    178s] warm_s12_tard_P12_c1.5: best fixed SRT-ECT 104.622 oracle 104.622 (57.8s)
[426/440    179s] t0_s9_tard_P12_c1.5: best fixed SRT-ECT 15.111 oracle 14.404 (24.3s)
[427/440    179s] warm_s18_tard_P12_c1.5: best fixed SRT-TECT 86.955 oracle 86.955 (39.0s)
[428/440    179s] t0_s19_tard_P12_c1.5: best fixed SRT-ECT 10.768 oracle 10.576 (15.9s)
[429/440    180s] t0_s11_tard_P12_c1.5: best fixed SRT-TECT 25.135 oracle 25.135 (20.9s)
[430/440    181s] warm_s13_tard_P30_c1.5: best fixed MDD-TECT 75.663 oracle 73.254 (180.7s)
[431/440    183s] t0_s13_tard_P12_c1.5: best fixed SRT-TECT 9.965 oracle 9.838 (22.9s)
[432/440    184s] t0_s17_tard_P12_c1.5: best fixed SRT-ECT 26.098 oracle 26.098 (21.3s)
[433/440    184s] t0_s16_tard_P12_c1.5: best fixed SRT-ECT 59.506 oracle 59.358 (22.0s)
[434/440    184s] t0_s14_tard_P12_c1.5: best fixed SRT-TECT 19.293 oracle 19.290 (23.7s)
[435/440    185s] t0_s8_tard_P12_c1.5: best fixed SRT-TECT 56.441 oracle 56.321 (31.5s)
[436/440    186s] t0_s12_tard_P12_c1.5: best fixed SRT-ECT 28.691 oracle 28.381 (26.0s)
[437/440    186s] warm_s7_tard_P12_c1.5: best fixed SRT-ECT 147.666 oracle 147.666 (75.1s)
[438/440    187s] warm_s13_tard_P12_c1.5: best fixed SRT-TECT 75.762 oracle 75.762 (61.4s)
[439/440    189s] warm_s7_tard_P30_c1.5: best fixed MDD-ECT 143.448 oracle 140.857 (189.3s)
[440/440    190s] t0_s18_tard_P12_c1.5: best fixed SRT-TECT 34.815 oracle 34.589 (27.3s)
