[1/360     56s] warm_s4_tard_P30_c4: best fixed SPT-ECT 1.174 oracle 1.174 (56.0s)
[2/360     72s] warm_s5_tard_P30_c3: best fixed ATC-ECT 2.228 oracle 1.910 (72.2s)
[3/360     74s] warm_s4_tard_P30_c3: best fixed SPT-ECT 1.513 oracle 1.513 (73.7s)
[4/360     74s] warm_s5_tard_P30_c6: best fixed SPT-ECT 0.000 oracle 0.000 (74.2s)
[5/360     75s] warm_s4_tard_P30_c2: best fixed EDD-ECT 2.539 oracle 2.529 (75.3s)
[6/360     77s] warm_s0_tard_P30_c4: best fixed SRT-ECT 0.000 oracle 0.000 (76.6s)
[7/360     80s] warm_s4_tard_P30_c6: best fixed SPT-ECT 0.000 oracle 0.000 (79.8s)
[8/360     81s] warm_s5_tard_P30_c4: best fixed EDD-ECT 0.153 oracle 0.000 (80.4s)
[9/360     84s] warm_s0_tard_P30_c6: best fixed SPT-ECT 0.000 oracle 0.000 (83.8s)
[10/360     86s] warm_s6_tard_P30_c2: best fixed SRT-TECT 2.265 oracle 2.263 (29.7s)
[11/360     87s] warm_s2_tard_P30_c3: best fixed EDD-ECT 4.965 oracle 4.707 (87.3s)
[12/360     91s] warm_s5_tard_P30_c2: best fixed MOD-ECT 18.131 oracle 16.533 (90.5s)
[13/360     92s] warm_s0_tard_P30_c3: best fixed CR-TECT 2.869 oracle 2.869 (92.2s)
[14/360     93s] warm_s6_tard_P30_c4: best fixed SPT-ECT 0.000 oracle 0.000 (19.3s)
[15/360     93s] warm_s2_tard_P30_c2: best fixed MDD-ECT 32.790 oracle 32.042 (93.2s)
[16/360     95s] warm_s2_tard_P30_c4: best fixed MOD-ECT 0.007 oracle 0.000 (94.5s)
[17/360     97s] warm_s0_tard_P30_c2: best fixed ATC-TECT 16.425 oracle 15.627 (97.0s)
[18/360     97s] warm_s6_tard_P30_c3: best fixed PTWINQ-ECT 0.000 oracle 0.000 (25.1s)
[19/360    100s] warm_s2_tard_P30_c6: best fixed SPT-ECT 0.000 oracle 0.000 (99.6s)
[20/360    104s] warm_s6_tard_P30_c6: best fixed SPT-ECT 0.000 oracle 0.000 (30.1s)
[21/360    114s] warm_s3_tard_P30_c2: best fixed SRT-TECT 47.025 oracle 46.825 (113.4s)
[22/360    128s] warm_s3_tard_P30_c3: best fixed MDD-TECT 10.466 oracle 8.634 (127.5s)
[23/360    133s] warm_s3_tard_P30_c4: best fixed ATC-ECT 0.103 oracle 0.023 (132.9s)
[24/360    135s] warm_s3_tard_P30_c6: best fixed SRT-ECT 0.000 oracle 0.000 (134.4s)
[25/360    145s] warm_s9_tard_P30_c3: best fixed EDD-ECT 0.000 oracle 0.000 (51.5s)
[26/360    148s] warm_s1_tard_P30_c6: best fixed SPT-ECT 0.000 oracle 0.000 (147.6s)
[27/360    150s] warm_s9_tard_P30_c4: best fixed SPT-ECT 0.000 oracle 0.000 (56.3s)
[28/360    150s] warm_s1_tard_P30_c4: best fixed SRT-TECT 0.000 oracle 0.000 (149.7s)
[29/360    152s] warm_s8_tard_P30_c2: best fixed MDD-ECT 29.576 oracle 29.576 (68.1s)
[30/360    153s] warm_s9_tard_P30_c6: best fixed SPT-ECT 0.000 oracle 0.000 (58.0s)
[31/360    156s] warm_s9_tard_P30_c2: best fixed ATC-TECT 2.930 oracle 2.819 (64.1s)
[32/360    161s] warm_s1_tard_P30_c2: best fixed EDD-ECT 6.816 oracle 6.504 (161.2s)
[33/360    164s] warm_s8_tard_P30_c4: best fixed SRT-TECT 0.000 oracle 0.000 (76.4s)
[34/360    165s] warm_s1_tard_P30_c3: best fixed ATC-SRWT 0.397 oracle 0.362 (164.4s)
[35/360    169s] warm_s8_tard_P30_c3: best fixed EDD-ECT 1.603 oracle 1.218 (83.4s)
[36/360    171s] warm_s8_tard_P30_c6: best fixed SRT-ECT 0.000 oracle 0.000 (79.9s)
[37/360    188s] warm_s10_tard_P30_c3: best fixed EDD-TECT 0.555 oracle 0.270 (90.4s)
[38/360    197s] warm_s10_tard_P30_c4: best fixed ATC-ECT 0.045 oracle 0.018 (97.4s)
[39/360    198s] warm_s10_tard_P30_c2: best fixed EDD-TECT 11.658 oracle 10.774 (100.6s)
[40/360    199s] warm_s11_tard_P30_c2: best fixed SRT-TECT 42.419 oracle 39.942 (85.6s)
[41/360    204s] warm_s11_tard_P30_c3: best fixed ATC-ECT 6.006 oracle 5.993 (76.5s)
[42/360    205s] warm_s10_tard_P30_c6: best fixed SPT-ECT 0.000 oracle 0.000 (100.1s)
[43/360    211s] warm_s11_tard_P30_c4: best fixed ATC-ECT 0.009 oracle 0.009 (78.3s)
[44/360    221s] warm_s11_tard_P30_c6: best fixed SPT-ECT 0.000 oracle 0.000 (86.0s)
[45/360    246s] warm_s14_tard_P30_c2: best fixed ATC-TECT 13.732 oracle 13.704 (82.1s)
[46/360    256s] warm_s14_tard_P30_c4: best fixed ATC-SRWT 0.865 oracle 0.613 (86.9s)
[47/360    260s] warm_s14_tard_P30_c6: best fixed SPT-ECT 0.000 oracle 0.000 (89.8s)
[48/360    263s] warm_s14_tard_P30_c3: best fixed MOD-ECT 3.130 oracle 3.079 (98.5s)
[49/360    271s] warm_s7_tard_P30_c6: best fixed ATC-ECT 0.102 oracle 0.092 (190.0s)
[50/360    273s] warm_s15_tard_P30_c2: best fixed MDD-ECT 21.198 oracle 20.249 (84.8s)
[51/360    279s] warm_s15_tard_P30_c6: best fixed SPT-ECT 0.000 oracle 0.000 (79.8s)
[52/360    282s] warm_s15_tard_P30_c3: best fixed ATC-SRWT 0.546 oracle 0.007 (84.9s)
[53/360    284s] warm_s7_tard_P30_c2: best fixed MDD-ECT 120.925 oracle 120.756 (208.1s)
[54/360    285s] warm_s7_tard_P30_c3: best fixed MDD-ECT 73.574 oracle 73.574 (208.4s)
[55/360    289s] warm_s15_tard_P30_c4: best fixed EDD-ECT 0.000 oracle 0.000 (91.7s)
[56/360    293s] warm_s7_tard_P30_c4: best fixed ATC-TECT 27.256 oracle 26.639 (213.1s)
[57/360    298s] warm_s12_tard_P30_c4: best fixed SLACK-ECT 2.551 oracle 2.498 (148.6s)
[58/360    306s] warm_s16_tard_P30_c4: best fixed CR-SRWT 3.026 oracle 3.024 (94.4s)
[59/360    306s] warm_s16_tard_P30_c2: best fixed SLACK-TECT 16.663 oracle 16.661 (102.1s)
[60/360    309s] warm_s12_tard_P30_c2: best fixed MDD-TECT 68.545 oracle 68.545 (164.0s)
[61/360    310s] warm_s16_tard_P30_c6: best fixed SPT-ECT 0.000 oracle 0.000 (89.6s)
[62/360    316s] warm_s12_tard_P30_c6: best fixed EDD-ECT 0.000 oracle 0.000 (166.6s)
[63/360    319s] warm_s16_tard_P30_c3: best fixed ATC-TECT 8.123 oracle 8.123 (113.9s)
[64/360    321s] warm_s12_tard_P30_c3: best fixed MDD-TECT 25.298 oracle 25.298 (173.3s)
[65/360    324s] warm_s13_tard_P30_c3: best fixed MDD-TECT 10.318 oracle 10.227 (171.8s)
[66/360    328s] warm_s13_tard_P30_c4: best fixed ATC-ECT 0.182 oracle 0.021 (171.7s)
[67/360    332s] warm_s19_tard_P30_c3: best fixed CR-SRWT 1.109 oracle 0.536 (47.1s)
[68/360    338s] warm_s19_tard_P30_c2: best fixed SRT-SRWT 3.563 oracle 2.496 (54.2s)
[69/360    339s] warm_s19_tard_P30_c4: best fixed CR-SRWT 0.157 oracle 0.134 (49.8s)
[70/360    342s] warm_s19_tard_P30_c6: best fixed EDD-TECT 0.052 oracle 0.001 (48.7s)
[71/360    342s] warm_s13_tard_P30_c2: best fixed MDD-TECT 49.075 oracle 48.895 (189.8s)
[72/360    350s] t0_s2_tard_P30_c2: best fixed SPT-ECT 0.000 oracle 0.000 (25.2s)
[73/360    350s] warm_s17_tard_P30_c2: best fixed SRT-ECT 47.851 oracle 47.438 (104.4s)
[74/360    351s] t0_s2_tard_P30_c3: best fixed SPT-ECT 0.000 oracle 0.000 (22.7s)
[75/360    353s] t0_s1_tard_P30_c2: best fixed SPT-TECT 0.304 oracle 0.138 (42.4s)
[76/360    354s] t0_s0_tard_P30_c2: best fixed EDD-TECT 21.656 oracle 21.334 (55.5s)
[77/360    356s] warm_s13_tard_P30_c6: best fixed SRT-ECT 0.000 oracle 0.000 (194.3s)
[78/360    356s] t0_s2_tard_P30_c4: best fixed SPT-ECT 0.000 oracle 0.000 (23.5s)
[79/360    358s] t0_s0_tard_P30_c6: best fixed SPT-ECT 0.000 oracle 0.000 (49.2s)
[80/360    360s] t0_s0_tard_P30_c3: best fixed SLACK-TECT 0.719 oracle 0.719 (53.9s)
[81/360    360s] t0_s1_tard_P30_c3: best fixed SPT-ECT 0.000 oracle 0.000 (43.9s)
[82/360    363s] t0_s0_tard_P30_c4: best fixed SRT-TECT 0.000 oracle 0.000 (56.4s)
[83/360    363s] t0_s1_tard_P30_c6: best fixed SPT-ECT 0.000 oracle 0.000 (41.8s)
[84/360    363s] t0_s2_tard_P30_c6: best fixed SPT-ECT 0.000 oracle 0.000 (25.4s)
[85/360    363s] warm_s17_tard_P30_c3: best fixed SLACK-TECT 5.845 oracle 5.107 (107.2s)
[86/360    367s] t0_s1_tard_P30_c4: best fixed SPT-ECT 0.000 oracle 0.000 (48.1s)
[87/360    369s] warm_s17_tard_P30_c6: best fixed SRT-ECT 0.000 oracle 0.000 (106.1s)
[88/360    374s] warm_s17_tard_P30_c4: best fixed ATC-TECT 0.201 oracle 0.159 (113.9s)
[89/360    376s] warm_s18_tard_P30_c3: best fixed MDD-TECT 14.019 oracle 13.334 (102.9s)
[90/360    382s] t0_s6_tard_P30_c3: best fixed PTWINQ-ECT 0.000 oracle 0.000 (19.7s)
[91/360    382s] warm_s18_tard_P30_c4: best fixed EDD-SRWT 1.200 oracle 0.803 (103.3s)
[92/360    390s] warm_s18_tard_P30_c2: best fixed MDD-ECT 50.371 oracle 48.884 (119.0s)
[93/360    391s] t0_s6_tard_P30_c4: best fixed SPT-ECT 0.000 oracle 0.000 (27.7s)
[94/360    391s] t0_s6_tard_P30_c2: best fixed SRT-TECT 2.265 oracle 2.263 (30.3s)
[95/360    391s] t0_s4_tard_P30_c4: best fixed SPT-ECT 0.000 oracle 0.000 (38.8s)
[96/360    394s] t0_s6_tard_P30_c6: best fixed SPT-ECT 0.000 oracle 0.000 (30.6s)
[97/360    395s] warm_s18_tard_P30_c6: best fixed EDD-ECT 0.000 oracle 0.000 (112.8s)
[98/360    400s] t0_s4_tard_P30_c3: best fixed ATC-TECT 0.074 oracle 0.074 (48.9s)
[99/360    400s] t0_s4_tard_P30_c2: best fixed ATC-ECT 8.379 oracle 7.608 (50.0s)
[100/360    402s] t0_s4_tard_P30_c6: best fixed SPT-ECT 0.000 oracle 0.000 (48.6s)
[101/360    403s] t0_s3_tard_P30_c3: best fixed EDD-TECT 0.664 oracle 0.563 (60.9s)
[102/360    405s] t0_s3_tard_P30_c4: best fixed SRT-ECT 0.000 oracle 0.000 (63.2s)
[103/360    415s] t0_s5_tard_P30_c3: best fixed SRT-ECT 0.570 oracle 0.291 (59.7s)
[104/360    417s] t0_s5_tard_P30_c6: best fixed SPT-SRWT 0.000 oracle 0.000 (57.0s)
[105/360    418s] t0_s3_tard_P30_c2: best fixed MDD-TECT 11.419 oracle 11.419 (78.6s)
[106/360    422s] t0_s5_tard_P30_c2: best fixed ATC-ECT 7.128 oracle 4.929 (66.4s)
[107/360    425s] t0_s5_tard_P30_c4: best fixed CR-TECT 0.000 oracle 0.000 (67.3s)
[108/360    426s] t0_s3_tard_P30_c6: best fixed SPT-ECT 0.000 oracle 0.000 (75.9s)
[109/360    428s] t0_s7_tard_P30_c2: best fixed PTWINQ-TECT 6.428 oracle 6.360 (65.0s)
[110/360    431s] t0_s7_tard_P30_c3: best fixed SLACK-TECT 1.050 oracle 1.049 (64.8s)
[111/360    434s] t0_s9_tard_P30_c2: best fixed ATC-TECT 2.930 oracle 2.819 (43.5s)
[112/360    437s] t0_s7_tard_P30_c6: best fixed PTWINQ-TECT 0.114 oracle 0.114 (62.2s)
[113/360    443s] t0_s9_tard_P30_c3: best fixed EDD-ECT 0.000 oracle 0.000 (52.3s)
[114/360    447s] t0_s7_tard_P30_c4: best fixed EDD-TECT 0.503 oracle 0.503 (77.8s)
[115/360    448s] t0_s9_tard_P30_c6: best fixed SPT-ECT 0.000 oracle 0.000 (53.8s)
[116/360    453s] t0_s10_tard_P30_c2: best fixed SRT-ECT 4.652 oracle 4.467 (58.2s)
[117/360    455s] t0_s9_tard_P30_c4: best fixed SPT-ECT 0.000 oracle 0.000 (63.4s)
[118/360    459s] t0_s8_tard_P30_c3: best fixed EDD-ECT 1.603 oracle 1.218 (77.1s)
[119/360    461s] t0_s8_tard_P30_c2: best fixed MDD-ECT 29.576 oracle 29.576 (85.1s)
[120/360    461s] t0_s8_tard_P30_c4: best fixed SRT-TECT 0.000 oracle 0.000 (79.0s)
[121/360    462s] t0_s10_tard_P30_c3: best fixed SRT-TECT 0.052 oracle 0.052 (62.4s)
[122/360    463s] t0_s11_tard_P30_c3: best fixed ATC-TECT 2.353 oracle 2.183 (57.6s)
[123/360    464s] t0_s10_tard_P30_c4: best fixed SPT-ECT 0.000 oracle 0.000 (63.4s)
[124/360    465s] t0_s11_tard_P30_c6: best fixed PTWINQ-ECT 0.045 oracle 0.000 (48.8s)
[125/360    466s] t0_s10_tard_P30_c6: best fixed SPT-ECT 0.000 oracle 0.000 (63.5s)
[126/360    471s] t0_s11_tard_P30_c2: best fixed MDD-TECT 10.482 oracle 10.307 (67.9s)
[127/360    474s] t0_s11_tard_P30_c4: best fixed SRT-SRWT 0.867 oracle 0.177 (59.0s)
[128/360    477s] t0_s8_tard_P30_c6: best fixed SRT-ECT 0.000 oracle 0.000 (87.2s)
[129/360    484s] t0_s13_tard_P30_c3: best fixed SRT-TECT 0.000 oracle 0.000 (52.2s)
[130/360    485s] t0_s13_tard_P30_c6: best fixed SPT-ECT 0.000 oracle 0.000 (48.6s)
[131/360    486s] t0_s13_tard_P30_c4: best fixed SPT-ECT 0.000 oracle 0.000 (52.1s)
[132/360    486s] t0_s13_tard_P30_c2: best fixed MOD-TECT 1.621 oracle 1.278 (57.9s)
[133/360    492s] t0_s15_tard_P30_c2: best fixed SLACK-TECT 1.749 oracle 1.680 (37.7s)
[134/360    493s] t0_s12_tard_P30_c2: best fixed MDD-ECT 9.910 oracle 9.252 (75.2s)
[135/360    495s] t0_s15_tard_P30_c3: best fixed SPT-ECT 0.000 oracle 0.000 (36.1s)
[136/360    499s] t0_s14_tard_P30_c4: best fixed ATC-SRWT 0.185 oracle 0.155 (51.4s)
[137/360    501s] t0_s15_tard_P30_c4: best fixed SPT-ECT 0.000 oracle 0.000 (40.0s)
[138/360    501s] t0_s15_tard_P30_c6: best fixed SPT-ECT 0.000 oracle 0.000 (39.5s)
[139/360    501s] t0_s12_tard_P30_c6: best fixed SPT-ECT 0.000 oracle 0.000 (75.7s)
[140/360    505s] t0_s12_tard_P30_c3: best fixed SLACK-TECT 0.077 oracle 0.000 (82.8s)
[141/360    506s] t0_s12_tard_P30_c4: best fixed SRT-TECT 0.000 oracle 0.000 (80.6s)
[142/360    519s] t0_s14_tard_P30_c3: best fixed ATC-SRWT 0.911 oracle 0.856 (72.4s)
[143/360    520s] t0_s14_tard_P30_c6: best fixed SPT-ECT 0.000 oracle 0.000 (67.1s)
[144/360    521s] t0_s14_tard_P30_c2: best fixed SLACK-TECT 7.355 oracle 7.261 (77.9s)
[145/360    523s] t0_s16_tard_P30_c4: best fixed EDD-ECT 0.000 oracle 0.000 (59.4s)
[146/360    527s] t0_s16_tard_P30_c6: best fixed SRT-ECT 0.000 oracle 0.000 (61.6s)
[147/360    528s] t0_s16_tard_P30_c3: best fixed EDD-TECT 5.471 oracle 4.462 (65.0s)
[148/360    528s] t0_s17_tard_P30_c3: best fixed ATC-TECT 0.079 oracle 0.035 (57.8s)
[149/360    530s] t0_s17_tard_P30_c2: best fixed SLACK-TECT 7.788 oracle 7.010 (64.0s)
[150/360    534s] t0_s16_tard_P30_c2: best fixed SRT-ECT 38.143 oracle 37.509 (72.1s)
[151/360    535s] t0_s17_tard_P30_c6: best fixed SPT-ECT 0.000 oracle 0.000 (58.2s)
[152/360    537s] t0_s19_tard_P30_c2: best fixed SRT-SRWT 3.563 oracle 2.496 (44.6s)
[153/360    538s] t0_s17_tard_P30_c4: best fixed SRT-SRWT 0.000 oracle 0.000 (63.9s)
[154/360    539s] warm_s0_tard_P12_c3: best fixed PTWINQ-TECT 4.741 oracle 4.262 (37.4s)
[155/360    540s] warm_s0_tis_P12_c2: best fixed PTWINQ-ECT 128.408 oracle 127.401 (39.3s)
[156/360    541s] warm_s0_tard_P12_c2: best fixed PTWINQ-ECT 18.228 oracle 17.371 (40.5s)
[157/360    543s] warm_s0_tard_P12_c4: best fixed SRT-ECT 0.000 oracle 0.000 (38.0s)
[158/360    546s] t0_s19_tard_P30_c4: best fixed CR-SRWT 0.157 oracle 0.134 (50.6s)
[159/360    547s] t0_s19_tard_P30_c3: best fixed CR-SRWT 1.109 oracle 0.536 (53.8s)
[160/360    548s] warm_s0_tard_P12_c6: best fixed SPT-ECT 0.000 oracle 0.000 (42.0s)
[161/360    555s] t0_s19_tard_P30_c6: best fixed EDD-TECT 0.052 oracle 0.001 (55.9s)
[162/360    556s] t0_s18_tard_P30_c3: best fixed ATC-ECT 0.284 oracle 0.284 (70.4s)
[163/360    565s] t0_s18_tard_P30_c2: best fixed MDD-ECT 15.507 oracle 14.469 (81.6s)
[164/360    570s] warm_s4_tard_P12_c2: best fixed SRT-ECT 2.573 oracle 2.557 (23.4s)
[165/360    570s] warm_s1_tard_P12_c2: best fixed PTWINQ-TECT 7.431 oracle 7.181 (49.9s)
[166/360    572s] warm_s2_tard_P12_c2: best fixed SRT-ECT 34.106 oracle 32.413 (43.1s)
[167/360    572s] warm_s4_tis_P12_c2: best fixed SRT-ECT 42.215 oracle 42.215 (28.8s)
[168/360    575s] t0_s18_tard_P30_c6: best fixed SRT-ECT 0.000 oracle 0.000 (89.1s)
[169/360    576s] warm_s2_tard_P12_c3: best fixed SRT-ECT 10.940 oracle 10.466 (45.6s)
[170/360    576s] warm_s3_tis_P12_c2: best fixed SRT-ECT 182.716 oracle 182.716 (38.8s)
[171/360    576s] warm_s2_tis_P12_c2: best fixed SRT-ECT 161.945 oracle 160.127 (48.6s)
[172/360    577s] warm_s4_tard_P12_c4: best fixed SPT-ECT 1.174 oracle 1.174 (29.2s)
[173/360    577s] warm_s4_tard_P12_c3: best fixed SPT-ECT 1.513 oracle 1.513 (30.3s)
[174/360    580s] warm_s2_tard_P12_c4: best fixed FIFO-ECT 2.375 oracle 0.334 (45.7s)
[175/360    580s] warm_s1_tis_P12_c2: best fixed PTWINQ-TECT 117.574 oracle 117.248 (61.0s)
[176/360    581s] t0_s18_tard_P30_c4: best fixed ATC-ECT 0.000 oracle 0.000 (94.5s)
[177/360    581s] warm_s3_tard_P12_c6: best fixed SRT-ECT 0.000 oracle 0.000 (39.6s)
[178/360    582s] warm_s2_tard_P12_c6: best fixed SPT-ECT 0.000 oracle 0.000 (47.1s)
[179/360    584s] warm_s6_tard_P12_c4: best fixed SPT-ECT 0.000 oracle 0.000 (7.8s)
[180/360    584s] warm_s6_tis_P12_c2: best fixed SRT-TECT 51.842 oracle 51.652 (12.0s)
[181/360    585s] warm_s6_tard_P12_c3: best fixed PTWINQ-ECT 0.000 oracle 0.000 (9.4s)
[182/360    586s] warm_s3_tard_P12_c2: best fixed SRT-TECT 47.025 oracle 47.025 (47.7s)
[183/360    588s] warm_s6_tard_P12_c2: best fixed SRT-TECT 2.265 oracle 2.263 (12.1s)
[184/360    588s] warm_s1_tard_P12_c3: best fixed SRT-TECT 0.517 oracle 0.515 (67.1s)
[185/360    588s] warm_s3_tard_P12_c3: best fixed SRT-TECT 15.889 oracle 14.471 (49.7s)
[186/360    588s] warm_s6_tard_P12_c6: best fixed SPT-ECT 0.000 oracle 0.000 (12.0s)
[187/360    588s] warm_s4_tard_P12_c6: best fixed SPT-ECT 0.000 oracle 0.000 (33.5s)
[188/360    589s] warm_s5_tard_P12_c2: best fixed SPT-TECT 19.639 oracle 19.202 (23.8s)
[189/360    590s] warm_s5_tis_P12_c2: best fixed SPT-TECT 136.117 oracle 135.615 (34.1s)
[190/360    590s] warm_s1_tard_P12_c4: best fixed SRT-TECT 0.000 oracle 0.000 (66.8s)
[191/360    595s] warm_s1_tard_P12_c6: best fixed SPT-ECT 0.000 oracle 0.000 (67.8s)
[192/360    597s] warm_s3_tard_P12_c4: best fixed SRT-ECT 5.571 oracle 1.738 (57.2s)
[193/360    603s] warm_s5_tard_P12_c3: best fixed SRT-ECT 4.536 oracle 1.830 (33.0s)
[194/360    603s] warm_s5_tard_P12_c4: best fixed SRT-ECT 0.803 oracle 0.077 (33.0s)
[195/360    606s] warm_s9_tard_P12_c3: best fixed SPT-ECT 0.093 oracle 0.000 (17.7s)
[196/360    609s] warm_s9_tard_P12_c2: best fixed SRT-ECT 4.610 oracle 4.610 (21.1s)
[197/360    610s] warm_s8_tard_P12_c3: best fixed SRT-TECT 4.719 oracle 4.095 (25.9s)
[198/360    610s] warm_s5_tard_P12_c6: best fixed SPT-ECT 0.000 oracle 0.000 (38.1s)
[199/360    612s] warm_s8_tard_P12_c2: best fixed SRT-TECT 31.356 oracle 30.849 (29.8s)
[200/360    612s] warm_s9_tis_P12_c2: best fixed SRT-TECT 113.610 oracle 113.596 (26.1s)
[201/360    613s] warm_s9_tard_P12_c6: best fixed SPT-ECT 0.000 oracle 0.000 (24.5s)
[202/360    613s] warm_s9_tard_P12_c4: best fixed SPT-ECT 0.000 oracle 0.000 (24.8s)
[203/360    616s] warm_s8_tard_P12_c4: best fixed SRT-TECT 0.000 oracle 0.000 (32.6s)
[204/360    617s] warm_s8_tard_P12_c6: best fixed SRT-ECT 0.000 oracle 0.000 (32.0s)
[205/360    618s] warm_s8_tis_P12_c2: best fixed SRT-TECT 173.825 oracle 173.327 (37.2s)
[206/360    627s] warm_s10_tard_P12_c6: best fixed SPT-ECT 0.000 oracle 0.000 (32.1s)
[207/360    628s] warm_s10_tard_P12_c2: best fixed SPT-TECT 15.670 oracle 14.353 (39.2s)
[208/360    629s] warm_s10_tis_P12_c2: best fixed PTWINQ-TECT 121.718 oracle 120.155 (40.2s)
[209/360    629s] warm_s10_tard_P12_c4: best fixed PTWINQ-TECT 0.122 oracle 0.122 (38.9s)
[210/360    634s] warm_s11_tis_P12_c2: best fixed SRT-TECT 135.683 oracle 135.553 (37.0s)
[211/360    634s] warm_s10_tard_P12_c3: best fixed SPT-ECT 2.287 oracle 1.548 (44.6s)
[212/360    640s] warm_s11_tard_P12_c2: best fixed SRT-TECT 42.419 oracle 42.353 (37.3s)
[213/360    640s] warm_s11_tard_P12_c3: best fixed SRT-TECT 12.062 oracle 11.909 (37.4s)
[214/360    643s] warm_s11_tard_P12_c4: best fixed SRT-SRWT 1.346 oracle 0.881 (36.7s)
[215/360    645s] warm_s11_tard_P12_c6: best fixed SPT-ECT 0.000 oracle 0.000 (36.0s)
[216/360    658s] warm_s7_tard_P12_c2: best fixed SRT-TECT 121.960 oracle 121.928 (80.4s)
[217/360    658s] warm_s7_tis_P12_c2: best fixed SRT-ECT 221.889 oracle 221.797 (81.0s)
[218/360    660s] warm_s7_tard_P12_c4: best fixed SRT-TECT 38.530 oracle 38.413 (79.5s)
[219/360    663s] warm_s7_tard_P12_c6: best fixed SRT-ECT 7.594 oracle 7.427 (82.3s)
[220/360    664s] warm_s14_tard_P12_c3: best fixed PTWINQ-ECT 4.375 oracle 4.374 (34.7s)
[221/360    665s] warm_s14_tard_P12_c4: best fixed SPT-TECT 1.200 oracle 1.179 (30.8s)
[222/360    667s] warm_s14_tard_P12_c2: best fixed SPT-ECT 14.141 oracle 14.138 (37.8s)
[223/360    668s] warm_s14_tis_P12_c2: best fixed SPT-ECT 73.462 oracle 73.443 (39.0s)
[224/360    668s] warm_s7_tard_P12_c3: best fixed SRT-TECT 75.186 oracle 75.072 (88.3s)
[225/360    669s] warm_s14_tard_P12_c6: best fixed SPT-ECT 0.000 oracle 0.000 (34.2s)
[226/360    670s] warm_s15_tard_P12_c3: best fixed SRT-ECT 4.234 oracle 2.650 (27.4s)
[227/360    674s] warm_s12_tard_P12_c3: best fixed SRT-TECT 31.549 oracle 31.057 (61.7s)
[228/360    674s] warm_s15_tis_P12_c2: best fixed SRT-TECT 149.123 oracle 149.052 (34.1s)
[229/360    675s] warm_s12_tard_P12_c2: best fixed SRT-TECT 71.716 oracle 71.716 (64.8s)
[230/360    676s] warm_s12_tis_P12_c2: best fixed SRT-TECT 196.558 oracle 196.558 (66.6s)
[231/360    676s] warm_s12_tard_P12_c6: best fixed SPT-SRWT 0.764 oracle 0.345 (63.6s)
[232/360    677s] warm_s13_tis_P12_c2: best fixed SRT-ECT 187.005 oracle 187.005 (64.3s)
[233/360    679s] warm_s15_tard_P12_c2: best fixed SRT-TECT 21.865 oracle 21.865 (38.8s)
[234/360    680s] warm_s15_tard_P12_c4: best fixed SRT-SRWT 0.004 oracle 0.000 (35.5s)
[235/360    681s] warm_s12_tard_P12_c4: best fixed SRT-TECT 10.242 oracle 9.111 (68.4s)
[236/360    681s] warm_s13_tard_P12_c3: best fixed SRT-ECT 12.632 oracle 12.632 (63.7s)
[237/360    689s] warm_s13_tard_P12_c4: best fixed SRT-ECT 0.815 oracle 0.794 (70.9s)
[238/360    692s] warm_s19_tis_P12_c2: best fixed SRT-ECT 102.194 oracle 101.189 (15.0s)
[239/360    693s] warm_s13_tard_P12_c2: best fixed SRT-ECT 49.607 oracle 49.607 (76.3s)
[240/360    694s] warm_s16_tard_P12_c2: best fixed SRT-TECT 16.969 oracle 16.589 (34.3s)
[241/360    695s] warm_s15_tard_P12_c6: best fixed SPT-ECT 0.000 oracle 0.000 (37.2s)
[242/360    697s] warm_s19_tard_P12_c6: best fixed SPT-SRWT 0.074 oracle 0.006 (16.8s)
[243/360    698s] warm_s19_tard_P12_c3: best fixed SRT-SRWT 1.205 oracle 0.536 (17.9s)
[244/360    698s] warm_s13_tard_P12_c6: best fixed SRT-ECT 0.000 oracle 0.000 (71.3s)
[245/360    700s] warm_s17_tis_P12_c2: best fixed SRT-ECT 173.257 oracle 173.167 (33.8s)
[246/360    701s] warm_s16_tard_P12_c6: best fixed SPT-ECT 0.000 oracle 0.000 (36.0s)
[247/360    702s] warm_s19_tard_P12_c2: best fixed SRT-SRWT 3.563 oracle 3.028 (23.0s)
[248/360    703s] warm_s17_tard_P12_c2: best fixed SRT-ECT 47.851 oracle 47.850 (35.9s)
[249/360    704s] warm_s16_tard_P12_c4: best fixed FIFO-SRWT 3.089 oracle 3.089 (40.5s)
[250/360    704s] warm_s19_tard_P12_c4: best fixed SRT-ECT 0.591 oracle 0.254 (23.6s)
[251/360    704s] warm_s16_tis_P12_c2: best fixed SRT-TECT 71.669 oracle 71.429 (46.0s)
[252/360    706s] warm_s17_tard_P12_c6: best fixed SRT-ECT 0.000 oracle 0.000 (36.4s)
[253/360    709s] warm_s16_tard_P12_c3: best fixed SRT-TECT 8.243 oracle 8.051 (45.7s)
[254/360    709s] t0_s2_tis_P12_c2: best fixed SPT-ECT 41.227 oracle 41.227 (7.1s)
[255/360    711s] t0_s2_tard_P12_c2: best fixed SPT-ECT 0.000 oracle 0.000 (7.6s)
[256/360    711s] t0_s1_tard_P12_c2: best fixed SPT-TECT 0.304 oracle 0.228 (13.0s)
[257/360    712s] t0_s0_tard_P12_c4: best fixed SRT-TECT 0.000 oracle 0.000 (17.4s)
[258/360    712s] t0_s0_tis_P12_c2: best fixed SRT-TECT 138.403 oracle 137.341 (22.7s)
[259/360    713s] t0_s0_tard_P12_c2: best fixed SRT-TECT 22.159 oracle 20.771 (21.0s)
[260/360    714s] t0_s1_tard_P12_c6: best fixed SPT-ECT 0.000 oracle 0.000 (12.8s)
[261/360    714s] t0_s1_tard_P12_c3: best fixed SPT-ECT 0.000 oracle 0.000 (15.7s)
[262/360    715s] t0_s2_tard_P12_c3: best fixed SPT-ECT 0.000 oracle 0.000 (10.9s)
[263/360    715s] warm_s17_tard_P12_c3: best fixed SRT-SRWT 14.639 oracle 13.078 (46.6s)
[264/360    715s] t0_s2_tard_P12_c6: best fixed SPT-ECT 0.000 oracle 0.000 (11.0s)
[265/360    715s] t0_s2_tard_P12_c4: best fixed SPT-ECT 0.000 oracle 0.000 (11.2s)
[266/360    717s] warm_s17_tard_P12_c4: best fixed SRT-TECT 2.198 oracle 2.198 (48.0s)
[267/360    717s] t0_s1_tis_P12_c2: best fixed SRT-ECT 46.587 oracle 46.574 (19.1s)
[268/360    717s] t0_s1_tard_P12_c4: best fixed SPT-ECT 0.000 oracle 0.000 (16.8s)
[269/360    717s] t0_s0_tard_P12_c3: best fixed SRT-TECT 0.959 oracle 0.849 (24.6s)
[270/360    719s] t0_s0_tard_P12_c6: best fixed SPT-ECT 0.000 oracle 0.000 (24.4s)
[271/360    720s] warm_s18_tard_P12_c6: best fixed SRT-ECT 0.197 oracle 0.000 (44.0s)
[272/360    722s] warm_s18_tard_P12_c2: best fixed SRT-ECT 51.238 oracle 50.595 (48.3s)
[273/360    724s] warm_s18_tard_P12_c3: best fixed SRT-TECT 17.650 oracle 15.895 (49.8s)
[274/360    725s] t0_s6_tard_P12_c3: best fixed PTWINQ-ECT 0.000 oracle 0.000 (8.2s)
[275/360    726s] warm_s18_tis_P12_c2: best fixed SRT-ECT 213.650 oracle 213.140 (52.3s)
[276/360    727s] t0_s4_tard_P12_c6: best fixed SPT-ECT 0.000 oracle 0.000 (13.2s)
[277/360    728s] warm_s18_tard_P12_c4: best fixed SRT-ECT 6.495 oracle 3.558 (51.4s)
[278/360    728s] t0_s6_tis_P12_c2: best fixed SRT-TECT 51.842 oracle 51.652 (11.6s)
[279/360    729s] t0_s4_tard_P12_c3: best fixed SRT-ECT 0.197 oracle 0.197 (15.0s)
[280/360    729s] t0_s6_tard_P12_c2: best fixed SRT-TECT 2.265 oracle 2.263 (12.2s)
[281/360    731s] t0_s4_tard_P12_c4: best fixed SPT-ECT 0.000 oracle 0.000 (17.0s)
[282/360    731s] t0_s6_tard_P12_c6: best fixed SPT-ECT 0.000 oracle 0.000 (10.4s)
[283/360    731s] t0_s6_tard_P12_c4: best fixed SPT-ECT 0.000 oracle 0.000 (11.6s)
[284/360    731s] t0_s4_tard_P12_c2: best fixed SPT-ECT 8.901 oracle 8.594 (19.6s)
[285/360    731s] t0_s4_tis_P12_c2: best fixed SRT-TECT 71.622 oracle 71.622 (19.9s)
[286/360    735s] t0_s3_tard_P12_c3: best fixed SRT-TECT 2.265 oracle 0.773 (25.7s)
[287/360    737s] t0_s5_tard_P12_c4: best fixed SRT-ECT 0.027 oracle 0.000 (21.4s)
[288/360    737s] t0_s5_tard_P12_c3: best fixed SRT-ECT 0.570 oracle 0.506 (22.2s)
[289/360    738s] t0_s3_tis_P12_c2: best fixed SRT-TECT 127.607 oracle 127.297 (31.1s)
[290/360    738s] t0_s3_tard_P12_c2: best fixed SRT-TECT 13.902 oracle 11.573 (28.9s)
[291/360    739s] t0_s3_tard_P12_c6: best fixed SPT-ECT 0.000 oracle 0.000 (27.4s)
[292/360    739s] t0_s5_tard_P12_c2: best fixed SPT-ECT 7.849 oracle 7.122 (24.0s)
[293/360    741s] t0_s5_tis_P12_c2: best fixed SRT-ECT 105.629 oracle 105.423 (25.8s)
[294/360    742s] t0_s5_tard_P12_c6: best fixed SPT-SRWT 0.000 oracle 0.000 (25.6s)
[295/360    745s] t0_s3_tard_P12_c4: best fixed SRT-ECT 0.000 oracle 0.000 (33.6s)
[296/360    750s] t0_s7_tard_P12_c3: best fixed SRT-TECT 1.555 oracle 1.280 (24.5s)
[297/360    751s] t0_s7_tard_P12_c6: best fixed PTWINQ-TECT 0.114 oracle 0.114 (23.5s)
[298/360    752s] t0_s9_tard_P12_c4: best fixed SPT-ECT 0.000 oracle 0.000 (20.1s)
[299/360    753s] t0_s9_tard_P12_c3: best fixed SPT-ECT 0.093 oracle 0.000 (21.3s)
[300/360    754s] t0_s9_tis_P12_c2: best fixed SRT-TECT 113.610 oracle 113.596 (23.2s)
[301/360    756s] t0_s7_tis_P12_c2: best fixed PTWINQ-TECT 102.732 oracle 102.051 (33.5s)
[302/360    756s] t0_s7_tard_P12_c2: best fixed PTWINQ-TECT 6.428 oracle 6.409 (31.5s)
[303/360    756s] t0_s10_tard_P12_c4: best fixed SPT-ECT 0.000 oracle 0.000 (18.8s)
[304/360    757s] t0_s8_tard_P12_c4: best fixed SRT-TECT 0.000 oracle 0.000 (27.5s)
[305/360    757s] t0_s10_tard_P12_c3: best fixed SRT-TECT 0.052 oracle 0.052 (19.7s)
[306/360    758s] t0_s9_tard_P12_c2: best fixed SRT-ECT 4.610 oracle 4.610 (26.9s)
[307/360    758s] t0_s8_tard_P12_c2: best fixed SRT-TECT 31.356 oracle 30.849 (30.1s)
[308/360    759s] t0_s8_tard_P12_c3: best fixed SRT-TECT 4.719 oracle 4.095 (30.1s)
[309/360    760s] t0_s7_tard_P12_c4: best fixed SRT-TECT 0.503 oracle 0.503 (34.3s)
[310/360    762s] t0_s9_tard_P12_c6: best fixed SPT-ECT 0.000 oracle 0.000 (26.4s)
[311/360    763s] t0_s10_tard_P12_c2: best fixed SRT-ECT 4.652 oracle 4.652 (25.0s)
[312/360    763s] t0_s10_tis_P12_c2: best fixed SRT-ECT 93.881 oracle 93.877 (25.7s)
[313/360    763s] t0_s10_tard_P12_c6: best fixed SPT-ECT 0.000 oracle 0.000 (24.4s)
[314/360    765s] t0_s11_tis_P12_c2: best fixed SRT-TECT 131.239 oracle 130.997 (25.8s)
[315/360    766s] t0_s8_tis_P12_c2: best fixed SRT-TECT 173.825 oracle 173.327 (38.5s)
[316/360    767s] t0_s11_tard_P12_c3: best fixed SRT-TECT 2.906 oracle 2.856 (24.3s)
[317/360    767s] t0_s8_tard_P12_c6: best fixed SRT-ECT 0.000 oracle 0.000 (36.2s)
[318/360    771s] t0_s11_tard_P12_c6: best fixed PTWINQ-ECT 0.045 oracle 0.000 (20.5s)
[319/360    771s] t0_s11_tard_P12_c2: best fixed SRT-TECT 11.348 oracle 11.133 (29.8s)
[320/360    773s] t0_s12_tis_P12_c2: best fixed SRT-ECT 150.041 oracle 150.041 (22.0s)
[321/360    773s] t0_s12_tard_P12_c3: best fixed SRT-TECT 1.133 oracle 0.904 (20.7s)
[322/360    775s] t0_s11_tard_P12_c4: best fixed SRT-SRWT 0.867 oracle 0.763 (30.2s)
[323/360    775s] t0_s13_tard_P12_c3: best fixed SRT-TECT 0.000 oracle 0.000 (17.9s)
[324/360    777s] t0_s12_tard_P12_c6: best fixed SPT-ECT 0.000 oracle 0.000 (21.5s)
[325/360    778s] t0_s14_tis_P12_c2: best fixed SRT-ECT 95.800 oracle 95.800 (19.5s)
[326/360    778s] t0_s14_tard_P12_c2: best fixed SRT-ECT 7.371 oracle 7.227 (19.7s)
[327/360    782s] t0_s12_tard_P12_c2: best fixed SRT-TECT 11.801 oracle 9.466 (30.7s)
[328/360    783s] t0_s15_tard_P12_c2: best fixed SRT-TECT 2.143 oracle 1.931 (19.6s)
[329/360    783s] t0_s15_tis_P12_c2: best fixed SRT-TECT 82.527 oracle 82.526 (20.0s)
[330/360    784s] t0_s15_tard_P12_c3: best fixed SPT-ECT 0.000 oracle 0.000 (19.2s)
[331/360    784s] t0_s13_tard_P12_c2: best fixed SRT-ECT 2.479 oracle 1.690 (27.8s)
[332/360    785s] t0_s15_tard_P12_c6: best fixed SPT-ECT 0.000 oracle 0.000 (18.7s)
[333/360    786s] t0_s13_tard_P12_c6: best fixed SPT-ECT 0.000 oracle 0.000 (27.7s)
[334/360    786s] t0_s13_tard_P12_c4: best fixed SPT-ECT 0.000 oracle 0.000 (28.4s)
[335/360    786s] t0_s15_tard_P12_c4: best fixed SPT-ECT 0.000 oracle 0.000 (19.9s)
[336/360    787s] t0_s13_tis_P12_c2: best fixed FIFO-ECT 86.097 oracle 85.571 (30.6s)
[337/360    787s] t0_s12_tard_P12_c4: best fixed SRT-TECT 0.000 oracle 0.000 (32.9s)
[338/360    790s] t0_s16_tis_P12_c2: best fixed SRT-ECT 134.435 oracle 134.381 (22.7s)
[339/360    790s] t0_s14_tard_P12_c6: best fixed SPT-ECT 0.000 oracle 0.000 (27.4s)
[340/360    790s] t0_s14_tard_P12_c3: best fixed SRT-ECT 1.531 oracle 1.148 (29.6s)
[341/360    790s] t0_s16_tard_P12_c2: best fixed SRT-ECT 38.143 oracle 38.040 (19.9s)
[342/360    793s] t0_s16_tard_P12_c4: best fixed SRT-ECT 0.276 oracle 0.000 (20.1s)
[343/360    793s] t0_s14_tard_P12_c4: best fixed SRT-ECT 0.349 oracle 0.256 (31.4s)
[344/360    794s] t0_s17_tard_P12_c2: best fixed SRT-ECT 10.428 oracle 9.284 (18.7s)
[345/360    794s] t0_s16_tard_P12_c6: best fixed SRT-ECT 0.000 oracle 0.000 (20.6s)
[346/360    796s] t0_s16_tard_P12_c3: best fixed SRT-ECT 7.338 oracle 7.236 (25.6s)
[347/360    799s] t0_s17_tard_P12_c4: best fixed SRT-SRWT 0.000 oracle 0.000 (20.8s)
[348/360    799s] t0_s17_tis_P12_c2: best fixed SRT-ECT 139.170 oracle 139.169 (24.0s)
[349/360    799s] t0_s17_tard_P12_c3: best fixed PTWINQ-ECT 1.629 oracle 0.996 (21.7s)
[350/360    800s] t0_s17_tard_P12_c6: best fixed SPT-ECT 0.000 oracle 0.000 (21.5s)
[351/360    800s] t0_s19_tard_P12_c4: best fixed SRT-ECT 0.591 oracle 0.254 (14.1s)
[352/360    800s] t0_s19_tard_P12_c6: best fixed SPT-SRWT 0.074 oracle 0.006 (13.9s)
[353/360    802s] t0_s19_tard_P12_c3: best fixed SRT-SRWT 1.205 oracle 0.536 (16.0s)
[354/360    802s] t0_s19_tis_P12_c2: best fixed SRT-ECT 102.194 oracle 101.189 (16.9s)
[355/360    802s] t0_s19_tard_P12_c2: best fixed SRT-SRWT 3.563 oracle 3.028 (16.7s)
[356/360    807s] t0_s18_tard_P12_c3: best fixed PTWINQ-ECT 1.363 oracle 0.875 (24.7s)
[357/360    807s] t0_s18_tard_P12_c2: best fixed SRT-TECT 16.962 oracle 16.962 (24.9s)
[358/360    808s] t0_s18_tard_P12_c6: best fixed SRT-ECT 0.000 oracle 0.000 (23.7s)
[359/360    809s] t0_s18_tard_P12_c4: best fixed PTWINQ-ECT 0.210 oracle 0.112 (24.8s)
[360/360    809s] t0_s18_tis_P12_c2: best fixed SRT-TECT 150.587 oracle 150.564 (27.2s)
