code 1d5d59fd5c2c at 3d22f9c7
[1/220     33s] warm_s20_tard_P30_c3: best fixed SLACK-ECT 0.000 oracle 0.000 (33.3s)
[2/220     35s] warm_s20_tard_P30_c4: best fixed SRT-ECT 0.000 oracle 0.000 (35.3s)
[3/220     38s] warm_s20_tard_P30_c1.5: best fixed MDD-ECT 8.554 oracle 7.916 (38.0s)
[4/220     42s] warm_s20_tard_P30_c6: best fixed SPT-ECT 0.000 oracle 0.000 (41.9s)
[5/220     44s] warm_s20_tard_P30_c2: best fixed EDD-ECT 1.216 oracle 0.730 (43.5s)
[6/220     72s] warm_s24_tard_P30_c1.5: best fixed MDD-ECT 45.956 oracle 45.745 (71.5s)
[7/220     72s] warm_s24_tard_P30_c3: best fixed MDD-ECT 10.003 oracle 7.004 (71.6s)
[8/220     76s] warm_s24_tard_P30_c4: best fixed MDD-TECT 3.546 oracle 3.042 (75.6s)
[9/220     80s] warm_s24_tard_P30_c2: best fixed ATC-TECT 30.974 oracle 28.429 (80.3s)
[10/220     88s] warm_s24_tard_P30_c6: best fixed SLACK-ECT 0.105 oracle 0.101 (55.0s)
[11/220     92s] warm_s22_tard_P30_c2: best fixed SRT-ECT 45.845 oracle 43.551 (92.2s)
[12/220     94s] warm_s22_tard_P30_c3: best fixed MOD-TECT 11.675 oracle 10.846 (94.1s)
[13/220     99s] warm_s21_tard_P30_c4: best fixed MOD-TECT 0.000 oracle 0.000 (98.8s)
[14/220    100s] warm_s22_tard_P30_c6: best fixed EDD-SRWT 1.876 oracle 1.876 (99.7s)
[15/220    101s] warm_s21_tard_P30_c2: best fixed SLACK-TECT 14.657 oracle 12.736 (101.0s)
[16/220    103s] warm_s21_tard_P30_c3: best fixed ATC-TECT 0.168 oracle 0.166 (102.7s)
[17/220    106s] warm_s22_tard_P30_c4: best fixed ATC-TECT 3.540 oracle 3.119 (105.9s)
[18/220    109s] warm_s22_tard_P30_c1.5: best fixed SRT-ECT 76.079 oracle 74.948 (108.9s)
[19/220    110s] warm_s21_tard_P30_c6: best fixed SPT-TECT 0.000 oracle 0.000 (110.3s)
[20/220    116s] warm_s21_tard_P30_c1.5: best fixed MDD-ECT 40.402 oracle 38.817 (116.0s)
[21/220    116s] warm_s23_tard_P30_c1.5: best fixed MDD-TECT 79.250 oracle 78.656 (116.2s)
[22/220    117s] warm_s25_tard_P30_c1.5: best fixed MDD-TECT 30.373 oracle 28.525 (81.6s)
[23/220    118s] warm_s23_tard_P30_c3: best fixed ATC-ECT 13.338 oracle 11.681 (117.8s)
[24/220    121s] warm_s23_tard_P30_c4: best fixed EDD-ECT 4.533 oracle 4.368 (121.4s)
[25/220    124s] warm_s23_tard_P30_c6: best fixed EDD-ECT 0.000 oracle 0.000 (124.1s)
[26/220    130s] warm_s23_tard_P30_c2: best fixed SRT-ECT 50.215 oracle 48.006 (129.5s)
[27/220    139s] warm_s25_tard_P30_c2: best fixed MDD-TECT 16.030 oracle 14.810 (100.4s)
[28/220    143s] warm_s25_tard_P30_c3: best fixed EDD-ECT 1.688 oracle 1.098 (100.8s)
[29/220    143s] warm_s26_tard_P30_c2: best fixed MDD-TECT 15.992 oracle 15.087 (67.5s)
[30/220    147s] warm_s26_tard_P30_c3: best fixed SLACK-TECT 1.947 oracle 1.815 (66.8s)
[31/220    153s] warm_s26_tard_P30_c1.5: best fixed SRT-ECT 39.257 oracle 38.570 (81.4s)
[32/220    155s] warm_s25_tard_P30_c4: best fixed SRT-SRWT 0.000 oracle 0.000 (111.7s)
[33/220    162s] warm_s25_tard_P30_c6: best fixed SRT-ECT 0.000 oracle 0.000 (90.3s)
[34/220    169s] warm_s26_tard_P30_c4: best fixed SRT-TECT 0.809 oracle 0.747 (80.2s)
[35/220    173s] warm_s26_tard_P30_c6: best fixed SRT-ECT 0.050 oracle 0.050 (80.7s)
[36/220    177s] warm_s28_tard_P30_c1.5: best fixed CR-TECT 21.793 oracle 19.611 (70.9s)
[37/220    184s] warm_s28_tard_P30_c4: best fixed EDD-TECT 0.000 oracle 0.000 (68.0s)
[38/220    186s] warm_s28_tard_P30_c2: best fixed ATC-ECT 6.671 oracle 5.940 (77.5s)
[39/220    191s] warm_s28_tard_P30_c3: best fixed CR-ECT 0.029 oracle 0.000 (80.7s)
[40/220    193s] warm_s27_tard_P30_c3: best fixed MDD-TECT 5.590 oracle 5.123 (93.4s)
[41/220    196s] warm_s28_tard_P30_c6: best fixed SPT-ECT 0.000 oracle 0.000 (79.7s)
[42/220    197s] warm_s27_tard_P30_c4: best fixed SLACK-ECT 0.000 oracle 0.000 (95.4s)
[43/220    204s] warm_s27_tard_P30_c2: best fixed MDD-TECT 44.068 oracle 41.719 (104.9s)
[44/220    206s] warm_s27_tard_P30_c1.5: best fixed MDD-ECT 72.042 oracle 71.963 (112.3s)
[45/220    207s] warm_s30_tard_P30_c3: best fixed SPT-ECT 0.000 oracle 0.000 (63.7s)
[46/220    207s] warm_s30_tard_P30_c1.5: best fixed SPT-ECT 17.134 oracle 16.492 (68.5s)
[47/220    210s] warm_s27_tard_P30_c6: best fixed SPT-ECT 0.000 oracle 0.000 (107.3s)
[48/220    211s] warm_s30_tard_P30_c2: best fixed SPT-ECT 2.886 oracle 1.696 (68.4s)
[49/220    212s] warm_s31_tard_P30_c1.5: best fixed EDD-TECT 6.421 oracle 6.007 (56.2s)
[50/220    217s] warm_s31_tard_P30_c2: best fixed EDD-TECT 1.789 oracle 1.655 (55.4s)
[51/220    225s] warm_s30_tard_P30_c4: best fixed SPT-ECT 0.000 oracle 0.000 (77.9s)
[52/220    231s] warm_s31_tard_P30_c3: best fixed EDD-TECT 0.249 oracle 0.146 (62.1s)
[53/220    231s] warm_s31_tard_P30_c6: best fixed SPT-ECT 0.000 oracle 0.000 (54.0s)
[54/220    234s] warm_s31_tard_P30_c4: best fixed SRT-TECT 0.039 oracle 0.023 (61.1s)
[55/220    236s] warm_s30_tard_P30_c6: best fixed SPT-ECT 0.000 oracle 0.000 (83.1s)
[56/220    257s] warm_s33_tard_P30_c1.5: best fixed SRT-ECT 5.119 oracle 5.103 (61.0s)
[57/220    268s] warm_s33_tard_P30_c3: best fixed EDD-TECT 0.577 oracle 0.433 (61.8s)
[58/220    269s] warm_s29_tard_P30_c2: best fixed SRT-ECT 70.336 oracle 70.165 (151.0s)
[59/220    271s] warm_s33_tard_P30_c2: best fixed EDD-ECT 2.014 oracle 1.629 (67.5s)
[60/220    273s] warm_s33_tard_P30_c4: best fixed SRT-ECT 0.107 oracle 0.107 (66.3s)
[61/220    274s] warm_s29_tard_P30_c4: best fixed ATC-SRWT 2.104 oracle 2.092 (150.3s)
[62/220    275s] warm_s33_tard_P30_c6: best fixed SPT-ECT 0.000 oracle 0.000 (68.1s)
[63/220    278s] warm_s29_tard_P30_c1.5: best fixed MDD-ECT 110.897 oracle 109.876 (161.2s)
[64/220    280s] warm_s29_tard_P30_c6: best fixed EDD-ECT 0.000 oracle 0.000 (150.8s)
[65/220    283s] warm_s34_tard_P30_c3: best fixed SRT-TECT 1.684 oracle 0.877 (71.6s)
[66/220    284s] warm_s35_tard_P30_c1.5: best fixed MDD-ECT 20.753 oracle 18.577 (52.8s)
[67/220    284s] warm_s29_tard_P30_c3: best fixed ATC-SRWT 20.778 oracle 18.995 (162.9s)
[68/220    289s] warm_s34_tard_P30_c4: best fixed SRT-ECT 0.437 oracle 0.096 (71.5s)
[69/220    292s] warm_s34_tard_P30_c1.5: best fixed MDD-ECT 18.707 oracle 17.185 (82.3s)
[70/220    294s] warm_s34_tard_P30_c2: best fixed MDD-TECT 7.108 oracle 6.359 (82.5s)
[71/220    294s] warm_s35_tard_P30_c2: best fixed SLACK-TECT 8.153 oracle 7.311 (63.3s)
[72/220    296s] warm_s35_tard_P30_c3: best fixed ATC-SRWT 0.449 oracle 0.235 (61.6s)
[73/220    296s] warm_s35_tard_P30_c4: best fixed CR-SRWT 0.039 oracle 0.000 (60.0s)
[74/220    305s] warm_s34_tard_P30_c6: best fixed SRT-ECT 0.000 oracle 0.000 (79.8s)
[75/220    313s] warm_s35_tard_P30_c6: best fixed SPT-ECT 0.000 oracle 0.000 (55.5s)
[76/220    336s] warm_s36_tard_P30_c2: best fixed ATC-ECT 12.349 oracle 12.223 (67.2s)
[77/220    349s] warm_s36_tard_P30_c4: best fixed ATC-SRWT 0.665 oracle 0.665 (75.6s)
[78/220    349s] warm_s36_tard_P30_c6: best fixed EDD-ECT 0.345 oracle 0.345 (74.7s)
[79/220    351s] warm_s36_tard_P30_c1.5: best fixed MDD-TECT 20.117 oracle 19.342 (83.1s)
[80/220    354s] warm_s36_tard_P30_c3: best fixed MDD-ECT 3.522 oracle 3.404 (83.0s)
[81/220    355s] warm_s37_tard_P30_c3: best fixed SPT-ECT 0.380 oracle 0.380 (75.0s)
[82/220    360s] warm_s37_tard_P30_c6: best fixed SPT-ECT 0.000 oracle 0.000 (76.0s)
[83/220    360s] warm_s39_tard_P30_c2: best fixed MDD-TECT 6.964 oracle 6.579 (63.8s)
[84/220    364s] warm_s37_tard_P30_c1.5: best fixed MDD-TECT 11.724 oracle 10.989 (88.4s)
[85/220    366s] warm_s20_tard_P12_c1.5: best fixed SRT-ECT 8.711 oracle 7.936 (16.8s)
[86/220    366s] warm_s39_tard_P30_c1.5: best fixed SRT-TECT 18.312 oracle 18.312 (70.3s)
[87/220    368s] warm_s20_tis_P12_c2: best fixed SRT-ECT 108.394 oracle 107.705 (18.7s)
[88/220    370s] warm_s20_tard_P12_c2: best fixed SRT-ECT 1.718 oracle 0.728 (18.9s)
[89/220    372s] warm_s37_tard_P30_c4: best fixed SPT-SRWT 0.060 oracle 0.060 (88.7s)
[90/220    372s] warm_s20_tard_P12_c4: best fixed SRT-ECT 0.000 oracle 0.000 (16.5s)
[91/220    373s] warm_s20_tard_P12_c3: best fixed PTWINQ-ECT 0.049 oracle 0.000 (18.5s)
[92/220    373s] warm_s37_tard_P30_c2: best fixed ATC-ECT 3.157 oracle 2.841 (94.9s)
[93/220    374s] warm_s39_tard_P30_c3: best fixed SLACK-ECT 0.035 oracle 0.035 (68.8s)
[94/220    374s] warm_s38_tard_P30_c1.5: best fixed MDD-TECT 15.269 oracle 14.631 (89.9s)
[95/220    379s] warm_s20_tard_P12_c6: best fixed SPT-ECT 0.000 oracle 0.000 (19.1s)
[96/220    379s] warm_s38_tard_P30_c4: best fixed SRT-ECT 0.000 oracle 0.000 (85.3s)
[97/220    380s] warm_s39_tard_P30_c4: best fixed SRT-ECT 0.000 oracle 0.000 (66.6s)
[98/220    380s] warm_s38_tard_P30_c2: best fixed MDD-TECT 6.050 oracle 6.031 (91.3s)
[99/220    381s] warm_s32_tard_P30_c6: best fixed CR-ECT 0.874 oracle 0.874 (185.0s)
[100/220    383s] warm_s32_tard_P30_c2: best fixed ATC-TECT 53.179 oracle 51.694 (197.0s)
[101/220    384s] warm_s38_tard_P30_c3: best fixed ATC-TECT 0.000 oracle 0.000 (91.9s)
[102/220    388s] warm_s32_tard_P30_c4: best fixed ATC-TECT 16.209 oracle 15.870 (194.8s)
[103/220    389s] warm_s38_tard_P30_c6: best fixed SPT-SRWT 0.000 oracle 0.000 (94.6s)
[104/220    394s] warm_s39_tard_P30_c6: best fixed SPT-TECT 0.000 oracle 0.000 (57.7s)
[105/220    396s] warm_s32_tard_P30_c1.5: best fixed PTWINQ-TECT 64.936 oracle 64.435 (211.5s)
[106/220    396s] warm_s32_tard_P30_c3: best fixed ATC-ECT 35.223 oracle 35.223 (204.9s)
[107/220    405s] warm_s21_tard_P12_c1.5: best fixed SRT-ECT 42.561 oracle 40.423 (41.4s)
[108/220    406s] warm_s21_tis_P12_c2: best fixed SRT-ECT 153.646 oracle 151.664 (46.3s)
[109/220    408s] warm_s21_tard_P12_c6: best fixed SPT-TECT 0.000 oracle 0.000 (38.0s)
[110/220    409s] warm_s22_tard_P12_c1.5: best fixed SRT-ECT 76.079 oracle 74.948 (36.8s)
[111/220    410s] warm_s22_tard_P12_c6: best fixed SRT-ECT 1.889 oracle 1.889 (35.5s)
[112/220    412s] warm_s21_tard_P12_c2: best fixed SRT-ECT 19.091 oracle 16.098 (45.6s)
[113/220    412s] warm_s22_tard_P12_c2: best fixed SRT-ECT 45.845 oracle 45.108 (39.1s)
[114/220    412s] warm_s24_tard_P12_c1.5: best fixed PTWINQ-ECT 50.625 oracle 46.474 (24.5s)
[115/220    414s] warm_s21_tard_P12_c4: best fixed PTWINQ-TECT 0.326 oracle 0.000 (46.3s)
[116/220    414s] warm_s21_tard_P12_c3: best fixed PTWINQ-TECT 2.836 oracle 0.854 (48.5s)
[117/220    415s] warm_s22_tis_P12_c2: best fixed SRT-ECT 193.191 oracle 191.781 (42.9s)
[118/220    416s] warm_s22_tard_P12_c4: best fixed SRT-ECT 4.529 oracle 4.435 (41.8s)
[119/220    416s] warm_s22_tard_P12_c3: best fixed SRT-ECT 13.969 oracle 13.801 (43.1s)
[120/220    416s] warm_s24_tis_P12_c2: best fixed PTWINQ-ECT 158.339 oracle 154.260 (32.1s)
[121/220    421s] warm_s24_tard_P12_c4: best fixed PTWINQ-ECT 5.273 oracle 2.568 (25.3s)
[122/220    423s] warm_s24_tard_P12_c3: best fixed PTWINQ-ECT 12.003 oracle 10.496 (29.6s)
[123/220    424s] warm_s24_tard_P12_c2: best fixed PTWINQ-ECT 31.967 oracle 28.772 (35.2s)
[124/220    425s] warm_s24_tard_P12_c6: best fixed SRT-TECT 0.688 oracle 0.569 (28.6s)
[125/220    428s] warm_s23_tis_P12_c2: best fixed SRT-ECT 207.733 oracle 206.415 (48.9s)
[126/220    431s] warm_s23_tard_P12_c2: best fixed SRT-ECT 50.215 oracle 49.549 (51.7s)
[127/220    431s] warm_s23_tard_P12_c6: best fixed SRT-SRWT 0.911 oracle 0.911 (47.9s)
[128/220    431s] warm_s23_tard_P12_c4: best fixed SRT-SRWT 8.278 oracle 6.527 (50.6s)
[129/220    432s] warm_s23_tard_P12_c3: best fixed SRT-ECT 19.790 oracle 19.350 (51.3s)
[130/220    432s] warm_s23_tard_P12_c1.5: best fixed SRT-ECT 83.745 oracle 82.538 (52.4s)
[131/220    441s] warm_s25_tis_P12_c2: best fixed SRT-ECT 99.993 oracle 97.134 (35.5s)
[132/220    442s] warm_s25_tard_P12_c1.5: best fixed SRT-ECT 31.710 oracle 29.075 (35.4s)
[133/220    443s] warm_s26_tard_P12_c4: best fixed SRT-TECT 0.809 oracle 0.809 (27.8s)
[134/220    443s] warm_s26_tard_P12_c2: best fixed SRT-TECT 17.982 oracle 17.333 (29.1s)
[135/220    444s] warm_s25_tard_P12_c3: best fixed SRT-TECT 3.169 oracle 3.145 (35.0s)
[136/220    445s] warm_s26_tis_P12_c2: best fixed SRT-ECT 162.933 oracle 162.174 (32.7s)
[137/220    445s] warm_s26_tard_P12_c1.5: best fixed SRT-ECT 39.257 oracle 38.570 (32.6s)
[138/220    446s] warm_s25_tard_P12_c6: best fixed SRT-ECT 0.000 oracle 0.000 (34.8s)
[139/220    450s] warm_s26_tard_P12_c6: best fixed SRT-ECT 0.050 oracle 0.050 (34.5s)
[140/220    450s] warm_s26_tard_P12_c3: best fixed SRT-TECT 2.618 oracle 2.601 (36.0s)
[141/220    452s] warm_s25_tard_P12_c2: best fixed SRT-ECT 17.570 oracle 14.519 (43.5s)
[142/220    454s] warm_s25_tard_P12_c4: best fixed SRT-SRWT 0.000 oracle 0.000 (43.9s)
[143/220    456s] warm_s28_tis_P12_c2: best fixed PTWINQ-TECT 102.330 oracle 100.460 (28.0s)
[144/220    457s] warm_s27_tard_P12_c3: best fixed SRT-ECT 8.775 oracle 8.596 (33.8s)
[145/220    457s] warm_s27_tis_P12_c2: best fixed SRT-ECT 169.830 oracle 168.006 (41.1s)
[146/220    459s] warm_s28_tard_P12_c4: best fixed SPT-ECT 0.139 oracle 0.000 (27.2s)
[147/220    459s] warm_s27_tard_P12_c1.5: best fixed SRT-ECT 75.730 oracle 73.932 (42.8s)
[148/220    459s] warm_s28_tard_P12_c2: best fixed SPT-TECT 8.920 oracle 6.799 (27.8s)
[149/220    459s] warm_s28_tard_P12_c1.5: best fixed PTWINQ-TECT 22.968 oracle 20.920 (27.8s)
[150/220    461s] warm_s28_tard_P12_c6: best fixed SPT-ECT 0.000 oracle 0.000 (29.5s)
[151/220    463s] warm_s28_tard_P12_c3: best fixed SPT-ECT 1.149 oracle 0.416 (31.3s)
[152/220    463s] warm_s27_tard_P12_c6: best fixed SPT-ECT 0.000 oracle 0.000 (38.5s)
[153/220    464s] warm_s27_tard_P12_c2: best fixed SRT-TECT 46.527 oracle 44.820 (42.6s)
[154/220    465s] warm_s27_tard_P12_c4: best fixed SRT-ECT 0.597 oracle 0.433 (40.8s)
[155/220    474s] warm_s30_tis_P12_c2: best fixed SPT-ECT 113.257 oracle 112.554 (29.2s)
[156/220    478s] warm_s31_tis_P12_c2: best fixed PTWINQ-ECT 59.388 oracle 59.235 (22.0s)
[157/220    480s] warm_s30_tard_P12_c1.5: best fixed SPT-ECT 17.134 oracle 16.534 (33.5s)
[158/220    480s] warm_s30_tard_P12_c2: best fixed SPT-ECT 2.886 oracle 2.761 (30.1s)
[159/220    481s] warm_s31_tard_P12_c1.5: best fixed PTWINQ-ECT 7.042 oracle 6.878 (23.6s)
[160/220    482s] warm_s31_tard_P12_c2: best fixed SPT-TECT 2.049 oracle 2.049 (24.1s)
[161/220    482s] warm_s30_tard_P12_c3: best fixed SPT-ECT 0.000 oracle 0.000 (31.7s)
[162/220    483s] warm_s30_tard_P12_c6: best fixed SPT-ECT 0.000 oracle 0.000 (28.9s)
[163/220    483s] warm_s30_tard_P12_c4: best fixed SPT-ECT 0.000 oracle 0.000 (31.1s)
[164/220    484s] warm_s31_tard_P12_c6: best fixed SPT-ECT 0.000 oracle 0.000 (24.3s)
[165/220    484s] warm_s31_tard_P12_c3: best fixed SPT-TECT 0.299 oracle 0.146 (25.0s)
[166/220    484s] warm_s31_tard_P12_c4: best fixed SRT-TECT 0.039 oracle 0.023 (24.6s)
[167/220    501s] warm_s33_tis_P12_c2: best fixed SRT-ECT 70.654 oracle 70.298 (26.6s)
[168/220    503s] warm_s33_tard_P12_c1.5: best fixed SRT-ECT 5.119 oracle 5.103 (25.0s)
[169/220    504s] warm_s29_tis_P12_c2: best fixed SRT-ECT 240.699 oracle 240.663 (63.7s)
[170/220    504s] warm_s29_tard_P12_c2: best fixed SRT-ECT 70.336 oracle 70.301 (61.7s)
[171/220    506s] warm_s33_tard_P12_c2: best fixed SRT-ECT 2.087 oracle 1.771 (26.4s)
[172/220    506s] warm_s29_tard_P12_c3: best fixed SRT-ECT 25.784 oracle 25.680 (63.4s)
[173/220    507s] warm_s29_tard_P12_c4: best fixed SRT-ECT 7.546 oracle 7.223 (63.5s)
[174/220    509s] warm_s33_tard_P12_c4: best fixed SRT-ECT 0.107 oracle 0.107 (27.8s)
[175/220    509s] warm_s33_tard_P12_c3: best fixed SRT-TECT 0.578 oracle 0.434 (29.1s)
[176/220    510s] warm_s29_tard_P12_c6: best fixed SRT-ECT 0.658 oracle 0.658 (65.8s)
[177/220    511s] warm_s33_tard_P12_c6: best fixed SPT-ECT 0.000 oracle 0.000 (29.5s)
[178/220    512s] warm_s34_tard_P12_c1.5: best fixed SRT-TECT 18.897 oracle 18.485 (29.5s)
[179/220    513s] warm_s29_tard_P12_c1.5: best fixed SRT-ECT 111.669 oracle 111.634 (70.7s)
[180/220    513s] warm_s34_tard_P12_c2: best fixed SRT-TECT 8.681 oracle 6.772 (29.9s)
[181/220    514s] warm_s34_tard_P12_c6: best fixed SRT-ECT 0.000 oracle 0.000 (29.8s)
[182/220    514s] warm_s34_tard_P12_c4: best fixed SRT-ECT 0.437 oracle 0.053 (30.1s)
[183/220    514s] warm_s34_tis_P12_c2: best fixed SRT-TECT 128.251 oracle 126.801 (32.0s)
[184/220    516s] warm_s34_tard_P12_c3: best fixed SRT-TECT 1.684 oracle 0.522 (32.0s)
[185/220    525s] warm_s35_tis_P12_c2: best fixed SRT-ECT 112.534 oracle 110.929 (23.8s)
[186/220    526s] warm_s35_tard_P12_c3: best fixed PTWINQ-SRWT 1.432 oracle 0.215 (21.3s)
[187/220    526s] warm_s35_tard_P12_c2: best fixed PTWINQ-ECT 9.560 oracle 8.102 (21.8s)
[188/220    526s] warm_s35_tard_P12_c4: best fixed FIFO-SRWT 0.161 oracle 0.000 (19.8s)
[189/220    527s] warm_s35_tard_P12_c1.5: best fixed SRT-ECT 20.877 oracle 18.577 (24.0s)
[190/220    529s] warm_s35_tard_P12_c6: best fixed SPT-ECT 0.000 oracle 0.000 (23.0s)
[191/220    535s] warm_s32_tard_P12_c2: best fixed SPT-TECT 54.670 oracle 53.453 (71.8s)
[192/220    536s] warm_s32_tis_P12_c2: best fixed PTWINQ-ECT 100.010 oracle 99.500 (76.4s)
[193/220    539s] warm_s36_tis_P12_c2: best fixed SRT-TECT 60.115 oracle 58.818 (31.2s)
[194/220    540s] warm_s36_tard_P12_c1.5: best fixed SRT-ECT 20.547 oracle 19.342 (31.3s)
[195/220    541s] warm_s36_tard_P12_c2: best fixed SPT-SRWT 13.260 oracle 13.181 (31.9s)
[196/220    542s] warm_s37_tis_P12_c2: best fixed SRT-TECT 99.842 oracle 99.842 (29.7s)
[197/220    542s] warm_s36_tard_P12_c3: best fixed SRT-TECT 4.549 oracle 3.971 (32.1s)
[198/220    543s] warm_s36_tard_P12_c4: best fixed SRT-ECT 0.755 oracle 0.755 (31.9s)
[199/220    543s] warm_s36_tard_P12_c6: best fixed SRT-ECT 0.434 oracle 0.434 (31.0s)
[200/220    544s] warm_s37_tard_P12_c1.5: best fixed SRT-TECT 12.371 oracle 12.371 (31.0s)
[201/220    545s] warm_s32_tard_P12_c1.5: best fixed PTWINQ-TECT 64.936 oracle 64.435 (83.7s)
[202/220    545s] warm_s32_tard_P12_c3: best fixed SRT-TECT 36.920 oracle 34.800 (81.8s)
[203/220    546s] warm_s32_tard_P12_c4: best fixed SRT-TECT 20.934 oracle 20.338 (82.6s)
[204/220    547s] warm_s37_tard_P12_c4: best fixed SPT-SRWT 0.060 oracle 0.060 (32.8s)
[205/220    548s] warm_s37_tard_P12_c6: best fixed SPT-ECT 0.000 oracle 0.000 (32.6s)
[206/220    549s] warm_s37_tard_P12_c2: best fixed SRT-TECT 4.664 oracle 4.664 (35.3s)
[207/220    550s] warm_s32_tard_P12_c6: best fixed SRT-TECT 5.179 oracle 5.179 (85.6s)
[208/220    550s] warm_s37_tard_P12_c3: best fixed SPT-ECT 0.380 oracle 0.380 (36.5s)
[209/220    552s] warm_s38_tis_P12_c2: best fixed SRT-TECT 81.819 oracle 81.749 (27.6s)
[210/220    555s] warm_s38_tard_P12_c3: best fixed FIFO-SRWT 0.416 oracle 0.091 (28.9s)
[211/220    556s] warm_s38_tard_P12_c4: best fixed SRT-ECT 0.000 oracle 0.000 (29.2s)
[212/220    556s] warm_s38_tard_P12_c1.5: best fixed SRT-TECT 15.688 oracle 14.971 (30.4s)
[213/220    556s] warm_s39_tis_P12_c2: best fixed SRT-TECT 101.291 oracle 101.272 (21.5s)
[214/220    556s] warm_s39_tard_P12_c1.5: best fixed SRT-TECT 18.312 oracle 18.312 (20.4s)
[215/220    557s] warm_s38_tard_P12_c2: best fixed SRT-SRWT 7.757 oracle 5.646 (30.8s)
[216/220    557s] warm_s38_tard_P12_c6: best fixed SPT-SRWT 0.000 oracle 0.000 (28.0s)
[217/220    557s] warm_s39_tard_P12_c3: best fixed SRT-ECT 0.828 oracle 0.828 (17.5s)
[218/220    559s] warm_s39_tard_P12_c2: best fixed SRT-TECT 8.223 oracle 7.619 (20.3s)
[219/220    559s] warm_s39_tard_P12_c6: best fixed SPT-TECT 0.000 oracle 0.000 (16.9s)
[220/220    559s] warm_s39_tard_P12_c4: best fixed SRT-ECT 0.000 oracle 0.000 (18.1s)
