code 1d5d59fd5c2c at 3d22f9c7
[1/80     11s] warm_s6_tard_H15_c2: best fixed MDD-TECT 2.234 oracle 2.232 (11.4s)
[2/80     15s] warm_s6_tard_H15_c1.5: best fixed ATC-ECT 7.625 oracle 7.476 (15.2s)
[3/80     29s] warm_s4_tard_H15_c2: best fixed SRT-ECT 2.516 oracle 2.516 (29.4s)
[4/80     30s] warm_s9_tard_H15_c1.5: best fixed ATC-ECT 13.925 oracle 12.500 (30.1s)
[5/80     31s] warm_s9_tard_H15_c2: best fixed ATC-TECT 2.633 oracle 2.342 (31.2s)
[6/80     35s] warm_s0_tard_H15_c2: best fixed SRT-TECT 17.712 oracle 17.426 (34.5s)
[7/80     36s] warm_s5_tard_H15_c1.5: best fixed MDD-ECT 35.390 oracle 35.107 (36.2s)
[8/80     37s] warm_s4_tard_H15_c1.5: best fixed MDD-TECT 3.912 oracle 3.839 (36.5s)
[9/80     37s] warm_s8_tard_H15_c2: best fixed MDD-TECT 30.019 oracle 28.968 (36.9s)
[10/80     41s] warm_s11_tard_H15_c2: best fixed MDD-TECT 41.575 oracle 40.417 (40.6s)
[11/80     41s] warm_s5_tard_H15_c2: best fixed ATC-TECT 16.798 oracle 16.620 (41.0s)
[12/80     42s] warm_s0_tard_H15_c1.5: best fixed SRT-TECT 30.856 oracle 30.825 (41.9s)
[13/80     43s] warm_s11_tard_H15_c1.5: best fixed SRT-ECT 66.945 oracle 66.945 (42.8s)
[14/80     45s] warm_s2_tard_H15_c2: best fixed ATC-ECT 26.361 oracle 25.788 (44.5s)
[15/80     45s] warm_s8_tard_H15_c1.5: best fixed SRT-TECT 56.441 oracle 55.920 (44.7s)
[16/80     45s] warm_s10_tard_H15_c1.5: best fixed ATC-ECT 33.011 oracle 32.862 (44.9s)
[17/80     51s] warm_s10_tard_H15_c2: best fixed ATC-TECT 12.783 oracle 11.282 (50.7s)
[18/80     53s] warm_s2_tard_H15_c1.5: best fixed SRT-ECT 52.601 oracle 51.525 (52.9s)
[19/80     67s] warm_s3_tard_H15_c1.5: best fixed MDD-ECT 75.816 oracle 75.249 (66.5s)
[20/80     70s] warm_s19_tard_H15_c1.5: best fixed ATC-TECT 10.466 oracle 9.776 (24.6s)
[21/80     71s] warm_s3_tard_H15_c2: best fixed MDD-TECT 45.074 oracle 45.051 (70.9s)
[22/80     71s] warm_s19_tard_H15_c2: best fixed ATC-TECT 3.982 oracle 3.894 (26.4s)
[23/80     73s] warm_s14_tard_H15_c1.5: best fixed SRT-ECT 26.534 oracle 26.510 (38.6s)
[24/80     74s] warm_s15_tard_H15_c1.5: best fixed MDD-TECT 44.463 oracle 44.463 (37.4s)
[25/80     74s] warm_s1_tard_H15_c2: best fixed ATC-TECT 6.631 oracle 6.631 (74.0s)
[26/80     75s] warm_s14_tard_H15_c2: best fixed ATC-ECT 12.351 oracle 12.351 (44.0s)
[27/80     78s] warm_s15_tard_H15_c2: best fixed MDD-ECT 20.227 oracle 20.119 (42.0s)
[28/80     80s] warm_s0_tard_H10_c1.5: best fixed SRT-TECT 30.856 oracle 30.856 (27.1s)
[29/80     84s] warm_s16_tard_H15_c1.5: best fixed SRT-ECT 19.486 oracle 19.440 (42.9s)
[30/80     84s] warm_s0_tard_H10_c2: best fixed SRT-TECT 17.712 oracle 17.510 (33.5s)
[31/80     87s] warm_s16_tard_H15_c2: best fixed MDD-ECT 16.651 oracle 15.898 (49.9s)
[32/80     87s] warm_s12_tard_H15_c2: best fixed MDD-ECT 71.406 oracle 70.853 (75.6s)
[33/80     88s] warm_s1_tard_H15_c1.5: best fixed MDD-ECT 23.156 oracle 22.207 (87.8s)
[34/80     90s] warm_s17_tard_H15_c1.5: best fixed MDD-TECT 75.531 oracle 75.517 (48.2s)
[35/80     92s] warm_s18_tard_H15_c2: best fixed MDD-ECT 48.752 oracle 48.430 (48.6s)
[36/80     92s] warm_s17_tard_H15_c2: best fixed MDD-TECT 43.637 oracle 43.083 (50.9s)
[37/80     93s] warm_s6_tard_H10_c1.5: best fixed ATC-ECT 7.625 oracle 7.582 (8.7s)
[38/80     93s] warm_s6_tard_H10_c2: best fixed MDD-TECT 2.234 oracle 2.234 (9.7s)
[39/80     96s] warm_s7_tard_H15_c1.5: best fixed MDD-ECT 143.448 oracle 140.857 (95.9s)
[40/80     97s] warm_s4_tard_H10_c2: best fixed SRT-ECT 2.516 oracle 2.516 (23.3s)
[41/80     97s] warm_s2_tard_H10_c1.5: best fixed SRT-ECT 52.601 oracle 51.525 (26.3s)
[42/80     98s] warm_s12_tard_H15_c1.5: best fixed MDD-ECT 104.241 oracle 102.612 (82.2s)
[43/80     98s] warm_s7_tard_H15_c2: best fixed MDD-ECT 122.822 oracle 122.822 (98.0s)
[44/80    100s] warm_s5_tard_H10_c2: best fixed ATC-TECT 16.798 oracle 16.730 (21.4s)
[45/80    100s] warm_s18_tard_H15_c1.5: best fixed MDD-ECT 81.722 oracle 81.540 (55.3s)
[46/80    102s] warm_s4_tard_H10_c1.5: best fixed MDD-TECT 3.912 oracle 3.912 (26.3s)
[47/80    106s] warm_s5_tard_H10_c1.5: best fixed MDD-ECT 35.390 oracle 35.113 (25.6s)
[48/80    107s] warm_s9_tard_H10_c1.5: best fixed ATC-ECT 13.925 oracle 12.880 (14.8s)
[49/80    107s] warm_s2_tard_H10_c2: best fixed ATC-ECT 26.361 oracle 26.221 (36.4s)
[50/80    109s] warm_s3_tard_H10_c1.5: best fixed MDD-ECT 75.816 oracle 75.249 (34.6s)
[51/80    113s] warm_s13_tard_H15_c2: best fixed MDD-TECT 48.200 oracle 47.490 (83.7s)
[52/80    113s] warm_s13_tard_H15_c1.5: best fixed MDD-TECT 75.663 oracle 73.254 (83.2s)
[53/80    114s] warm_s3_tard_H10_c2: best fixed MDD-TECT 45.074 oracle 45.051 (40.5s)
[54/80    114s] warm_s8_tard_H10_c1.5: best fixed SRT-TECT 56.441 oracle 55.974 (23.6s)
[55/80    114s] warm_s9_tard_H10_c2: best fixed ATC-TECT 2.633 oracle 2.342 (22.7s)
[56/80    118s] warm_s8_tard_H10_c2: best fixed MDD-TECT 30.019 oracle 28.968 (30.1s)
[57/80    124s] warm_s11_tard_H10_c1.5: best fixed SRT-ECT 66.945 oracle 66.945 (26.2s)
[58/80    124s] warm_s10_tard_H10_c2: best fixed ATC-TECT 12.783 oracle 11.293 (31.0s)
[59/80    125s] warm_s10_tard_H10_c1.5: best fixed ATC-ECT 33.011 oracle 32.862 (31.4s)
[60/80    126s] warm_s1_tard_H10_c2: best fixed ATC-TECT 6.631 oracle 6.631 (59.0s)
[61/80    126s] warm_s14_tard_H10_c2: best fixed ATC-ECT 12.351 oracle 12.351 (25.8s)
[62/80    126s] warm_s1_tard_H10_c1.5: best fixed MDD-ECT 23.156 oracle 22.207 (56.7s)
[63/80    127s] warm_s11_tard_H10_c2: best fixed MDD-TECT 41.575 oracle 40.417 (31.0s)
[64/80    127s] warm_s15_tard_H10_c1.5: best fixed MDD-TECT 44.463 oracle 44.463 (20.4s)
[65/80    128s] warm_s14_tard_H10_c1.5: best fixed SRT-ECT 26.534 oracle 26.510 (26.0s)
[66/80    131s] warm_s19_tard_H10_c2: best fixed ATC-TECT 3.982 oracle 3.971 (16.3s)
[67/80    133s] warm_s19_tard_H10_c1.5: best fixed ATC-TECT 10.466 oracle 10.111 (14.8s)
[68/80    133s] warm_s15_tard_H10_c2: best fixed MDD-ECT 20.227 oracle 20.227 (27.2s)
[69/80    136s] warm_s16_tard_H10_c2: best fixed MDD-ECT 16.651 oracle 16.617 (28.4s)
[70/80    137s] warm_s16_tard_H10_c1.5: best fixed SRT-ECT 19.486 oracle 19.440 (28.4s)
[71/80    139s] warm_s18_tard_H10_c1.5: best fixed MDD-ECT 81.722 oracle 81.540 (25.1s)
[72/80    140s] warm_s12_tard_H10_c2: best fixed MDD-ECT 71.406 oracle 70.853 (42.7s)
[73/80    140s] warm_s7_tard_H10_c1.5: best fixed MDD-ECT 143.448 oracle 140.857 (53.3s)
[74/80    141s] warm_s17_tard_H10_c2: best fixed MDD-TECT 43.637 oracle 43.083 (27.7s)
[75/80    141s] warm_s17_tard_H10_c1.5: best fixed MDD-TECT 75.531 oracle 75.531 (28.0s)
[76/80    142s] warm_s18_tard_H10_c2: best fixed MDD-ECT 48.752 oracle 48.430 (28.1s)
[77/80    142s] warm_s12_tard_H10_c1.5: best fixed MDD-ECT 104.241 oracle 102.612 (44.2s)
[78/80    144s] warm_s7_tard_H10_c2: best fixed MDD-ECT 122.822 oracle 122.822 (56.8s)
[79/80    145s] warm_s13_tard_H10_c2: best fixed MDD-TECT 48.200 oracle 47.490 (46.9s)
[80/80    146s] warm_s13_tard_H10_c1.5: best fixed MDD-TECT 75.663 oracle 73.383 (46.4s)
