code 1d5d59fd5c2c at 3d22f9c7
[1/80     21s] warm_s20_tard_H15_c2: best fixed MDD-ECT 1.216 oracle 0.729 (20.6s)
[2/80     22s] warm_s20_tard_H15_c1.5: best fixed MDD-ECT 8.554 oracle 7.939 (21.9s)
[3/80     27s] warm_s31_tard_H15_c1.5: best fixed EDD-TECT 6.421 oracle 6.007 (26.9s)
[4/80     33s] warm_s31_tard_H15_c2: best fixed MDD-TECT 1.789 oracle 1.655 (32.4s)
[5/80     36s] warm_s24_tard_H15_c2: best fixed ATC-TECT 30.974 oracle 28.429 (35.7s)
[6/80     36s] warm_s28_tard_H15_c2: best fixed ATC-ECT 6.671 oracle 6.068 (36.1s)
[7/80     36s] warm_s28_tard_H15_c1.5: best fixed ATC-TECT 21.882 oracle 19.872 (36.2s)
[8/80     39s] warm_s30_tard_H15_c1.5: best fixed SPT-ECT 17.134 oracle 16.492 (38.5s)
[9/80     39s] warm_s26_tard_H15_c1.5: best fixed SRT-ECT 39.257 oracle 38.570 (39.1s)
[10/80     40s] warm_s24_tard_H15_c1.5: best fixed MDD-ECT 45.956 oracle 45.745 (39.9s)
[11/80     42s] warm_s26_tard_H15_c2: best fixed MDD-TECT 15.992 oracle 15.087 (41.6s)
[12/80     42s] warm_s30_tard_H15_c2: best fixed SPT-ECT 2.886 oracle 1.996 (42.0s)
[13/80     43s] warm_s25_tard_H15_c2: best fixed MDD-TECT 16.030 oracle 14.810 (42.8s)
[14/80     48s] warm_s23_tard_H15_c1.5: best fixed MDD-TECT 79.250 oracle 78.656 (47.6s)
[15/80     50s] warm_s27_tard_H15_c2: best fixed MDD-TECT 44.068 oracle 41.719 (49.5s)
[16/80     51s] warm_s25_tard_H15_c1.5: best fixed MDD-TECT 30.373 oracle 28.525 (51.2s)
[17/80     51s] warm_s22_tard_H15_c2: best fixed SRT-ECT 45.845 oracle 43.551 (51.2s)
[18/80     53s] warm_s27_tard_H15_c1.5: best fixed MDD-ECT 72.042 oracle 71.963 (52.7s)
[19/80     53s] warm_s22_tard_H15_c1.5: best fixed SRT-ECT 76.079 oracle 74.948 (53.3s)
[20/80     56s] warm_s21_tard_H15_c2: best fixed ATC-TECT 14.790 oracle 12.814 (56.1s)
[21/80     58s] warm_s21_tard_H15_c1.5: best fixed MDD-ECT 40.402 oracle 38.817 (58.3s)
[22/80     61s] warm_s33_tard_H15_c1.5: best fixed SRT-ECT 5.119 oracle 5.103 (28.5s)
[23/80     62s] warm_s35_tard_H15_c2: best fixed MDD-TECT 8.172 oracle 7.311 (26.0s)
[24/80     63s] warm_s33_tard_H15_c2: best fixed MDD-ECT 2.014 oracle 1.629 (36.0s)
[25/80     63s] warm_s23_tard_H15_c2: best fixed SRT-ECT 50.215 oracle 48.006 (63.3s)
[26/80     64s] warm_s35_tard_H15_c1.5: best fixed MDD-ECT 20.753 oracle 19.653 (25.1s)
[27/80     65s] warm_s20_tard_H10_c2: best fixed MDD-ECT 1.216 oracle 1.216 (14.0s)
[28/80     68s] warm_s20_tard_H10_c1.5: best fixed MDD-ECT 8.554 oracle 8.554 (14.8s)
[29/80     69s] warm_s34_tard_H15_c2: best fixed MDD-TECT 7.108 oracle 6.359 (33.3s)
[30/80     69s] warm_s34_tard_H15_c1.5: best fixed MDD-ECT 18.707 oracle 17.185 (33.3s)
[31/80     70s] warm_s36_tard_H15_c1.5: best fixed MDD-TECT 20.117 oracle 19.672 (30.1s)
[32/80     77s] warm_s29_tard_H15_c1.5: best fixed MDD-ECT 110.897 oracle 109.876 (77.3s)
[33/80     78s] warm_s36_tard_H15_c2: best fixed ATC-ECT 12.349 oracle 12.349 (38.4s)
[34/80     78s] warm_s39_tard_H15_c2: best fixed MDD-TECT 6.964 oracle 6.579 (28.9s)
[35/80     79s] warm_s37_tard_H15_c1.5: best fixed MDD-TECT 11.724 oracle 10.989 (37.5s)
[36/80     80s] warm_s29_tard_H15_c2: best fixed SRT-ECT 70.336 oracle 70.165 (80.4s)
[37/80     86s] warm_s37_tard_H15_c2: best fixed ATC-ECT 3.157 oracle 3.157 (44.0s)
[38/80     86s] warm_s39_tard_H15_c1.5: best fixed SRT-TECT 18.312 oracle 18.312 (35.0s)
[39/80     90s] warm_s24_tard_H10_c1.5: best fixed MDD-ECT 45.956 oracle 45.942 (26.6s)
[40/80     91s] warm_s22_tard_H10_c1.5: best fixed SRT-ECT 76.079 oracle 76.079 (29.7s)
[41/80     91s] warm_s38_tard_H15_c2: best fixed MDD-TECT 6.050 oracle 6.031 (48.0s)
[42/80     92s] warm_s25_tard_H10_c2: best fixed MDD-TECT 16.030 oracle 13.705 (26.3s)
[43/80     92s] warm_s22_tard_H10_c2: best fixed SRT-ECT 45.845 oracle 43.573 (34.0s)
[44/80     92s] warm_s26_tard_H10_c2: best fixed MDD-TECT 15.992 oracle 15.087 (23.3s)
[45/80     93s] warm_s24_tard_H10_c2: best fixed ATC-TECT 30.974 oracle 27.556 (29.4s)
[46/80     94s] warm_s21_tard_H10_c2: best fixed ATC-TECT 14.790 oracle 12.861 (40.4s)
[47/80     97s] warm_s38_tard_H15_c1.5: best fixed MDD-TECT 15.269 oracle 14.951 (49.5s)
[48/80     97s] warm_s26_tard_H10_c1.5: best fixed SRT-ECT 39.257 oracle 38.570 (27.8s)
[49/80     98s] warm_s27_tard_H10_c2: best fixed MDD-TECT 44.068 oracle 41.719 (27.4s)
[50/80     98s] warm_s21_tard_H10_c1.5: best fixed MDD-ECT 40.402 oracle 38.817 (41.6s)
[51/80    100s] warm_s23_tard_H10_c2: best fixed SRT-ECT 50.215 oracle 48.006 (37.8s)
[52/80    100s] warm_s25_tard_H10_c1.5: best fixed MDD-TECT 30.373 oracle 28.525 (32.5s)
[53/80    102s] warm_s28_tard_H10_c1.5: best fixed ATC-TECT 21.882 oracle 19.872 (23.1s)
[54/80    104s] warm_s27_tard_H10_c1.5: best fixed MDD-ECT 72.042 oracle 71.963 (26.9s)
[55/80    106s] warm_s28_tard_H10_c2: best fixed ATC-ECT 6.671 oracle 6.068 (28.8s)
[56/80    108s] warm_s31_tard_H10_c2: best fixed MDD-TECT 1.789 oracle 1.715 (17.5s)
[57/80    109s] warm_s23_tard_H10_c1.5: best fixed MDD-TECT 79.250 oracle 78.656 (46.1s)
[58/80    113s] warm_s31_tard_H10_c1.5: best fixed EDD-TECT 6.421 oracle 6.007 (21.9s)
[59/80    114s] warm_s30_tard_H10_c2: best fixed SPT-ECT 2.886 oracle 1.913 (28.1s)
[60/80    115s] warm_s33_tard_H10_c2: best fixed MDD-ECT 2.014 oracle 2.014 (22.1s)
[61/80    115s] warm_s34_tard_H10_c2: best fixed MDD-TECT 7.108 oracle 7.036 (22.4s)
[62/80    115s] warm_s30_tard_H10_c1.5: best fixed SPT-ECT 17.134 oracle 16.492 (29.0s)
[63/80    117s] warm_s33_tard_H10_c1.5: best fixed SRT-ECT 5.119 oracle 5.119 (24.7s)
[64/80    118s] warm_s35_tard_H10_c2: best fixed MDD-TECT 8.172 oracle 7.311 (20.6s)
[65/80    118s] warm_s35_tard_H10_c1.5: best fixed MDD-ECT 20.753 oracle 19.701 (20.8s)
[66/80    118s] warm_s36_tard_H10_c2: best fixed ATC-ECT 12.349 oracle 12.349 (20.8s)
[67/80    120s] warm_s34_tard_H10_c1.5: best fixed MDD-ECT 18.707 oracle 17.877 (26.4s)
[68/80    121s] warm_s36_tard_H10_c1.5: best fixed MDD-TECT 20.117 oracle 19.672 (23.5s)
[69/80    121s] warm_s39_tard_H10_c2: best fixed MDD-TECT 6.964 oracle 6.579 (15.0s)
[70/80    122s] warm_s32_tard_H15_c2: best fixed ATC-TECT 53.179 oracle 51.694 (101.4s)
[71/80    124s] warm_s37_tard_H10_c1.5: best fixed MDD-TECT 11.724 oracle 11.075 (23.6s)
[72/80    124s] warm_s29_tard_H10_c2: best fixed SRT-ECT 70.336 oracle 70.336 (44.5s)
[73/80    124s] warm_s39_tard_H10_c1.5: best fixed SRT-TECT 18.312 oracle 18.312 (16.5s)
[74/80    126s] warm_s38_tard_H10_c1.5: best fixed MDD-TECT 15.269 oracle 14.951 (21.4s)
[75/80    126s] warm_s32_tard_H15_c1.5: best fixed ATC-TECT 65.185 oracle 63.647 (103.8s)
[76/80    126s] warm_s29_tard_H10_c1.5: best fixed MDD-ECT 110.897 oracle 110.104 (45.3s)
[77/80    127s] warm_s38_tard_H10_c2: best fixed MDD-TECT 6.050 oracle 6.050 (25.3s)
[78/80    127s] warm_s37_tard_H10_c2: best fixed ATC-ECT 3.157 oracle 3.157 (26.9s)
[79/80    139s] warm_s32_tard_H10_c2: best fixed ATC-TECT 53.179 oracle 52.098 (47.6s)
[80/80    142s] warm_s32_tard_H10_c1.5: best fixed ATC-TECT 65.185 oracle 63.647 (50.6s)
