[10-02 18:49] start: regimes [base-w agv4 agv3 amax1] x variants [l0 l1 l2 l4] x seeds [0 1 2 3 4], 14 workers
[10-02 18:52] ok   agv3 l2 s0
[10-02 18:52] ok   agv4 l1 s0
[10-02 18:52] ok   agv4 l4 s0
[10-02 18:52] ok   amax1 l4 s0
[10-02 18:52] ok   base-w l4 s0
[10-02 18:52] ok   agv4 l2 s0
[10-02 18:52] ok   agv3 l1 s0
[10-02 18:52] ok   base-w l2 s0
[10-02 18:53] ok   amax1 l2 s0
[10-02 18:53] ok   base-w l1 s0
[10-02 18:53] ok   amax1 l1 s0
[10-02 18:55] ok   agv4 l0 s0
[10-02 18:55] ok   base-w l0 s0
[10-02 18:55] ok   amax1 l0 s0
[10-02 18:58] ok   agv4 l2 s1
[10-02 18:58] ok   agv4 l4 s1
[10-02 18:58] ok   agv3 l2 s1
[10-02 18:58] ok   agv3 l1 s1
[10-02 18:58] ok   agv4 l1 s1
[10-02 18:58] ok   base-w l1 s1
[10-02 18:58] ok   base-w l2 s1
[10-02 18:58] ok   base-w l4 s1
[10-02 19:00] ok   agv3 l4 s1
[10-02 19:01] ok   agv4 l0 s1
[10-02 19:01] ok   agv3 l0 s1
[10-02 19:01] ok   amax1 l1 s1
[10-02 19:02] ok   base-w l0 s1
[10-02 19:04] ok   base-w l1 s2
[10-02 19:04] ok   base-w l2 s2
[10-02 19:04] ok   base-w l4 s2
[10-02 19:04] ok   agv4 l1 s2
[10-02 19:04] ok   amax1 l4 s1
[10-02 19:04] ok   amax1 l2 s1
[10-02 19:05] ok   amax1 l0 s1
[10-02 19:05] ok   agv4 l2 s2
[10-02 19:06] ok   agv3 l1 s2
[10-02 19:06] ok   agv4 l4 s2
[10-02 19:07] ok   agv4 l0 s2
[10-02 19:07] ok   agv3 l2 s2
[10-02 19:07] ok   base-w l0 s2
[10-02 19:09] ok   agv3 l4 s2
[10-02 19:09] ok   base-w l2 s3
[10-02 19:09] ok   base-w l1 s3
[10-02 19:09] ok   amax1 l1 s2
[10-02 19:09] ok   amax1 l2 s2
[10-02 19:09] ok   agv3 l0 s2
[10-02 19:10] ok   amax1 l4 s2
[10-02 19:10] ok   base-w l4 s3
[10-02 19:10] ok   agv4 l1 s3
[10-02 19:11] ok   agv4 l2 s3
[10-02 19:11] ok   base-w l0 s3
[10-02 19:11] ok   agv4 l4 s3
[10-02 19:13] ok   agv3 l2 s3
[10-02 19:13] ok   agv3 l1 s3
[10-02 19:13] ok   amax1 l0 s2
[10-02 19:13] ok   agv4 l0 s3
[10-02 19:13] ok   agv3 l4 s3
[10-02 19:13] ok   amax1 l1 s3
[10-02 19:13] ok   amax1 l2 s3
[10-02 19:14] ok   base-w l1 s4
[10-02 19:14] ok   base-w l2 s4
[10-02 19:14] ok   base-w l4 s4
[10-02 19:14] ok   amax1 l4 s3
[10-02 19:15] ok   agv3 l0 s3
[10-02 19:16] ok   agv4 l2 s4
[10-02 19:16] ok   agv4 l1 s4
[10-02 19:16] ok   base-w l0 s4
[10-02 19:16] ok   agv4 l4 s4
[10-02 19:16] ok   amax1 l0 s3
[10-02 19:16] ok   agv3 l1 s4
[10-02 19:16] ok   agv3 l2 s4
[10-02 19:16] ok   agv3 l4 s4
[10-02 19:17] ok   amax1 l1 s4
[10-02 19:17] ok   amax1 l2 s4
[10-02 19:17] ok   agv4 l0 s4
[10-02 19:17] ok   agv3 l0 s4
[10-02 19:17] ok   amax1 l4 s4
[10-02 19:17] ok   amax1 l0 s4
[10-02 19:17] done: 81 jobs
Oracle stage-1 check: 16 episodes compared, 0 differ
regime    rule  seeds  time_in_system  vs_plain_tect_pct  gap_to_best_pct  seeds_won  jobs_exited
base-w     ECT      5          143.87              -0.24             0.70          2        108.0
base-w TECT λ0      5          143.93               0.00             0.95          1        108.2
base-w TECT λ1      5          144.18               0.18             1.12          1        108.4
base-w TECT λ2      5          144.52               0.40             1.34          0        108.4
base-w TECT λ4      5          144.11               0.30             1.24          1        108.2
  agv4     ECT      5          146.08              -0.23             1.28          2        107.8
  agv4 TECT λ0      5          146.27               0.00             1.51          1        107.4
  agv4 TECT λ1      5          145.18              -0.59             0.90          1        108.8
  agv4 TECT λ2      5          144.26              -0.96             0.51          2        109.0
  agv4 TECT λ4      5          145.24              -0.34             1.14          0        108.2
  agv3     ECT      5          144.58               0.06             0.88          2        109.0
  agv3 TECT λ0      5          144.64               0.00             0.83          2        109.6
  agv3 TECT λ1      5          144.15              -0.36             0.45          2        109.6
  agv3 TECT λ2      5          144.84               0.15             0.97          0        108.4
  agv3 TECT λ4      5          146.17               1.19             2.02          0        107.6
 amax1     ECT      5          148.24              -0.29             1.50          1        107.4
 amax1 TECT λ0      5          148.58               0.00             1.80          0        107.6
 amax1 TECT λ1      5          146.95              -0.82             0.96          2        107.8
 amax1 TECT λ2      5          145.91              -1.38             0.38          1        109.6
 amax1 TECT λ4      5          149.33               0.37             2.17          1        107.2

Best rule on average per regime (smallest mean gap to the per-seed best):
  base-w: ECT (gap 0.70%, won 2/5)
  agv4: TECT λ2 (gap 0.51%, won 2/5)
  agv3: TECT λ1 (gap 0.45%, won 2/5)
  amax1: TECT λ2 (gap 0.38%, won 1/5)

Per seed, time in system relative to plain TECT (%):
rule          ECT  TECT λ0  TECT λ1  TECT λ2  TECT λ4
regime seed                                          
agv3   0    -0.50      0.0    -1.72    -0.67     0.49
       1     0.11      0.0    -2.29    -1.06     1.27
       2     0.00      0.0     0.97     0.82     0.78
       3    -0.04      0.0     0.71     0.81     1.23
       4     0.71      0.0     0.51     0.84     2.16
agv4   0    -0.01      0.0    -0.86    -0.76    -0.35
       1    -0.37      0.0    -0.99    -3.80    -2.80
       2     0.00      0.0     0.02     0.92     1.52
       3    -0.01      0.0    -1.20    -1.95    -1.28
       4    -0.75      0.0     0.06     0.77     1.20
amax1  0    -1.78      0.0     0.72    -0.93    -0.23
       1    -0.07      0.0    -1.61    -3.71     0.04
       2     0.00      0.0    -1.17    -0.75     1.10
       3     0.37      0.0    -1.94    -1.85     1.11
       4     0.02      0.0    -0.10     0.32    -0.17
base-w 0    -1.78      0.0     0.72    -0.93    -0.23
       1    -0.20      0.0     0.12     2.10    -1.38
       2     0.00      0.0    -1.17    -0.75     1.10
       3     1.11      0.0     0.82     0.76     0.42
       4    -0.33      0.0     0.38     0.81     1.59
